polygon 1 2 2 3 --depth=10 --follow_depth=50 --show_cyls --show_moduli --cyls_only --quiet 
max loc = 3
alpha =  3 beta = 1 gamma = 2 delta =2
a =  2.35619 b = 0.785398 c= 1.5708 d=1.5708
a1_min = 0.785398 a1_max = 2.35619
a1 = 1.85619
angle a check: 0
angle b check: 0
angle c check: 3.14159
angle d check: 2.22045e-16
p = 1 q = 1.4749 p-q = 2.00146
p = (1,0) q = (-0.415244,1.41524) r = (-0.915244,0.915244)
Imaginary of t_cx = -2.22045e-16
p_algt = (1 0 0 0)+(0 0 0 0)t1
r_algt = (0 0 0 0)+(0 0 0 1)t1
Checking p_alt (0,0)
Checking q_alt (4.996e-16,4.44089e-16)
Checking r_alt (1.11022e-16,0)
Checking p_algt (0,0)
Checking q_algt (4.996e-16,4.44089e-16)
Checking r_algt (1.11022e-16,0)
Number field: min poly (1 0 0 0 1)
#Field Degree=4 minimal polynomial=(1 0 0 0 1)
#Field generator embedding: (0.707106781186547570.70710678118654746
#Params:1
#t1=1.2943502809015872
# Vertices: V0 V1 V2 V3
# UEdges: 
E0 ( V0 V1 F0 NULL ) (1.000000000000000000000000,0.000000000000000000000000)
E1 ( V1 V2 F0 NULL ) (-1.415243860856224777933221,1.415243860856225222022431)
E2 ( V2 V3 F0 NULL ) (-0.500000000000000111022302,-0.500000000000000111022302)
E3 ( V3 V0 F0 NULL ) (0.915243860856224777933221,-0.915243860856225111000128)
# Faces: 
F0 +E0 +E1 +E2 +E3
#UEdges Algebraic 
#E0: (1 0 0 0)+(0 0 0 0)t1
#E1: (-1/2 0 1/2 0)+(0 0 0 1)t1
#E2: (-1/2 0 -1/2 0)+(0 0 0 0)t1
#E3: (0 0 0 0)+(0 0 0 -1)t1
F0 V0(E0) V1(E1) a=0, can_bisect=0
F0 V0(E0) V2(E2) a=0.5, can_bisect=1
F0 V0(E0) V3(E3) a=0, can_bisect=0
F0 V1(E1) V2(E2) a=0, can_bisect=0
F0 V1(E1) V3(E3) a=0.339608, can_bisect=1
F0 V2(E2) V3(E3) a=0, can_bisect=0
F0 best_angle = 0.5
In RetriangulateSurface
Removing V1
F17 V30(E5) V5(E25) a=0, can_bisect=0
F17 V30(E5) V30(E17) a=1.0708, can_bisect=1
F17 V30(E5) V2(E37) a=0.244636, can_bisect=1
F17 V30(E5) V30(E41) a=1.85619, can_bisect=1
F17 V30(E5) V5(E31) a=0.244636, can_bisect=1
F17 V30(E5) V30(E11) a=1.0708, can_bisect=1
F17 V30(E5) V2(E4) a=0, can_bisect=0
F17 V5(E25) V30(E17) a=0, can_bisect=0
F17 V5(E25) V2(E37) a=1.2854, can_bisect=0
F17 V5(E25) V30(E41) a=0.244636, can_bisect=1
F17 V5(E25) V5(E31) a=0.5, can_bisect=1
F17 V5(E25) V30(E11) a=0.244636, can_bisect=1
F17 V5(E25) V2(E4) a=1.2854, can_bisect=0
F17 V30(E17) V2(E37) a=0, can_bisect=0
F17 V30(E17) V30(E41) a=1.0708, can_bisect=1
F17 V30(E17) V5(E31) a=0.244636, can_bisect=1
F17 V30(E17) V30(E11) a=1.85619, can_bisect=1
F17 V30(E17) V2(E4) a=0.244636, can_bisect=1
F17 V2(E37) V30(E41) a=0, can_bisect=0
F17 V2(E37) V5(E31) a=1.2854, can_bisect=0
F17 V2(E37) V30(E11) a=0.244636, can_bisect=1
F17 V2(E37) V2(E4) a=0.5, can_bisect=1
F17 V30(E41) V5(E31) a=0, can_bisect=0
F17 V30(E41) V30(E11) a=1.0708, can_bisect=1
F17 V30(E41) V2(E4) a=0.244636, can_bisect=1
F17 V5(E31) V30(E11) a=0, can_bisect=0
F17 V5(E31) V2(E4) a=1.2854, can_bisect=0
F17 V30(E11) V2(E4) a=0, can_bisect=0
F17 best_angle = 1.85619
F19 V30(E11) V2(E4) a=0, can_bisect=0
F19 V30(E11) V30(E5) a=0.785398, can_bisect=1
F19 V30(E11) V5(E25) a=0.244636, can_bisect=1
F19 V30(E11) V30(E47) a=0, can_bisect=0
F19 V2(E4) V30(E5) a=0, can_bisect=0
F19 V2(E4) V5(E25) a=1.2854, can_bisect=0
F19 V2(E4) V30(E47) a=0.244636, can_bisect=1
F19 V30(E5) V5(E25) a=0, can_bisect=0
F19 V30(E5) V30(E47) a=0.785398, can_bisect=1
F19 V5(E25) V30(E47) a=0, can_bisect=0
F19 best_angle = 0.785398
F21 V30(E47) V30(E11) a=0, can_bisect=0
F21 V30(E47) V2(E4) a=0.244636, can_bisect=1
F21 V30(E47) V30(E48) a=0, can_bisect=0
F21 V30(E11) V2(E4) a=0, can_bisect=0
F21 V30(E11) V30(E48) a=0.785398, can_bisect=1
F21 V2(E4) V30(E48) a=0, can_bisect=0
F21 best_angle = 0.785398
F18 V30(E17) V2(E37) a=0, can_bisect=0
F18 V30(E17) V30(E41) a=0.785398, can_bisect=1
F18 V30(E17) V5(E31) a=0.244636, can_bisect=1
F18 V30(E17) V30(E47) a=0, can_bisect=0
F18 V2(E37) V30(E41) a=0, can_bisect=0
F18 V2(E37) V5(E31) a=1.2854, can_bisect=0
F18 V2(E37) V30(E47) a=0.244636, can_bisect=1
F18 V30(E41) V5(E31) a=0, can_bisect=0
F18 V30(E41) V30(E47) a=0.785398, can_bisect=1
F18 V5(E31) V30(E47) a=0, can_bisect=0
F18 best_angle = 0.785398
F25 V30(E47) V30(E17) a=0, can_bisect=0
F25 V30(E47) V2(E37) a=0.244636, can_bisect=1
F25 V30(E47) V30(E50) a=0, can_bisect=0
F25 V30(E17) V2(E37) a=0, can_bisect=0
F25 V30(E17) V30(E50) a=0.785398, can_bisect=1
F25 V2(E37) V30(E50) a=0, can_bisect=0
F25 best_angle = 0.785398
Removing V2
F28 V30(E3) V3(E18) a=0, can_bisect=0
F28 V30(E3) V30(E51) a=0, can_bisect=0
F28 V30(E3) V30(E18) a=0.5, can_bisect=1
F28 V30(E3) V3(E3) a=0.741174, can_bisect=1
F28 V30(E3) V30(E49) a=0, can_bisect=0
F28 V3(E18) V30(E51) a=0, can_bisect=0
F28 V3(E18) V30(E18) a=0.741174, can_bisect=1
F28 V3(E18) V3(E3) a=1.5708, can_bisect=1
F28 V3(E18) V30(E49) a=0.741174, can_bisect=1
F28 V30(E51) V30(E18) a=0, can_bisect=0
F28 V30(E51) V3(E3) a=0.741174, can_bisect=1
F28 V30(E51) V30(E49) a=0.5, can_bisect=1
F28 V30(E18) V3(E3) a=0, can_bisect=0
F28 V30(E18) V30(E49) a=0, can_bisect=1
F28 V3(E3) V30(E49) a=0, can_bisect=0
F28 best_angle = 1.5708
F30 V3(E3) V30(E49) a=0, can_bisect=0
F30 V3(E3) V30(E3) a=0.741174, can_bisect=1
F30 V3(E3) V3(E52) a=0, can_bisect=0
F30 V30(E49) V30(E3) a=0, can_bisect=0
F30 V30(E49) V3(E52) a=0.741174, can_bisect=1
F30 V30(E3) V3(E52) a=0, can_bisect=0
F30 best_angle = 0.741174
F29 V3(E18) V30(E51) a=0, can_bisect=0
F29 V3(E18) V30(E18) a=0.741174, can_bisect=1
F29 V3(E18) V3(E52) a=0, can_bisect=0
F29 V30(E51) V30(E18) a=0, can_bisect=0
F29 V30(E51) V3(E52) a=0.741174, can_bisect=1
F29 V30(E18) V3(E52) a=0, can_bisect=0
F29 best_angle = 0.741174
Flipping E52
Removing V3
F37 V30(E51) V30(E55) a=0, can_bisect=0
F37 V30(E51) V30(E49) a=0.5, can_bisect=1
F37 V30(E51) V30(E55) a=0, can_bisect=0
F37 V30(E55) V30(E49) a=0, can_bisect=0
F37 V30(E55) V30(E55) a=0.329623, can_bisect=1
F37 V30(E49) V30(E55) a=0, can_bisect=0
F37 best_angle = 0.5
Removing V5
F40 V30(E30) V9(E9) a=0, can_bisect=0
F40 V30(E30) V30(E48) a=0, can_bisect=1
F40 V30(E30) V30(E9) a=0.5, can_bisect=1
F40 V30(E30) V9(E30) a=0.741174, can_bisect=1
F40 V30(E30) V30(E50) a=0, can_bisect=0
F40 V9(E9) V30(E48) a=0, can_bisect=0
F40 V9(E9) V30(E9) a=0.741174, can_bisect=1
F40 V9(E9) V9(E30) a=1.5708, can_bisect=1
F40 V9(E9) V30(E50) a=0.741174, can_bisect=1
F40 V30(E48) V30(E9) a=0, can_bisect=0
F40 V30(E48) V9(E30) a=0.741174, can_bisect=1
F40 V30(E48) V30(E50) a=0.5, can_bisect=1
F40 V30(E9) V9(E30) a=0, can_bisect=0
F40 V30(E9) V30(E50) a=0, can_bisect=0
F40 V9(E30) V30(E50) a=0, can_bisect=0
F40 best_angle = 1.5708
F42 V9(E30) V30(E50) a=0, can_bisect=0
F42 V9(E30) V30(E30) a=0.741174, can_bisect=1
F42 V9(E30) V9(E57) a=0, can_bisect=0
F42 V30(E50) V30(E30) a=0, can_bisect=0
F42 V30(E50) V9(E57) a=0.741174, can_bisect=1
F42 V30(E30) V9(E57) a=0, can_bisect=0
F42 best_angle = 0.741174
F41 V9(E9) V30(E48) a=0, can_bisect=0
F41 V9(E9) V30(E9) a=0.741174, can_bisect=1
F41 V9(E9) V9(E57) a=0, can_bisect=0
F41 V30(E48) V30(E9) a=0, can_bisect=0
F41 V30(E48) V9(E57) a=0.741174, can_bisect=1
F41 V30(E9) V9(E57) a=0, can_bisect=0
F41 best_angle = 0.741174
Flipping E57
Removing V9
F49 V30(E48) V30(E60) a=0, can_bisect=0
F49 V30(E48) V30(E50) a=0.5, can_bisect=1
F49 V30(E48) V30(E60) a=0, can_bisect=0
F49 V30(E60) V30(E50) a=0, can_bisect=0
F49 V30(E60) V30(E60) a=0.329623, can_bisect=1
F49 V30(E50) V30(E60) a=0, can_bisect=0
F49 best_angle = 0.5
Longest Edge: 2.94981
Looking for shortest saddle...1.41421
Clearing denominators: multiplying by 1
#Field Degree=4 minimal polynomial=(1 0 0 0 1)
#Field generator embedding: (0.707106781186547570.70710678118654746
#Params:1
#t1=1.2943502809015872
# Vertices: V30
# UEdges: 
E47 ( V30 V30 F23 F27 ) (0.000000000000000444089210,2.000000000000000000000000)
E48 ( V30 V30 F23 F50 ) (0.999999999999999666933093,-0.999999999999999888977698)
E49 ( V30 V30 F23 F39 ) (-1.000000000000000000000000,-1.000000000000000000000000)
E50 ( V30 V30 F27 F51 ) (-0.999999999999999666933093,0.999999999999999888977698)
E51 ( V30 V30 F27 F38 ) (1.000000000000000000000000,1.000000000000000000000000)
E55 ( V30 V30 F39 F38 ) (-2.830487721712449555866442,0.830487721712450222000257)
E56 ( V30 V30 F39 F38 ) (1.830487721712449555866442,-1.830487721712450222000257)
E60 ( V30 V30 F51 F50 ) (0.830487721712450222000257,2.830487721712449555866442)
E61 ( V30 V30 F51 F50 ) (-1.830487721712449999955652,-1.830487721712449555866442)
# Faces: 
F23 +E48 +E47 +E49
F27 +E50 -E47 +E51
F38 -E51 -E55 -E56
F39 -E49 +E55 +E56
F50 -E48 -E60 -E61
F51 -E50 +E60 +E61
#UEdges Algebraic 
#E47: (0 0 2 0)+(0 0 0 0)t1
#E48: (1 0 -1 0)+(0 0 0 0)t1
#E49: (-1 0 -1 0)+(0 0 0 0)t1
#E50: (-1 0 1 0)+(0 0 0 0)t1
#E51: (1 0 1 0)+(0 0 0 0)t1
#E55: (-1 0 -1 0)+(0 0 0 2)t1
#E56: (0 0 0 0)+(0 0 0 -2)t1
#E60: (-1 0 1 0)+(0 2 0 0)t1
#E61: (0 0 0 0)+(0 -2 0 0)t1
# File =  perturb = 0 rescale = 1
# vertices: 1
## V30(18) (6 PI) 
# edges: 9
## E47(2) E48(2) E49(2) E50(2) E51(2) E55(2) E56(2) E60(2) E61(2) 
# faces: 6
# genus: 2
# area: 9.32195
sweeping start V30 depth = 30.5319
File =  depth = 30.5319 follow_depth = 152.659 perturb = 0
Final Report:

 part done:100% weird 0 bad_angle 32 unusual 0 close 47657 reject 0
V30: AXBbXa   cylinders |1|
Moduli: |1| Min Area: 0.00250178 Max Area: 0.899561
    total: 1.5708 0.95493 sym = 4
    raw = 1200 short saddle = 4.24539 short cyl = 4.24539 tag #1
V30: AcBbCa   cylinders |1|1.79298|
Moduli: |6.99133|1| Min Area: 1 Max Area: 1
    total: 0.020944 0.0127324 sym = 6
    raw = 24 short saddle = 12.1131 short cyl = 15.2753 tag #3
V30: AcBbCa   cylinders |1|3.79298|
Moduli: |7.20393|1| Min Area: 1 Max Area: 1
    total: 0.0139626 0.00848826 sym = 6
    raw = 16 short saddle = 28.1663 short cyl = 28.1663 tag #4
V30: AaBcCb   cylinders |1|1.26106|
Moduli: |1|3.88504| Min Area: 1 Max Area: 1
    total: 0.010472 0.0063662 sym = 6
    raw = 12 short saddle = 2 short cyl = 7.66098 tag #2
V30: AcBbCa   cylinders |1|2.83049|
Moduli: |5.18117|1| Min Area: 1 Max Area: 1
    total: 0.010472 0.0063662 sym = 6
    raw = 12 short saddle = 1.41421 short cyl = 1.41421 tag #5

total cylinders: 1.68075 1.02177 raw = 321 rejected = 0
