polygon 1 3 2 2 --depth=10 --follow_depth=50 --show_cyls --show_moduli --cyls_only --quiet 
max loc = 1
alpha =  3 beta = 2 gamma = 2 delta =1
a =  2.35619 b = 1.5708 c= 1.5708 d=0.785398
a1_min = 0 a1_max = 1.5708
a1 = 1.0708
angle a check: 0
angle b check: 0
angle c check: 3.14159
angle d check: 1.11022e-16
p = 1 q = 2.08583 p-q = 1.83049
p = (1,0) q = (1,1.83049) r = (-1.83049,1.83049)
Imaginary of t_cx = -4.44089e-16
p_algt = (1 0 0 0)+(0 0 0 0)t1
r_algt = (0 0 0 0)+(0 0 0 1)t1
Checking p_alt (0,0)
Checking q_alt (4.44089e-16,0)
Checking r_alt (4.44089e-16,2.22045e-16)
Checking p_algt (0,0)
Checking q_algt (4.44089e-16,0)
Checking r_algt (4.44089e-16,2.22045e-16)
Number field: min poly (1 0 0 0 1)
#Field Degree=4 minimal polynomial=(1 0 0 0 1)
#Field generator embedding: (0.707106781186547570.70710678118654746
#Params:1
#t1=2.5887005618031762
# Vertices: V0 V1 V2 V3
# UEdges: 
E0 ( V0 V1 F0 NULL ) (1.000000000000000000000000,0.000000000000000000000000)
E1 ( V1 V2 F0 NULL ) (0.000000000000000222044605,1.830487721712451332223281)
E2 ( V2 V3 F0 NULL ) (-2.830487721712450888134072,0.000000000000000222044605)
E3 ( V3 V0 F0 NULL ) (1.830487721712450666089467,-1.830487721712451554267886)
# Faces: 
F0 +E0 +E1 +E2 +E3
#UEdges Algebraic 
#E0: (1 0 0 0)+(0 0 0 0)t1
#E1: (0 0 0 0)+(0 1/2 0 1/2)t1
#E2: (-1 0 0 0)+(0 -1/2 0 1/2)t1
#E3: (0 0 0 0)+(0 0 0 -1)t1
F0 V0(E0) V1(E1) a=0, can_bisect=0
F0 V0(E0) V2(E2) a=0.5, can_bisect=1
F0 V0(E0) V3(E3) a=0, can_bisect=0
F0 V1(E1) V2(E2) a=0, can_bisect=0
F0 V1(E1) V3(E3) a=0.211343, can_bisect=1
F0 V2(E2) V3(E3) a=0, can_bisect=0
F0 best_angle = 0.5
In RetriangulateSurface
Removing V1
F17 V10(E5) V2(E25) a=0, can_bisect=0
F17 V10(E5) V10(E11) a=1.0708, can_bisect=1
F17 V10(E5) V2(E4) a=0, can_bisect=0
F17 V2(E25) V10(E11) a=0, can_bisect=0
F17 V2(E25) V2(E4) a=0.5, can_bisect=1
F17 V10(E11) V2(E4) a=0, can_bisect=0
F17 best_angle = 1.0708
Removing V2
F20 V10(E15) V15(E27) a=0, can_bisect=0
F20 V10(E15) V10(E47) a=0.785398, can_bisect=1
F20 V10(E15) V10(E9) a=1.0708, can_bisect=1
F20 V10(E15) V15(E3) a=0.339608, can_bisect=1
F20 V10(E15) V10(E47) a=0, can_bisect=0
F20 V15(E27) V10(E47) a=0, can_bisect=0
F20 V15(E27) V10(E9) a=0.339608, can_bisect=1
F20 V15(E27) V15(E3) a=0.785398, can_bisect=1
F20 V15(E27) V10(E47) a=0.339608, can_bisect=1
F20 V10(E47) V10(E9) a=0, can_bisect=0
F20 V10(E47) V15(E3) a=0.339608, can_bisect=1
F20 V10(E47) V10(E47) a=1.0708, can_bisect=1
F20 V10(E9) V15(E3) a=0, can_bisect=0
F20 V10(E9) V10(E47) a=0.785398, can_bisect=1
F20 V15(E3) V10(E47) a=0, can_bisect=0
F20 best_angle = 1.0708
F22 V10(E9) V15(E3) a=0, can_bisect=0
F22 V10(E9) V10(E47) a=0.5, can_bisect=1
F22 V10(E9) V10(E48) a=0, can_bisect=0
F22 V15(E3) V10(E47) a=0, can_bisect=0
F22 V15(E3) V10(E48) a=0.339608, can_bisect=1
F22 V10(E47) V10(E48) a=0, can_bisect=0
F22 best_angle = 0.5
F21 V10(E15) V15(E27) a=0, can_bisect=0
F21 V10(E15) V10(E47) a=0.5, can_bisect=1
F21 V10(E15) V10(E48) a=0, can_bisect=0
F21 V15(E27) V10(E47) a=0, can_bisect=0
F21 V15(E27) V10(E48) a=0.339608, can_bisect=1
F21 V10(E47) V10(E48) a=0, can_bisect=0
F21 best_angle = 0.5
Removing V15
F27 V10(E31) V28(E41) a=0, can_bisect=0
F27 V10(E31) V10(E50) a=0.5, can_bisect=1
F27 V10(E31) V10(E37) a=0.785398, can_bisect=1
F27 V10(E31) V28(E17) a=0.37422, can_bisect=1
F27 V10(E31) V10(E49) a=0, can_bisect=0
F27 V28(E41) V10(E50) a=0, can_bisect=0
F27 V28(E41) V10(E37) a=0.37422, can_bisect=1
F27 V28(E41) V28(E17) a=1.0708, can_bisect=1
F27 V28(E41) V10(E49) a=0.37422, can_bisect=1
F27 V10(E50) V10(E37) a=0, can_bisect=0
F27 V10(E50) V28(E17) a=0.37422, can_bisect=1
F27 V10(E50) V10(E49) a=0.785398, can_bisect=1
F27 V10(E37) V28(E17) a=0, can_bisect=0
F27 V10(E37) V10(E49) a=0.5, can_bisect=1
F27 V28(E17) V10(E49) a=0, can_bisect=0
F27 best_angle = 1.0708
F29 V28(E17) V10(E49) a=0, can_bisect=0
F29 V28(E17) V10(E31) a=0.37422, can_bisect=1
F29 V28(E17) V28(E51) a=0, can_bisect=0
F29 V10(E49) V10(E31) a=0, can_bisect=0
F29 V10(E49) V28(E51) a=0.37422, can_bisect=1
F29 V10(E31) V28(E51) a=0, can_bisect=0
F29 best_angle = 0.37422
F28 V28(E41) V10(E50) a=0, can_bisect=0
F28 V28(E41) V10(E37) a=0.37422, can_bisect=1
F28 V28(E41) V28(E51) a=0, can_bisect=0
F28 V10(E50) V10(E37) a=0, can_bisect=0
F28 V10(E50) V28(E51) a=0.37422, can_bisect=1
F28 V10(E37) V28(E51) a=0, can_bisect=0
F28 best_angle = 0.37422
Flipping E51
Removing V21
F36 V28(E31) V10(E41) a=0, can_bisect=0
F36 V28(E31) V28(E37) a=0.5, can_bisect=1
F36 V28(E31) V10(E17) a=0, can_bisect=0
F36 V10(E41) V28(E37) a=0, can_bisect=0
F36 V10(E41) V10(E17) a=1.0708, can_bisect=1
F36 V28(E37) V10(E17) a=0, can_bisect=0
F36 best_angle = 1.0708
Removing V28
F39 V10(E50) V10(E54) a=0, can_bisect=0
F39 V10(E50) V10(E55) a=0.785398, can_bisect=1
F39 V10(E50) V10(E49) a=1.0708, can_bisect=1
F39 V10(E50) V10(E54) a=0.211343, can_bisect=1
F39 V10(E50) V10(E55) a=0, can_bisect=0
F39 V10(E54) V10(E55) a=0, can_bisect=0
F39 V10(E54) V10(E49) a=0.211343, can_bisect=1
F39 V10(E54) V10(E54) a=0.37422, can_bisect=1
F39 V10(E54) V10(E55) a=0, can_bisect=1
F39 V10(E55) V10(E49) a=0, can_bisect=0
F39 V10(E55) V10(E54) a=0, can_bisect=0
F39 V10(E55) V10(E55) a=1.0708, can_bisect=1
F39 V10(E49) V10(E54) a=0, can_bisect=0
F39 V10(E49) V10(E55) a=0.785398, can_bisect=1
F39 V10(E54) V10(E55) a=0, can_bisect=0
F39 best_angle = 1.0708
F41 V10(E55) V10(E50) a=0, can_bisect=0
F41 V10(E55) V10(E54) a=0, can_bisect=1
F41 V10(E55) V10(E56) a=0, can_bisect=0
F41 V10(E50) V10(E54) a=0, can_bisect=0
F41 V10(E50) V10(E56) a=0.5, can_bisect=1
F41 V10(E54) V10(E56) a=0, can_bisect=0
F41 best_angle = 0.5
F40 V10(E55) V10(E49) a=0, can_bisect=0
F40 V10(E55) V10(E54) a=0, can_bisect=0
F40 V10(E55) V10(E56) a=0, can_bisect=0
F40 V10(E49) V10(E54) a=0, can_bisect=0
F40 V10(E49) V10(E56) a=0.5, can_bisect=1
F40 V10(E54) V10(E56) a=0, can_bisect=0
F40 best_angle = 0.5
Longest Edge: 5.1774
Looking for shortest saddle...2
Clearing denominators: multiplying by 1
#Field Degree=4 minimal polynomial=(1 0 0 0 1)
#Field generator embedding: (0.707106781186547570.70710678118654746
#Params:1
#t1=2.5887005618031762
# Vertices: V10
# UEdges: 
E47 ( V10 V10 F24 F26 ) (2.000000000000000000000000,0.000000000000000000000000)
E48 ( V10 V10 F24 F26 ) (-1.999999999999999333866185,3.660975443424902664446563)
E49 ( V10 V10 F24 F44 ) (-0.000000000000000666133815,-3.660975443424902664446563)
E50 ( V10 V10 F26 F42 ) (0.000000000000000666133815,3.660975443424902664446563)
E54 ( V10 V10 F44 F42 ) (-3.660975443424902664446563,-3.660975443424902220357353)
E55 ( V10 V10 F45 F43 ) (0.000000000000000444089210,2.000000000000000000000000)
E56 ( V10 V10 F43 F45 ) (-3.660975443424901776268143,2.000000000000000444089210)
E57 ( V10 V10 F43 F42 ) (3.660975443424901776268143,-0.000000000000000444089210)
E58 ( V10 V10 F45 F44 ) (-3.660975443424901776268143,0.000000000000000444089210)
# Faces: 
F24 +E47 +E48 +E49
F26 -E47 -E48 +E50
F42 -E50 -E54 -E57
F43 +E56 -E55 +E57
F44 -E49 +E54 -E58
F45 -E56 +E55 +E58
#UEdges Algebraic 
#E47: (2 0 0 0)+(0 0 0 0)t1
#E48: (-2 0 0 0)+(0 1 0 1)t1
#E49: (0 0 0 0)+(0 -1 0 -1)t1
#E50: (0 0 0 0)+(0 1 0 1)t1
#E54: (0 0 0 0)+(0 -2 0 0)t1
#E55: (0 0 2 0)+(0 0 0 0)t1
#E56: (0 0 2 0)+(0 -1 0 1)t1
#E57: (0 0 0 0)+(0 1 0 -1)t1
#E58: (0 0 0 0)+(0 -1 0 1)t1
# File =  perturb = 0 rescale = 1
# vertices: 1
## V10(18) (6 PI) 
# edges: 9
## E47(2) E48(2) E49(2) E50(2) E54(2) E55(2) E56(2) E57(2) E58(2) 
# faces: 6
# genus: 2
# area: 28.0466
sweeping start V10 depth = 52.9591
File =  depth = 52.9591 follow_depth = 264.795 perturb = 0
Final Report:

 part done:100% weird 0 bad_angle 12 unusual 0 close 41673 reject 0
V10: AXBbXa   cylinders |1|
Moduli: |1| Min Area: 0.261063 Max Area: 0.771668
    total: 1.63363 0.993127 sym = 4
    raw = 1248 short saddle = 6.74162 short cyl = 6.74162 tag #2
V10: AbBaCc   cylinders |1|1.62217|
Moduli: |6.3253|1| Min Area: 1 Max Area: 1
    total: 0.0349066 0.0212207 sym = 6
    raw = 40 short saddle = 20.8445 short cyl = 33.5028 tag #3
V10: AbBaCc   cylinders |1|1.6467|
Moduli: |1.36757|1| Min Area: 1 Max Area: 1
    total: 0.0113446 0.00689671 sym = 6
    raw = 13 short saddle = 5.1774 short cyl = 8.00583 tag #0
V10: AaBcCb   cylinders |1|1.5463|
Moduli: |1|1.18378| Min Area: 1 Max Area: 1
    total: 0.010472 0.0063662 sym = 6
    raw = 12 short saddle = 2 short cyl = 3.66098 tag #4

total cylinders: 1.75406 1.06634 raw = 335 rejected = 0
