polygon 1 5 1 3 --depth=10 --follow_depth=50 --show_cyls --show_moduli --cyls_only --quiet 
max loc = 1
alpha =  5 beta = 1 gamma = 3 delta =1
a =  3.14159 b = 0.628319 c= 1.88496 d=0.628319
a1_min = 0.628319 a1_max = 2.51327
a1 = 1.91327
angle a check: 0
angle b check: 0
angle c check: 3.14159
angle d check: 2.22045e-16
p = 1 q = 1.04099 p-q = 1.66818
p = (1,0) q = (-0.349586,0.980532) r = (-1.69917,2.17722e-16)
Imaginary of t_cx = -2.17722e-16
p_algt = (1 0 0 0)+(0 0 0 0)t1
r_algt = (0 0 0 0)+(-1 0 0 0)t1
Checking p_alt (0,0)
Checking q_alt (4.44089e-16,0)
Checking r_alt (0,-2.17722e-16)
Checking p_algt (0,0)
Checking q_algt (4.44089e-16,0)
Checking r_algt (0,-2.17722e-16)
Number field: min poly (1 -1 1 -1 1)
#Field Degree=4 minimal polynomial=(1 -1 1 -1 1)
#Field generator embedding: (0.809016994374947450.58778525229247314
#Params:1
#t1=1.6991724496857903
# Vertices: V0 V1 V2 V3
# UEdges: 
E0 ( V0 V1 F0 NULL ) (1.000000000000000000000000,0.000000000000000000000000)
E1 ( V1 V2 F0 NULL ) (-1.349586224842895143538613,0.980531787558568623808242)
E2 ( V2 V3 F0 NULL ) (-1.349586224842895143538613,-0.980531787558568623808242)
E3 ( V3 V0 F0 NULL ) (1.699172449685790287077225,-0.000000000000000000000000)
# Faces: 
F0 +E0 +E1 +E2 +E3
#UEdges Algebraic 
#E0: (1 0 0 0)+(0 0 0 0)t1
#E1: (0 -1 1 0)+(0 -1 1 0)t1
#E2: (-1 1 -1 0)+(-1 1 -1 0)t1
#E3: (0 0 0 0)+(1 0 0 0)t1
F0 V0(E0) V1(E1) a=0, can_bisect=0
F0 V0(E0) V2(E2) a=0.6, can_bisect=1
F0 V0(E0) V3(E3) a=0, can_bisect=0
F0 V1(E1) V2(E2) a=0, can_bisect=0
F0 V1(E1) V3(E3) a=0, can_bisect=1
F0 V2(E2) V3(E3) a=0, can_bisect=0
F0 best_angle = 0.6
In RetriangulateSurface
Removing V0
F21 V15(E10) V2(E6) a=0, can_bisect=0
F21 V15(E10) V1(E1) a=0.628319, can_bisect=1
F21 V15(E10) V2(E2) a=0, can_bisect=0
F21 V2(E6) V1(E1) a=0, can_bisect=0
F21 V2(E6) V2(E2) a=0.942478, can_bisect=1
F21 V1(E1) V2(E2) a=0, can_bisect=0
F21 best_angle = 0.942478
Removing V1
F24 V2(E25) V17(E17) a=0, can_bisect=0
F24 V2(E25) V2(E43) a=1.54248, can_bisect=0
F24 V2(E25) V40(E47) a=0.151657, can_bisect=1
F24 V2(E25) V2(E37) a=0.285841, can_bisect=1
F24 V2(E25) V36(E53) a=0.6, can_bisect=1
F24 V2(E25) V2(E31) a=0.285841, can_bisect=1
F24 V2(E25) V10(E11) a=0.494135, can_bisect=1
F24 V2(E25) V2(E59) a=0, can_bisect=0
F24 V17(E17) V2(E43) a=0, can_bisect=0
F24 V17(E17) V40(E47) a=0.970796, can_bisect=1
F24 V17(E17) V2(E37) a=0.151657, can_bisect=1
F24 V17(E17) V36(E53) a=1.59911, can_bisect=1
F24 V17(E17) V2(E31) a=0.6, can_bisect=1
F24 V17(E17) V10(E11) a=1.59911, can_bisect=1
F24 V17(E17) V2(E59) a=0.494135, can_bisect=1
F24 V2(E43) V40(E47) a=0, can_bisect=0
F24 V2(E43) V2(E37) a=1.54248, can_bisect=0
F24 V2(E43) V36(E53) a=0.151657, can_bisect=1
F24 V2(E43) V2(E31) a=0.285841, can_bisect=1
F24 V2(E43) V10(E11) a=0.6, can_bisect=1
F24 V2(E43) V2(E59) a=0.285841, can_bisect=1
F24 V40(E47) V2(E37) a=0, can_bisect=0
F24 V40(E47) V36(E53) a=0.970796, can_bisect=1
F24 V40(E47) V2(E31) a=0.151657, can_bisect=1
F24 V40(E47) V10(E11) a=1.59911, can_bisect=1
F24 V40(E47) V2(E59) a=0.6, can_bisect=1
F24 V2(E37) V36(E53) a=0, can_bisect=0
F24 V2(E37) V2(E31) a=1.54248, can_bisect=0
F24 V2(E37) V10(E11) a=0.151657, can_bisect=1
F24 V2(E37) V2(E59) a=0.285841, can_bisect=1
F24 V36(E53) V2(E31) a=0, can_bisect=0
F24 V36(E53) V10(E11) a=0.970796, can_bisect=1
F24 V36(E53) V2(E59) a=0.151657, can_bisect=1
F24 V2(E31) V10(E11) a=0, can_bisect=0
F24 V2(E31) V2(E59) a=1.54248, can_bisect=0
F24 V10(E11) V2(E59) a=0, can_bisect=0
F24 best_angle = 1.59911
F26 V10(E11) V2(E59) a=0, can_bisect=0
F26 V10(E11) V2(E25) a=0.494135, can_bisect=1
F26 V10(E11) V17(E60) a=0, can_bisect=0
F26 V2(E59) V2(E25) a=0, can_bisect=0
F26 V2(E59) V17(E60) a=0.494135, can_bisect=1
F26 V2(E25) V17(E60) a=0, can_bisect=0
F26 best_angle = 0.494135
F25 V17(E17) V2(E43) a=0, can_bisect=0
F25 V17(E17) V40(E47) a=0.970796, can_bisect=1
F25 V17(E17) V2(E37) a=0.151657, can_bisect=1
F25 V17(E17) V36(E53) a=0.628319, can_bisect=1
F25 V17(E17) V2(E31) a=0.314159, can_bisect=1
F25 V17(E17) V10(E60) a=0, can_bisect=0
F25 V2(E43) V40(E47) a=0, can_bisect=0
F25 V2(E43) V2(E37) a=1.54248, can_bisect=0
F25 V2(E43) V36(E53) a=0.151657, can_bisect=1
F25 V2(E43) V2(E31) a=0.285841, can_bisect=1
F25 V2(E43) V10(E60) a=0.314159, can_bisect=1
F25 V40(E47) V2(E37) a=0, can_bisect=0
F25 V40(E47) V36(E53) a=0.970796, can_bisect=1
F25 V40(E47) V2(E31) a=0.151657, can_bisect=1
F25 V40(E47) V10(E60) a=0.628319, can_bisect=1
F25 V2(E37) V36(E53) a=0, can_bisect=0
F25 V2(E37) V2(E31) a=1.54248, can_bisect=0
F25 V2(E37) V10(E60) a=0.151657, can_bisect=1
F25 V36(E53) V2(E31) a=0, can_bisect=0
F25 V36(E53) V10(E60) a=0.970796, can_bisect=1
F25 V2(E31) V10(E60) a=0, can_bisect=0
F25 best_angle = 0.970796
F30 V36(E53) V2(E31) a=0, can_bisect=0
F30 V36(E53) V10(E60) a=0.970796, can_bisect=1
F30 V36(E53) V17(E17) a=0.628319, can_bisect=1
F30 V36(E53) V2(E43) a=0.134183, can_bisect=1
F30 V36(E53) V40(E62) a=0, can_bisect=0
F30 V2(E31) V10(E60) a=0, can_bisect=0
F30 V2(E31) V17(E17) a=0.314159, can_bisect=1
F30 V2(E31) V2(E43) a=0.285841, can_bisect=1
F30 V2(E31) V40(E62) a=0.134183, can_bisect=1
F30 V10(E60) V17(E17) a=0, can_bisect=0
F30 V10(E60) V2(E43) a=0.314159, can_bisect=1
F30 V10(E60) V40(E62) a=0.628319, can_bisect=1
F30 V17(E17) V2(E43) a=0, can_bisect=0
F30 V17(E17) V40(E62) a=0.970796, can_bisect=1
F30 V2(E43) V40(E62) a=0, can_bisect=0
F30 best_angle = 0.970796
F32 V10(E60) V17(E17) a=0, can_bisect=0
F32 V10(E60) V2(E43) a=0.314159, can_bisect=1
F32 V10(E60) V40(E62) a=0.628319, can_bisect=1
F32 V10(E60) V36(E63) a=0, can_bisect=0
F32 V17(E17) V2(E43) a=0, can_bisect=0
F32 V17(E17) V40(E62) a=0.970796, can_bisect=1
F32 V17(E17) V36(E63) a=0.628319, can_bisect=1
F32 V2(E43) V40(E62) a=0, can_bisect=0
F32 V2(E43) V36(E63) a=0.134183, can_bisect=1
F32 V40(E62) V36(E63) a=0, can_bisect=0
F32 best_angle = 0.970796
F34 V40(E62) V36(E63) a=0, can_bisect=0
F34 V40(E62) V10(E60) a=0.628319, can_bisect=1
F34 V40(E62) V17(E64) a=0, can_bisect=0
F34 V36(E63) V10(E60) a=0, can_bisect=0
F34 V36(E63) V17(E64) a=0.628319, can_bisect=1
F34 V10(E60) V17(E64) a=0, can_bisect=0
F34 best_angle = 0.628319
Removing V10
F37 V36(E53) V2(E10) a=0, can_bisect=0
F37 V36(E53) V15(E16) a=0.249619, can_bisect=1
F37 V36(E53) V2(E59) a=1.10498, can_bisect=1
F37 V36(E53) V2(E25) a=0.6, can_bisect=1
F37 V36(E53) V17(E64) a=0.628319, can_bisect=1
F37 V36(E53) V40(E62) a=0, can_bisect=0
F37 V2(E10) V15(E16) a=0, can_bisect=0
F37 V2(E10) V2(E59) a=0.942478, can_bisect=1
F37 V2(E10) V2(E25) a=0.628319, can_bisect=1
F37 V2(E10) V17(E64) a=0.6, can_bisect=1
F37 V2(E10) V40(E62) a=0.134183, can_bisect=1
F37 V15(E16) V2(E59) a=0, can_bisect=0
F37 V15(E16) V2(E25) a=0.144299, can_bisect=1
F37 V15(E16) V17(E64) a=0.462314, can_bisect=1
F37 V15(E16) V40(E62) a=0.462314, can_bisect=1
F37 V2(E59) V2(E25) a=0, can_bisect=0
F37 V2(E59) V17(E64) a=0.494135, can_bisect=1
F37 V2(E59) V40(E62) a=0.942478, can_bisect=1
F37 V2(E25) V17(E64) a=0, can_bisect=0
F37 V2(E25) V40(E62) a=0.134183, can_bisect=1
F37 V17(E64) V40(E62) a=0, can_bisect=0
F37 best_angle = 1.10498
F39 V2(E59) V2(E25) a=0, can_bisect=0
F39 V2(E59) V17(E64) a=0.494135, can_bisect=1
F39 V2(E59) V40(E62) a=0.448343, can_bisect=1
F39 V2(E59) V36(E66) a=0, can_bisect=0
F39 V2(E25) V17(E64) a=0, can_bisect=0
F39 V2(E25) V40(E62) a=0.134183, can_bisect=1
F39 V2(E25) V36(E66) a=0.6, can_bisect=1
F39 V17(E64) V40(E62) a=0, can_bisect=0
F39 V17(E64) V36(E66) a=0.628319, can_bisect=1
F39 V40(E62) V36(E66) a=0, can_bisect=0
F39 best_angle = 0.628319
F41 V36(E66) V2(E59) a=0, can_bisect=0
F41 V36(E66) V2(E25) a=0.314159, can_bisect=1
F41 V36(E66) V17(E67) a=0, can_bisect=0
F41 V2(E59) V2(E25) a=0, can_bisect=0
F41 V2(E59) V17(E67) a=0.494135, can_bisect=1
F41 V2(E25) V17(E67) a=0, can_bisect=0
F41 best_angle = 0.494135
F38 V36(E53) V2(E10) a=0, can_bisect=0
F38 V36(E53) V15(E16) a=0.249619, can_bisect=1
F38 V36(E53) V2(E66) a=0, can_bisect=0
F38 V2(E10) V15(E16) a=0, can_bisect=0
F38 V2(E10) V2(E66) a=0.494135, can_bisect=1
F38 V15(E16) V2(E66) a=0, can_bisect=0
F38 best_angle = 0.494135
Removing V15
F46 V2(E59) V2(E17) a=0, can_bisect=0
F46 V2(E59) V17(E25) a=0.307472, can_bisect=1
F46 V2(E59) V2(E47) a=0.628319, can_bisect=1
F46 V2(E59) V40(E43) a=0.942478, can_bisect=1
F46 V2(E59) V2(E53) a=0.628319, can_bisect=1
F46 V2(E59) V36(E37) a=0.307472, can_bisect=1
F46 V2(E59) V2(E69) a=0, can_bisect=0
F46 V2(E17) V17(E25) a=0, can_bisect=0
F46 V2(E17) V2(E47) a=0.342478, can_bisect=1
F46 V2(E17) V40(E43) a=0.606687, can_bisect=1
F46 V2(E17) V2(E53) a=0.970796, can_bisect=1
F46 V2(E17) V36(E37) a=0.942478, can_bisect=1
F46 V2(E17) V2(E69) a=0.628319, can_bisect=1
F46 V17(E25) V2(E47) a=0, can_bisect=0
F46 V17(E25) V40(E43) a=0.285841, can_bisect=1
F46 V17(E25) V2(E53) a=0.606687, can_bisect=1
F46 V17(E25) V36(E37) a=0.914159, can_bisect=1
F46 V17(E25) V2(E69) a=0.942478, can_bisect=1
F46 V2(E47) V40(E43) a=0, can_bisect=0
F46 V2(E47) V2(E53) a=0.342478, can_bisect=1
F46 V2(E47) V36(E37) a=0.606687, can_bisect=1
F46 V2(E47) V2(E69) a=0.970796, can_bisect=1
F46 V40(E43) V2(E53) a=0, can_bisect=0
F46 V40(E43) V36(E37) a=0.285841, can_bisect=1
F46 V40(E43) V2(E69) a=0.606687, can_bisect=1
F46 V2(E53) V36(E37) a=0, can_bisect=0
F46 V2(E53) V2(E69) a=0.342478, can_bisect=1
F46 V36(E37) V2(E69) a=0, can_bisect=0
F46 best_angle = 0.970796
F48 V2(E69) V2(E59) a=0, can_bisect=0
F48 V2(E69) V2(E17) a=0.628319, can_bisect=1
F48 V2(E69) V17(E25) a=0.314159, can_bisect=1
F48 V2(E69) V2(E70) a=0, can_bisect=0
F48 V2(E59) V2(E17) a=0, can_bisect=0
F48 V2(E59) V17(E25) a=0.307472, can_bisect=1
F48 V2(E59) V2(E70) a=0.628319, can_bisect=1
F48 V2(E17) V17(E25) a=0, can_bisect=0
F48 V2(E17) V2(E70) a=0.342478, can_bisect=1
F48 V17(E25) V2(E70) a=0, can_bisect=0
F48 best_angle = 0.628319
F50 V2(E17) V17(E25) a=0, can_bisect=0
F50 V2(E17) V2(E70) a=0.342478, can_bisect=1
F50 V2(E17) V2(E71) a=0, can_bisect=0
F50 V17(E25) V2(E70) a=0, can_bisect=0
F50 V17(E25) V2(E71) a=0.314159, can_bisect=1
F50 V2(E70) V2(E71) a=0, can_bisect=0
F50 best_angle = 0.342478
F47 V2(E47) V40(E43) a=0, can_bisect=0
F47 V2(E47) V2(E53) a=0.342478, can_bisect=1
F47 V2(E47) V36(E37) a=0.320846, can_bisect=1
F47 V2(E47) V2(E70) a=0, can_bisect=0
F47 V40(E43) V2(E53) a=0, can_bisect=0
F47 V40(E43) V36(E37) a=0.285841, can_bisect=1
F47 V40(E43) V2(E70) a=0.320846, can_bisect=1
F47 V2(E53) V36(E37) a=0, can_bisect=0
F47 V2(E53) V2(E70) a=0.342478, can_bisect=1
F47 V36(E37) V2(E70) a=0, can_bisect=0
F47 best_angle = 0.342478
F54 V2(E70) V2(E47) a=0, can_bisect=0
F54 V2(E70) V40(E43) a=0.307472, can_bisect=1
F54 V2(E70) V2(E73) a=0, can_bisect=0
F54 V2(E47) V40(E43) a=0, can_bisect=0
F54 V2(E47) V2(E73) a=0.342478, can_bisect=1
F54 V40(E43) V2(E73) a=0, can_bisect=0
F54 best_angle = 0.342478
Removing V17
F57 V2(E43) V40(E62) a=0, can_bisect=0
F57 V2(E43) V36(E66) a=0.134183, can_bisect=1
F57 V2(E43) V2(E59) a=0.628319, can_bisect=1
F57 V2(E43) V2(E72) a=0, can_bisect=0
F57 V40(E62) V36(E66) a=0, can_bisect=0
F57 V40(E62) V2(E59) a=0.448343, can_bisect=1
F57 V40(E62) V2(E72) a=0.494135, can_bisect=1
F57 V36(E66) V2(E59) a=0, can_bisect=0
F57 V36(E66) V2(E72) a=0.808295, can_bisect=1
F57 V2(E59) V2(E72) a=0, can_bisect=0
F57 best_angle = 0.808295
F59 V2(E72) V2(E43) a=0, can_bisect=0
F59 V2(E72) V40(E62) a=0.448343, can_bisect=1
F59 V2(E72) V36(E75) a=0, can_bisect=0
F59 V2(E43) V40(E62) a=0, can_bisect=0
F59 V2(E43) V36(E75) a=0.134183, can_bisect=1
F59 V40(E62) V36(E75) a=0, can_bisect=0
F59 best_angle = 0.448343
Removing V36
F62 V40(E47) V2(E73) a=0, can_bisect=0
F62 V40(E47) V2(E69) a=0.494135, can_bisect=1
F62 V40(E47) V2(E59) a=0.808295, can_bisect=1
F62 V40(E47) V2(E76) a=0, can_bisect=0
F62 V2(E73) V2(E69) a=0, can_bisect=0
F62 V2(E73) V2(E59) a=0.628319, can_bisect=1
F62 V2(E73) V2(E76) a=0.134183, can_bisect=1
F62 V2(E69) V2(E59) a=0, can_bisect=0
F62 V2(E69) V2(E76) a=0.628319, can_bisect=1
F62 V2(E59) V2(E76) a=0, can_bisect=0
F62 best_angle = 0.808295
F63 V40(E47) V2(E73) a=0, can_bisect=0
F63 V40(E47) V2(E69) a=0.494135, can_bisect=1
F63 V40(E47) V2(E77) a=0, can_bisect=0
F63 V2(E73) V2(E69) a=0, can_bisect=0
F63 V2(E73) V2(E77) a=0.314159, can_bisect=1
F63 V2(E69) V2(E77) a=0, can_bisect=0
F63 best_angle = 0.494135
Removing V40
F67 V2(E59) V2(E72) a=0, can_bisect=0
F67 V2(E59) V2(E74) a=0.628319, can_bisect=1
F67 V2(E59) V2(E73) a=0.628319, can_bisect=1
F67 V2(E59) V2(E69) a=0, can_bisect=0
F67 V2(E72) V2(E74) a=0, can_bisect=0
F67 V2(E72) V2(E73) a=0.628319, can_bisect=1
F67 V2(E72) V2(E69) a=0.628319, can_bisect=1
F67 V2(E74) V2(E73) a=0, can_bisect=0
F67 V2(E74) V2(E69) a=0.628319, can_bisect=1
F67 V2(E73) V2(E69) a=0, can_bisect=0
F67 best_angle = 0.628319
F69 V2(E69) V2(E59) a=0, can_bisect=0
F69 V2(E69) V2(E72) a=0.628319, can_bisect=1
F69 V2(E69) V2(E79) a=0, can_bisect=0
F69 V2(E59) V2(E72) a=0, can_bisect=0
F69 V2(E59) V2(E79) a=0.628319, can_bisect=1
F69 V2(E72) V2(E79) a=0, can_bisect=0
F69 best_angle = 0.628319
Longest Edge: 3.17307
Looking for shortest saddle...1.96106
Clearing denominators: multiplying by 1
#Field Degree=4 minimal polynomial=(1 -1 1 -1 1)
#Field generator embedding: (0.809016994374947450.58778525229247314
#Params:1
#t1=1.6991724496857903
# Vertices: V2
# UEdges: 
E59 ( V2 V2 F49 F70 ) (0.000000000000000000000000,1.961063575117137247616483)
E69 ( V2 V2 F70 F49 ) (-1.865082291984223372693918,-0.606001971760886437579074)
E70 ( V2 V2 F52 F56 ) (0.000000000000000000000000,-3.173067518638910122774632)
E71 ( V2 V2 F52 F49 ) (1.865082291984223372693918,2.567065546878023685195558)
E72 ( V2 V2 F52 F71 ) (-1.865082291984223372693918,0.606001971760886326556772)
E73 ( V2 V2 F56 F68 ) (1.152684248261805821655912,-1.586533759319455061387316)
E74 ( V2 V2 F56 F68 ) (-1.152684248261805821655912,-1.586533759319455061387316)
E79 ( V2 V2 F71 F68 ) (0.000000000000000000000000,3.173067518638910122774632)
E80 ( V2 V2 F71 F70 ) (-1.865082291984223372693918,-2.567065546878023685195558)
# Faces: 
F49 -E69 +E59 -E71
F52 +E70 +E71 +E72
F56 +E73 -E70 +E74
F68 -E74 -E73 -E79
F70 +E69 -E59 -E80
F71 -E72 +E79 +E80
#UEdges Algebraic 
#E59: (1 -2 2 0)+(1 -2 2 0)t1
#E69: (0 -2 2 -1)+(0 -2 2 -1)t1
#E70: (1 -2 1 -1)+(1 -2 1 -1)t1
#E71: (1 0 0 1)+(1 0 0 1)t1
#E72: (-2 2 -1 0)+(-2 2 -1 0)t1
#E73: (0 -1 2 -2)+(0 -1 2 -2)t1
#E74: (1 -1 -1 1)+(1 -1 -1 1)t1
#E79: (-1 2 -1 1)+(-1 2 -1 1)t1
#E80: (-1 0 0 -1)+(-1 0 0 -1)t1
# File =  perturb = 0 rescale = 1
# vertices: 1
## V2(18) (6 PI) 
# edges: 9
## E59(2) E69(2) E70(2) E71(2) E72(2) E73(2) E74(2) E79(2) E80(2) 
# faces: 6
# genus: 2
# area: 13.2331
sweeping start V2 depth = 36.3774
File =  depth = 36.3774 follow_depth = 181.887 perturb = 0
Final Report:

 part done:100% weird 0 bad_angle 0 unusual 0 close 191617 reject 0
V2: AbBaCc   cylinders |1|1.61803|
Moduli: |1|1| Min Area: 1 Max Area: 1
    total: 1.50098 0.912488 sym = 6
    raw = 1720 short saddle = 1.96106 short cyl = 3.17307 tag #0

total cylinders: 3.00022 1.82392 raw = 573 rejected = 0
