polygon 1 5 2 2 --depth=10 --follow_depth=50 --show_cyls --show_moduli --cyls_only --quiet 
max loc = 1
alpha =  5 beta = 2 gamma = 2 delta =1
a =  3.14159 b = 1.25664 c= 1.25664 d=0.628319
a1_min = 0.628319 a1_max = 1.88496
a1 = 1.48496
angle a check: 0
angle b check: 0
angle c check: 3.14159
angle d check: 2.22045e-16
p = 1 q = 2.44225 p-q = 2.55848
p = (1,0) q = (0.209387,2.43326) r = (-3.1397,4.05219e-16)
Imaginary of t_cx = -4.05219e-16
p_algt = (1 0 0 0)+(0 0 0 0)t1
r_algt = (0 0 0 0)+(-1 0 0 0)t1
Checking p_alt (0,0)
Checking q_alt (4.996e-16,-8.88178e-16)
Checking r_alt (0,-4.05219e-16)
Checking p_algt (0,0)
Checking q_algt (4.996e-16,-8.88178e-16)
Checking r_algt (0,-4.05219e-16)
Number field: min poly (1 -1 1 -1 1)
#Field Degree=4 minimal polynomial=(1 -1 1 -1 1)
#Field generator embedding: (0.809016994374947450.58778525229247314
#Params:1
#t1=3.1397030519560873
# Vertices: V0 V1 V2 V3
# UEdges: 
E0 ( V0 V1 F0 NULL ) (1.000000000000000000000000,0.000000000000000000000000)
E1 ( V1 V2 F0 NULL ) (-0.790612931257776652138602,2.433256402809929497266239)
E2 ( V2 V3 F0 NULL ) (-3.349090120698310801827802,-2.433256402809929497266239)
E3 ( V3 V0 F0 NULL ) (3.139703051956087342944102,-0.000000000000000000000000)
# Faces: 
F0 +E0 +E1 +E2 +E3
#UEdges Algebraic 
#E0: (1 0 0 0)+(0 0 0 0)t1
#E1: (-1 1 0 0)+(-1 1 0 0)t1
#E2: (0 -1 0 0)+(0 -1 0 0)t1
#E3: (0 0 0 0)+(1 0 0 0)t1
F0 V0(E0) V1(E1) a=0, can_bisect=0
F0 V0(E0) V2(E2) a=0.4, can_bisect=1
F0 V0(E0) V3(E3) a=0, can_bisect=0
F0 V1(E1) V2(E2) a=0, can_bisect=0
F0 V1(E1) V3(E3) a=0, can_bisect=1
F0 V2(E2) V3(E3) a=0, can_bisect=0
F0 best_angle = 0.4
In RetriangulateSurface
Removing V0
F21 V3(E10) V40(E6) a=0, can_bisect=0
F21 V3(E10) V21(E1) a=0.628319, can_bisect=1
F21 V3(E10) V40(E2) a=0, can_bisect=0
F21 V40(E6) V21(E1) a=0, can_bisect=0
F21 V40(E6) V40(E2) a=0.314159, can_bisect=1
F21 V21(E1) V40(E2) a=0, can_bisect=0
F21 best_angle = 0.628319
Removing V3
F24 V40(E17) V17(E43) a=0, can_bisect=0
F24 V40(E17) V40(E47) a=1.79911, can_bisect=0
F24 V40(E17) V22(E25) a=0.327797, can_bisect=1
F24 V40(E17) V40(E11) a=0.542478, can_bisect=1
F24 V40(E17) V10(E37) a=0.856637, can_bisect=1
F24 V40(E17) V40(E53) a=0.542478, can_bisect=1
F24 V40(E17) V30(E31) a=0.727797, can_bisect=1
F24 V40(E17) V40(E6) a=0.314159, can_bisect=1
F24 V40(E17) V21(E1) a=0, can_bisect=0
F24 V17(E43) V40(E47) a=0, can_bisect=0
F24 V17(E43) V22(E25) a=0.714159, can_bisect=1
F24 V17(E43) V40(E11) a=0.327797, can_bisect=1
F24 V17(E43) V10(E37) a=1.34248, can_bisect=1
F24 V17(E43) V40(E53) a=0.856637, can_bisect=1
F24 V17(E43) V30(E31) a=1.34248, can_bisect=1
F24 V17(E43) V40(E6) a=0.727797, can_bisect=1
F24 V17(E43) V21(E1) a=0.501032, can_bisect=1
F24 V40(E47) V22(E25) a=0, can_bisect=0
F24 V40(E47) V40(E11) a=1.79911, can_bisect=0
F24 V40(E47) V10(E37) a=0.327797, can_bisect=1
F24 V40(E47) V40(E53) a=0.542478, can_bisect=1
F24 V40(E47) V30(E31) a=0.856637, can_bisect=1
F24 V40(E47) V40(E6) a=0.542478, can_bisect=1
F24 V40(E47) V21(E1) a=0.228319, can_bisect=1
F24 V22(E25) V40(E11) a=0, can_bisect=0
F24 V22(E25) V10(E37) a=0.714159, can_bisect=1
F24 V22(E25) V40(E53) a=0.327797, can_bisect=1
F24 V22(E25) V30(E31) a=1.34248, can_bisect=1
F24 V22(E25) V40(E6) a=0.856637, can_bisect=1
F24 V22(E25) V21(E1) a=0.987084, can_bisect=1
F24 V40(E11) V10(E37) a=0, can_bisect=0
F24 V40(E11) V40(E53) a=1.79911, can_bisect=0
F24 V40(E11) V30(E31) a=0.327797, can_bisect=1
F24 V40(E11) V40(E6) a=0.542478, can_bisect=1
F24 V40(E11) V21(E1) a=0.856637, can_bisect=1
F24 V10(E37) V40(E53) a=0, can_bisect=0
F24 V10(E37) V30(E31) a=0.714159, can_bisect=1
F24 V10(E37) V40(E6) a=0.327797, can_bisect=1
F24 V10(E37) V21(E1) a=0.987084, can_bisect=1
F24 V40(E53) V30(E31) a=0, can_bisect=0
F24 V40(E53) V40(E6) a=1.79911, can_bisect=0
F24 V40(E53) V21(E1) a=0.228319, can_bisect=1
F24 V30(E31) V40(E6) a=0, can_bisect=0
F24 V30(E31) V21(E1) a=0.501032, can_bisect=1
F24 V40(E6) V21(E1) a=0, can_bisect=0
F24 best_angle = 1.34248
F26 V10(E37) V40(E53) a=0, can_bisect=0
F26 V10(E37) V30(E31) a=0.714159, can_bisect=1
F26 V10(E37) V40(E6) a=0.327797, can_bisect=1
F26 V10(E37) V21(E1) a=0.672924, can_bisect=1
F26 V10(E37) V40(E17) a=0.314159, can_bisect=1
F26 V10(E37) V17(E60) a=0, can_bisect=0
F26 V40(E53) V30(E31) a=0, can_bisect=0
F26 V40(E53) V40(E6) a=1.79911, can_bisect=0
F26 V40(E53) V21(E1) a=0.228319, can_bisect=1
F26 V40(E53) V40(E17) a=0.542478, can_bisect=1
F26 V40(E53) V17(E60) a=0.314159, can_bisect=1
F26 V30(E31) V40(E6) a=0, can_bisect=0
F26 V30(E31) V21(E1) a=0.501032, can_bisect=1
F26 V30(E31) V40(E17) a=0.727797, can_bisect=1
F26 V30(E31) V17(E60) a=0.628319, can_bisect=1
F26 V40(E6) V21(E1) a=0, can_bisect=0
F26 V40(E6) V40(E17) a=0.314159, can_bisect=1
F26 V40(E6) V17(E60) a=0.727797, can_bisect=1
F26 V21(E1) V40(E17) a=0, can_bisect=0
F26 V21(E1) V17(E60) a=0.501032, can_bisect=1
F26 V40(E17) V17(E60) a=0, can_bisect=0
F26 best_angle = 0.727797
F28 V40(E17) V17(E60) a=0, can_bisect=0
F28 V40(E17) V10(E37) a=0.314159, can_bisect=1
F28 V40(E17) V40(E53) a=0.214681, can_bisect=1
F28 V40(E17) V30(E61) a=0, can_bisect=0
F28 V17(E60) V10(E37) a=0, can_bisect=0
F28 V17(E60) V40(E53) a=0.314159, can_bisect=1
F28 V17(E60) V30(E61) a=0.413638, can_bisect=1
F28 V10(E37) V40(E53) a=0, can_bisect=0
F28 V10(E37) V30(E61) a=0.714159, can_bisect=1
F28 V40(E53) V30(E61) a=0, can_bisect=0
F28 best_angle = 0.714159
F30 V30(E61) V40(E17) a=0, can_bisect=0
F30 V30(E61) V17(E60) a=0.413638, can_bisect=1
F30 V30(E61) V10(E62) a=0, can_bisect=0
F30 V40(E17) V17(E60) a=0, can_bisect=0
F30 V40(E17) V10(E62) a=0.314159, can_bisect=1
F30 V17(E60) V10(E62) a=0, can_bisect=0
F30 best_angle = 0.413638
F27 V30(E31) V40(E6) a=0, can_bisect=0
F27 V30(E31) V21(E1) a=0.401554, can_bisect=1
F27 V30(E31) V40(E61) a=0, can_bisect=0
F27 V40(E6) V21(E1) a=0, can_bisect=0
F27 V40(E6) V40(E61) a=0.314159, can_bisect=1
F27 V21(E1) V40(E61) a=0, can_bisect=0
F27 best_angle = 0.401554
F25 V17(E43) V40(E47) a=0, can_bisect=0
F25 V17(E43) V22(E25) a=0.628319, can_bisect=1
F25 V17(E43) V40(E11) a=0.327797, can_bisect=1
F25 V17(E43) V10(E60) a=0, can_bisect=0
F25 V40(E47) V22(E25) a=0, can_bisect=0
F25 V40(E47) V40(E11) a=1.79911, can_bisect=0
F25 V40(E47) V10(E60) a=0.327797, can_bisect=1
F25 V22(E25) V40(E11) a=0, can_bisect=0
F25 V22(E25) V10(E60) a=0.628319, can_bisect=1
F25 V40(E11) V10(E60) a=0, can_bisect=0
F25 best_angle = 0.628319
F36 V10(E60) V17(E43) a=0, can_bisect=0
F36 V10(E60) V40(E47) a=0.214681, can_bisect=1
F36 V10(E60) V22(E65) a=0, can_bisect=0
F36 V17(E43) V40(E47) a=0, can_bisect=0
F36 V17(E43) V22(E65) a=0.628319, can_bisect=1
F36 V40(E47) V22(E65) a=0, can_bisect=0
F36 best_angle = 0.628319
Removing V10
F39 V40(E1) V21(E21) a=0, can_bisect=0
F39 V40(E1) V40(E53) a=0.314159, can_bisect=1
F39 V40(E1) V30(E63) a=0.727797, can_bisect=1
F39 V40(E1) V17(E66) a=0.214681, can_bisect=1
F39 V40(E1) V22(E25) a=0, can_bisect=0
F39 V21(E21) V40(E53) a=0, can_bisect=0
F39 V21(E21) V30(E63) a=0.501032, can_bisect=1
F39 V21(E21) V17(E66) a=0.583713, can_bisect=1
F39 V21(E21) V22(E25) a=0.501032, can_bisect=1
F39 V40(E53) V30(E63) a=0, can_bisect=0
F39 V40(E53) V17(E66) a=0.314159, can_bisect=1
F39 V40(E53) V22(E25) a=0.727797, can_bisect=1
F39 V30(E63) V17(E66) a=0, can_bisect=0
F39 V30(E63) V22(E25) a=0.628319, can_bisect=1
F39 V17(E66) V22(E25) a=0, can_bisect=0
F39 best_angle = 0.727797
F41 V22(E25) V40(E1) a=0, can_bisect=0
F41 V22(E25) V21(E21) a=0.401554, can_bisect=1
F41 V22(E25) V40(E67) a=0, can_bisect=0
F41 V40(E1) V21(E21) a=0, can_bisect=0
F41 V40(E1) V40(E67) a=0.314159, can_bisect=1
F41 V21(E21) V40(E67) a=0, can_bisect=0
F41 best_angle = 0.401554
F40 V40(E53) V30(E63) a=0, can_bisect=0
F40 V40(E53) V17(E66) a=0.314159, can_bisect=1
F40 V40(E53) V22(E67) a=0, can_bisect=0
F40 V30(E63) V17(E66) a=0, can_bisect=0
F40 V30(E63) V22(E67) a=0.413638, can_bisect=1
F40 V17(E66) V22(E67) a=0, can_bisect=0
F40 best_angle = 0.413638
Removing V17
F46 V30(E61) V40(E21) a=0, can_bisect=0
F46 V30(E61) V21(E45) a=0.369032, can_bisect=1
F46 V30(E61) V40(E47) a=0.314159, can_bisect=1
F46 V30(E61) V22(E69) a=0, can_bisect=0
F46 V40(E21) V21(E45) a=0, can_bisect=0
F46 V40(E21) V40(E47) a=0.314159, can_bisect=1
F46 V40(E21) V22(E69) a=0.727797, can_bisect=1
F46 V21(E45) V40(E47) a=0, can_bisect=0
F46 V21(E45) V22(E69) a=0.501032, can_bisect=1
F46 V40(E47) V22(E69) a=0, can_bisect=0
F46 best_angle = 0.727797
F47 V40(E21) V21(E45) a=0, can_bisect=0
F47 V40(E21) V40(E47) a=0.314159, can_bisect=1
F47 V40(E21) V22(E70) a=0, can_bisect=0
F47 V21(E45) V40(E47) a=0, can_bisect=0
F47 V21(E45) V22(E70) a=0.401554, can_bisect=1
F47 V40(E47) V22(E70) a=0, can_bisect=0
F47 best_angle = 0.401554
Removing V22
F51 V40(E33) V21(E6) a=0, can_bisect=0
F51 V40(E33) V40(E1) a=0.314159, can_bisect=1
F51 V40(E33) V21(E21) a=0.628319, can_bisect=1
F51 V40(E33) V40(E53) a=0.942478, can_bisect=1
F51 V40(E33) V30(E61) a=0.727797, can_bisect=1
F51 V40(E33) V40(E21) a=0.314159, can_bisect=1
F51 V40(E33) V21(E45) a=0, can_bisect=0
F51 V21(E6) V40(E1) a=0, can_bisect=0
F51 V21(E6) V21(E21) a=0.314159, can_bisect=1
F51 V21(E6) V40(E53) a=0.628319, can_bisect=1
F51 V21(E6) V30(E61) a=0.987084, can_bisect=1
F51 V21(E6) V40(E21) a=0.628319, can_bisect=1
F51 V21(E6) V21(E45) a=0.314159, can_bisect=1
F51 V40(E1) V21(E21) a=0, can_bisect=0
F51 V40(E1) V40(E53) a=0.314159, can_bisect=1
F51 V40(E1) V30(E61) a=0.727797, can_bisect=1
F51 V40(E1) V40(E21) a=0.842999, can_bisect=1
F51 V40(E1) V21(E45) a=0.628319, can_bisect=1
F51 V21(E21) V40(E53) a=0, can_bisect=0
F51 V21(E21) V30(E61) a=0.501032, can_bisect=1
F51 V21(E21) V40(E21) a=0.52884, can_bisect=1
F51 V21(E21) V21(E45) a=0.942478, can_bisect=1
F51 V40(E53) V30(E61) a=0, can_bisect=0
F51 V40(E53) V40(E21) a=0.214681, can_bisect=1
F51 V40(E53) V21(E45) a=0.856637, can_bisect=1
F51 V30(E61) V40(E21) a=0, can_bisect=0
F51 V30(E61) V21(E45) a=0.369032, can_bisect=1
F51 V40(E21) V21(E45) a=0, can_bisect=0
F51 best_angle = 0.987084
F53 V30(E61) V40(E21) a=0, can_bisect=0
F53 V30(E61) V21(E45) a=0.369032, can_bisect=1
F53 V30(E61) V40(E33) a=0.358765, can_bisect=1
F53 V30(E61) V21(E72) a=0, can_bisect=0
F53 V40(E21) V21(E45) a=0, can_bisect=0
F53 V40(E21) V40(E33) a=0.314159, can_bisect=1
F53 V40(E21) V21(E72) a=0.628319, can_bisect=1
F53 V21(E45) V40(E33) a=0, can_bisect=0
F53 V21(E45) V21(E72) a=0.314159, can_bisect=1
F53 V40(E33) V21(E72) a=0, can_bisect=0
F53 best_angle = 0.628319
F54 V40(E21) V21(E45) a=0, can_bisect=0
F54 V40(E21) V40(E33) a=0.314159, can_bisect=1
F54 V40(E21) V21(E73) a=0, can_bisect=0
F54 V21(E45) V40(E33) a=0, can_bisect=0
F54 V21(E45) V21(E73) a=0.314159, can_bisect=1
F54 V40(E33) V21(E73) a=0, can_bisect=0
F54 best_angle = 0.314159
F52 V21(E6) V40(E1) a=0, can_bisect=0
F52 V21(E6) V21(E21) a=0.314159, can_bisect=1
F52 V21(E6) V40(E53) a=0.358765, can_bisect=1
F52 V21(E6) V30(E72) a=0, can_bisect=0
F52 V40(E1) V21(E21) a=0, can_bisect=0
F52 V40(E1) V40(E53) a=0.314159, can_bisect=1
F52 V40(E1) V30(E72) a=0.369032, can_bisect=1
F52 V21(E21) V40(E53) a=0, can_bisect=0
F52 V21(E21) V30(E72) a=0.501032, can_bisect=1
F52 V40(E53) V30(E72) a=0, can_bisect=0
F52 best_angle = 0.501032
F59 V30(E72) V21(E6) a=0, can_bisect=0
F59 V30(E72) V40(E1) a=0.369032, can_bisect=1
F59 V30(E72) V21(E75) a=0, can_bisect=0
F59 V21(E6) V40(E1) a=0, can_bisect=0
F59 V21(E6) V21(E75) a=0.314159, can_bisect=1
F59 V40(E1) V21(E75) a=0, can_bisect=0
F59 best_angle = 0.369032
Removing V30
F62 V21(E21) V40(E45) a=0, can_bisect=0
F62 V21(E21) V21(E33) a=0.314159, can_bisect=1
F62 V21(E21) V40(E6) a=0.628319, can_bisect=1
F62 V21(E21) V21(E1) a=0.942478, can_bisect=1
F62 V21(E21) V40(E73) a=0.628319, can_bisect=1
F62 V21(E21) V21(E6) a=0.314159, can_bisect=1
F62 V21(E21) V40(E1) a=0, can_bisect=0
F62 V40(E45) V21(E33) a=0, can_bisect=0
F62 V40(E45) V40(E6) a=0.314159, can_bisect=1
F62 V40(E45) V21(E1) a=0.628319, can_bisect=1
F62 V40(E45) V40(E73) a=0.942478, can_bisect=1
F62 V40(E45) V21(E6) a=0.628319, can_bisect=1
F62 V40(E45) V40(E1) a=0.314159, can_bisect=1
F62 V21(E33) V40(E6) a=0, can_bisect=0
F62 V21(E33) V21(E1) a=0.314159, can_bisect=1
F62 V21(E33) V40(E73) a=0.628319, can_bisect=1
F62 V21(E33) V21(E6) a=0.942478, can_bisect=1
F62 V21(E33) V40(E1) a=0.628319, can_bisect=1
F62 V40(E6) V21(E1) a=0, can_bisect=0
F62 V40(E6) V40(E73) a=0.314159, can_bisect=1
F62 V40(E6) V21(E6) a=0.628319, can_bisect=1
F62 V40(E6) V40(E1) a=0.942478, can_bisect=1
F62 V21(E1) V40(E73) a=0, can_bisect=0
F62 V21(E1) V21(E6) a=0.314159, can_bisect=1
F62 V21(E1) V40(E1) a=1.25664, can_bisect=1
F62 V40(E73) V21(E6) a=0, can_bisect=0
F62 V40(E73) V40(E1) a=0.314159, can_bisect=1
F62 V21(E6) V40(E1) a=0, can_bisect=0
F62 best_angle = 1.25664
F64 V40(E1) V21(E21) a=0, can_bisect=0
F64 V40(E1) V40(E45) a=0.314159, can_bisect=1
F64 V40(E1) V21(E33) a=0.628319, can_bisect=1
F64 V40(E1) V40(E6) a=0.314159, can_bisect=1
F64 V40(E1) V21(E77) a=0, can_bisect=0
F64 V21(E21) V40(E45) a=0, can_bisect=0
F64 V21(E21) V21(E33) a=0.314159, can_bisect=1
F64 V21(E21) V40(E6) a=0.628319, can_bisect=1
F64 V21(E21) V21(E77) a=0.314159, can_bisect=1
F64 V40(E45) V21(E33) a=0, can_bisect=0
F64 V40(E45) V40(E6) a=0.314159, can_bisect=1
F64 V40(E45) V21(E77) a=0.628319, can_bisect=1
F64 V21(E33) V40(E6) a=0, can_bisect=0
F64 V21(E33) V21(E77) a=0.314159, can_bisect=1
F64 V40(E6) V21(E77) a=0, can_bisect=0
F64 best_angle = 0.628319
F66 V40(E6) V21(E77) a=0, can_bisect=0
F66 V40(E6) V40(E1) a=0.314159, can_bisect=1
F66 V40(E6) V21(E78) a=0, can_bisect=0
F66 V21(E77) V40(E1) a=0, can_bisect=0
F66 V21(E77) V21(E78) a=0.314159, can_bisect=1
F66 V40(E1) V21(E78) a=0, can_bisect=0
F66 best_angle = 0.314159
F65 V21(E21) V40(E45) a=0, can_bisect=0
F65 V21(E21) V21(E33) a=0.314159, can_bisect=1
F65 V21(E21) V40(E78) a=0, can_bisect=0
F65 V40(E45) V21(E33) a=0, can_bisect=0
F65 V40(E45) V40(E78) a=0.314159, can_bisect=1
F65 V21(E33) V40(E78) a=0, can_bisect=0
F65 best_angle = 0.314159
F63 V21(E1) V40(E73) a=0, can_bisect=0
F63 V21(E1) V21(E6) a=0.314159, can_bisect=1
F63 V21(E1) V40(E77) a=0, can_bisect=0
F63 V40(E73) V21(E6) a=0, can_bisect=0
F63 V40(E73) V40(E77) a=0.314159, can_bisect=1
F63 V21(E6) V40(E77) a=0, can_bisect=0
F63 best_angle = 0.314159
Longest Edge: 8.27941
Looking for shortest saddle...2.55848
Clearing denominators: multiplying by 1
#Field Degree=4 minimal polynomial=(1 -1 1 -1 1)
#Field generator embedding: (0.809016994374947450.58778525229247314
#Params:1
#t1=3.1397030519560873
# Vertices: V21 V40
# UEdges: 
E1 ( V21 V40 F71 F68 ) (-0.790612931257776652138602,2.433256402809929497266239)
E6 ( V40 V21 F67 F72 ) (0.790612931257776763160905,2.433256402809929497266239)
E21 ( V40 V21 F56 F69 ) (-2.069851525978043671472051,1.503835160279842098063341)
E33 ( V21 V40 F70 F57 ) (2.069851525978043671472051,1.503835160279842098063341)
E45 ( V21 V40 F56 F69 ) (-2.558477189440534260711502,-0.000000000000000000000000)
E73 ( V40 V21 F71 F57 ) (-6.698180241396620715477184,0.000000000000000000000000)
E74 ( V40 V40 F57 F56 ) (-4.628328715418577488094343,1.503835160279842098063341)
E77 ( V21 V40 F67 F72 ) (-8.279406103912174685888203,0.000000000000000000000000)
E78 ( V21 V40 F68 F70 ) (6.698180241396620715477184,0.000000000000000000000000)
E79 ( V40 V40 F68 F67 ) (-7.488793172654397700682694,2.433256402809929497266239)
E80 ( V21 V21 F70 F69 ) (4.628328715418577488094343,-1.503835160279842098063341)
E81 ( V21 V21 F72 F71 ) (-7.488793172654397700682694,2.433256402809929497266239)
# Faces: 
F56 +E21 +E45 -E74
F57 -E33 -E73 +E74
F67 +E6 +E77 -E79
F68 -E1 +E78 +E79
F69 -E21 -E45 -E80
F70 +E33 -E78 +E80
F71 +E1 +E73 -E81
F72 -E6 -E77 +E81
#UEdges Algebraic 
#E1: (-1 1 0 0)+(-1 1 0 0)t1
#E6: (0 1 -1 1)+(0 1 -1 1)t1
#E21: (0 -1 1 0)+(0 -1 1 0)t1
#E33: (1 -1 1 0)+(1 -1 1 0)t1
#E45: (0 0 -1 1)+(0 0 -1 1)t1
#E73: (-1 0 -1 1)+(-1 0 -1 1)t1
#E74: (0 -1 0 1)+(0 -1 0 1)t1
#E77: (-2 0 0 0)+(-2 0 0 0)t1
#E78: (1 0 1 -1)+(1 0 1 -1)t1
#E79: (-2 1 -1 1)+(-2 1 -1 1)t1
#E80: (0 1 0 -1)+(0 1 0 -1)t1
#E81: (-2 1 -1 1)+(-2 1 -1 1)t1
# File =  perturb = 0 rescale = 1
# vertices: 2
## V21(12) (4 PI) V40(12) (4 PI) 
# edges: 12
## E1(2) E6(2) E21(2) E33(2) E45(2) E73(2) E74(2) E77(2) E78(2) E79(2) E80(2) E81(2) 
# faces: 8
# genus: 2
# area: 50.3648
sweeping start V21 depth = 70.9682
File =  depth = 70.9682 follow_depth = 354.841 perturb = 0
Final Report:

 part done:100% weird 0 bad_angle 48 unusual 0 close 172970 reject 0
V21: AdBc V40: aCbD   cylinders |1|1.61803|
Moduli: |1|1| Min Area: 1 Max Area: 1
    total: 1.72788 1.05042 sym = 4
    raw = 1320 short saddle = 2.55848 short cyl = 9.25666 tag #0
V21: AaBb V40: CdDc   cylinders |1|1.61803|2.61803|
Moduli: |1|2|1| Min Area: 1 Max Area: 1
    total: 0.916298 0.557042 sym = 4
    raw = 700 short saddle = 4.86651 short cyl = 4.86651 tag #1

total cylinders: 6.20465 3.77197 raw = 1185 rejected = 0
