polygon 1 6 1 4 --depth=10 --follow_depth=50 --show_cyls --show_moduli --cyls_only --quiet 
max loc = 1
alpha =  6 beta = 1 gamma = 4 delta =1
a =  3.14159 b = 0.523599 c= 2.0944 d=0.523599
a1_min = 0.523599 a1_max = 2.61799
a1 = 1.95133
angle a check: 0
angle b check: 1.11022e-16
angle c check: 3.14159
angle d check: -2.22045e-16
p = 1 q = 0.808578 p-q = 1.50148
p = (1,0) q = (-0.300317,0.750738) r = (-1.60063,1.66697e-16)
Imaginary of t_cx = -1.66697e-16
p_algt = (1 0 0 0)+(0 0 0 0)t1
r_algt = (0 0 0 0)+(-1 0 0 0)t1
Checking p_alt (0,0)
Checking q_alt (7.21645e-16,-2.22045e-16)
Checking r_alt (0,-1.66697e-16)
Checking p_algt (0,0)
Checking q_algt (7.21645e-16,-2.22045e-16)
Checking r_algt (0,-1.66697e-16)
Number field: min poly (1 0 -1 0 1)
#Field Degree=4 minimal polynomial=(1 0 -1 0 1)
#Field generator embedding: (0.866025403784438710.49999999999999994
#Params:1
#t1=1.6006331954839121
# Vertices: V0 V1 V2 V3
# UEdges: 
E0 ( V0 V1 F0 NULL ) (1.000000000000000000000000,0.000000000000000000000000)
E1 ( V1 V2 F0 NULL ) (-1.300316597741955959577353,0.750738137738056643399887)
E2 ( V2 V3 F0 NULL ) (-1.300316597741956403666563,-0.750738137738056643399887)
E3 ( V3 V0 F0 NULL ) (1.600633195483912141199312,-0.000000000000000000000000)
# Faces: 
F0 +E0 +E1 +E2 +E3
#UEdges Algebraic 
#E0: (1 0 0 0)+(0 0 0 0)t1
#E1: (-2/3 0 1/3 0)+(-2/3 0 1/3 0)t1
#E2: (-1/3 0 -1/3 0)+(-1/3 0 -1/3 0)t1
#E3: (0 0 0 0)+(1 0 0 0)t1
F0 V0(E0) V1(E1) a=0, can_bisect=0
F0 V0(E0) V2(E2) a=0.666667, can_bisect=1
F0 V0(E0) V3(E3) a=0, can_bisect=0
F0 V1(E1) V2(E2) a=0, can_bisect=0
F0 V1(E1) V3(E3) a=0, can_bisect=1
F0 V2(E2) V3(E3) a=0, can_bisect=0
F0 best_angle = 0.666667
In RetriangulateSurface
Removing V0
F25 V15(E10) V5(E6) a=0, can_bisect=0
F25 V15(E10) V38(E1) a=0.523599, can_bisect=1
F25 V15(E10) V2(E2) a=0, can_bisect=0
F25 V5(E6) V38(E1) a=0, can_bisect=0
F25 V5(E6) V2(E2) a=1.0472, can_bisect=1
F25 V38(E1) V2(E2) a=0, can_bisect=0
F25 best_angle = 1.0472
Removing V10
F28 V5(E10) V15(E16) a=0, can_bisect=0
F28 V5(E10) V2(E1) a=1.0472, can_bisect=1
F28 V5(E10) V38(E33) a=0, can_bisect=0
F28 V15(E16) V2(E1) a=0, can_bisect=0
F28 V15(E16) V38(E33) a=0.523599, can_bisect=1
F28 V2(E1) V38(E33) a=0, can_bisect=0
F28 best_angle = 1.0472
Removing V15
F31 V5(E71) V2(E17) a=0, can_bisect=0
F31 V5(E71) V17(E25) a=0.229846, can_bisect=1
F31 V5(E71) V5(E47) a=0.523599, can_bisect=1
F31 V5(E71) V40(E43) a=0.776834, can_bisect=1
F31 V5(E71) V2(E59) a=1.0472, can_bisect=1
F31 V5(E71) V58(E67) a=0.776834, can_bisect=1
F31 V5(E71) V5(E53) a=0.523599, can_bisect=1
F31 V5(E71) V36(E37) a=0.229846, can_bisect=1
F31 V5(E71) V2(E72) a=0, can_bisect=0
F31 V2(E17) V17(E25) a=0, can_bisect=0
F31 V2(E17) V5(E47) a=0.380531, can_bisect=1
F31 V2(E17) V40(E43) a=0.436821, can_bisect=1
F31 V2(E17) V2(E59) a=0.90413, can_bisect=1
F31 V2(E17) V58(E67) a=0.937031, can_bisect=1
F31 V2(E17) V5(E53) a=1.0472, can_bisect=1
F31 V2(E17) V36(E37) a=0.776834, can_bisect=1
F31 V2(E17) V2(E72) a=0.523599, can_bisect=1
F31 V17(E25) V5(E47) a=0, can_bisect=0
F31 V17(E25) V40(E43) a=0.143068, can_bisect=1
F31 V17(E25) V2(E59) a=0.436821, can_bisect=1
F31 V17(E25) V58(E67) a=0.666667, can_bisect=1
F31 V17(E25) V5(E53) a=0.937031, can_bisect=1
F31 V17(E25) V36(E37) a=1.19027, can_bisect=1
F31 V17(E25) V2(E72) a=0.776834, can_bisect=1
F31 V5(E47) V40(E43) a=0, can_bisect=0
F31 V5(E47) V2(E59) a=0.380531, can_bisect=1
F31 V5(E47) V58(E67) a=0.436821, can_bisect=1
F31 V5(E47) V5(E53) a=0.90413, can_bisect=1
F31 V5(E47) V36(E37) a=0.937031, can_bisect=1
F31 V5(E47) V2(E72) a=1.0472, can_bisect=1
F31 V40(E43) V2(E59) a=0, can_bisect=0
F31 V40(E43) V58(E67) a=0.143068, can_bisect=1
F31 V40(E43) V5(E53) a=0.436821, can_bisect=1
F31 V40(E43) V36(E37) a=0.666667, can_bisect=1
F31 V40(E43) V2(E72) a=0.937031, can_bisect=1
F31 V2(E59) V58(E67) a=0, can_bisect=0
F31 V2(E59) V5(E53) a=0.380531, can_bisect=1
F31 V2(E59) V36(E37) a=0.436821, can_bisect=1
F31 V2(E59) V2(E72) a=0.90413, can_bisect=1
F31 V58(E67) V5(E53) a=0, can_bisect=0
F31 V58(E67) V36(E37) a=0.143068, can_bisect=1
F31 V58(E67) V2(E72) a=0.436821, can_bisect=1
F31 V5(E53) V36(E37) a=0, can_bisect=0
F31 V5(E53) V2(E72) a=0.380531, can_bisect=1
F31 V36(E37) V2(E72) a=0, can_bisect=0
F31 best_angle = 1.19027
F33 V36(E37) V2(E72) a=0, can_bisect=0
F33 V36(E37) V5(E71) a=0.229846, can_bisect=1
F33 V36(E37) V2(E17) a=0.253235, can_bisect=1
F33 V36(E37) V17(E73) a=0, can_bisect=0
F33 V2(E72) V5(E71) a=0, can_bisect=0
F33 V2(E72) V2(E17) a=0.523599, can_bisect=1
F33 V2(E72) V17(E73) a=0.253235, can_bisect=1
F33 V5(E71) V2(E17) a=0, can_bisect=0
F33 V5(E71) V17(E73) a=0.229846, can_bisect=1
F33 V2(E17) V17(E73) a=0, can_bisect=0
F33 best_angle = 0.523599
F35 V2(E17) V17(E73) a=0, can_bisect=0
F35 V2(E17) V36(E37) a=0.253235, can_bisect=1
F35 V2(E17) V2(E74) a=0, can_bisect=0
F35 V17(E73) V36(E37) a=0, can_bisect=0
F35 V17(E73) V2(E74) a=0.253235, can_bisect=1
F35 V36(E37) V2(E74) a=0, can_bisect=0
F35 best_angle = 0.253235
F32 V17(E25) V5(E47) a=0, can_bisect=0
F32 V17(E25) V40(E43) a=0.143068, can_bisect=1
F32 V17(E25) V2(E59) a=0.436821, can_bisect=1
F32 V17(E25) V58(E67) a=0.523599, can_bisect=1
F32 V17(E25) V5(E53) a=0.253235, can_bisect=1
F32 V17(E25) V36(E73) a=0, can_bisect=0
F32 V5(E47) V40(E43) a=0, can_bisect=0
F32 V5(E47) V2(E59) a=0.380531, can_bisect=1
F32 V5(E47) V58(E67) a=0.436821, can_bisect=1
F32 V5(E47) V5(E53) a=0.90413, can_bisect=1
F32 V5(E47) V36(E73) a=0.253235, can_bisect=1
F32 V40(E43) V2(E59) a=0, can_bisect=0
F32 V40(E43) V58(E67) a=0.143068, can_bisect=1
F32 V40(E43) V5(E53) a=0.436821, can_bisect=1
F32 V40(E43) V36(E73) a=0.523599, can_bisect=1
F32 V2(E59) V58(E67) a=0, can_bisect=0
F32 V2(E59) V5(E53) a=0.380531, can_bisect=1
F32 V2(E59) V36(E73) a=0.436821, can_bisect=1
F32 V58(E67) V5(E53) a=0, can_bisect=0
F32 V58(E67) V36(E73) a=0.143068, can_bisect=1
F32 V5(E53) V36(E73) a=0, can_bisect=0
F32 best_angle = 0.90413
F39 V5(E53) V36(E73) a=0, can_bisect=0
F39 V5(E53) V17(E25) a=0.253235, can_bisect=1
F39 V5(E53) V5(E76) a=0, can_bisect=0
F39 V36(E73) V17(E25) a=0, can_bisect=0
F39 V36(E73) V5(E76) a=0.253235, can_bisect=1
F39 V17(E25) V5(E76) a=0, can_bisect=0
F39 best_angle = 0.253235
F38 V5(E47) V40(E43) a=0, can_bisect=0
F38 V5(E47) V2(E59) a=0.380531, can_bisect=1
F38 V5(E47) V58(E67) a=0.293753, can_bisect=1
F38 V5(E47) V5(E76) a=0, can_bisect=0
F38 V40(E43) V2(E59) a=0, can_bisect=0
F38 V40(E43) V58(E67) a=0.143068, can_bisect=1
F38 V40(E43) V5(E76) a=0.293753, can_bisect=1
F38 V2(E59) V58(E67) a=0, can_bisect=0
F38 V2(E59) V5(E76) a=0.380531, can_bisect=1
F38 V58(E67) V5(E76) a=0, can_bisect=0
F38 best_angle = 0.380531
F43 V2(E59) V58(E67) a=0, can_bisect=0
F43 V2(E59) V5(E76) a=0.380531, can_bisect=1
F43 V2(E59) V5(E78) a=0, can_bisect=0
F43 V58(E67) V5(E76) a=0, can_bisect=0
F43 V58(E67) V5(E78) a=0.229846, can_bisect=1
F43 V5(E76) V5(E78) a=0, can_bisect=0
F43 best_angle = 0.380531
Removing V17
F46 V36(E75) V2(E21) a=0, can_bisect=0
F46 V36(E75) V38(E6) a=0.253235, can_bisect=1
F46 V36(E75) V5(E76) a=0.253235, can_bisect=1
F46 V36(E75) V5(E53) a=0, can_bisect=0
F46 V2(E21) V38(E6) a=0, can_bisect=0
F46 V2(E21) V5(E76) a=1.0472, can_bisect=1
F46 V2(E21) V5(E53) a=0.270364, can_bisect=1
F46 V38(E6) V5(E76) a=0, can_bisect=0
F46 V38(E6) V5(E53) a=0.190126, can_bisect=1
F46 V5(E76) V5(E53) a=0, can_bisect=0
F46 best_angle = 1.0472
F48 V5(E76) V5(E53) a=0, can_bisect=0
F48 V5(E76) V36(E75) a=0.253235, can_bisect=1
F48 V5(E76) V2(E80) a=0, can_bisect=0
F48 V5(E53) V36(E75) a=0, can_bisect=0
F48 V5(E53) V2(E80) a=0.270364, can_bisect=1
F48 V36(E75) V2(E80) a=0, can_bisect=0
F48 best_angle = 0.270364
Removing V36
F51 V5(E33) V38(E39) a=0, can_bisect=0
F51 V5(E33) V2(E74) a=1.0472, can_bisect=1
F51 V5(E33) V2(E81) a=0, can_bisect=0
F51 V38(E39) V2(E74) a=0, can_bisect=0
F51 V38(E39) V2(E81) a=0.190126, can_bisect=1
F51 V2(E74) V2(E81) a=0, can_bisect=0
F51 best_angle = 1.0472
Removing V38
F54 V5(E72) V2(E71) a=0, can_bisect=0
F54 V5(E72) V5(E80) a=0.523599, can_bisect=1
F54 V5(E72) V2(E43) a=0.666667, can_bisect=1
F54 V5(E72) V40(E47) a=0.839063, can_bisect=1
F54 V5(E72) V5(E67) a=0.143068, can_bisect=1
F54 V5(E72) V58(E59) a=0.459649, can_bisect=1
F54 V5(E72) V2(E82) a=0, can_bisect=0
F54 V2(E71) V5(E80) a=0, can_bisect=0
F54 V2(E71) V2(E43) a=0.523599, can_bisect=1
F54 V2(E71) V40(E47) a=0.839063, can_bisect=1
F54 V2(E71) V5(E67) a=0.666667, can_bisect=1
F54 V2(E71) V58(E59) a=0.839063, can_bisect=1
F54 V2(E71) V2(E82) a=0.523599, can_bisect=1
F54 V5(E80) V2(E43) a=0, can_bisect=0
F54 V5(E80) V40(E47) a=0.459649, can_bisect=1
F54 V5(E80) V5(E67) a=0.143068, can_bisect=1
F54 V5(E80) V58(E59) a=0.839063, can_bisect=1
F54 V5(E80) V2(E82) a=0.666667, can_bisect=1
F54 V2(E43) V40(E47) a=0, can_bisect=0
F54 V2(E43) V5(E67) a=1.71386, can_bisect=0
F54 V2(E43) V58(E59) a=0.079118, can_bisect=1
F54 V2(E43) V2(E82) a=0.143068, can_bisect=1
F54 V40(E47) V5(E67) a=0, can_bisect=0
F54 V40(E47) V58(E59) a=0.90413, can_bisect=1
F54 V40(E47) V2(E82) a=0.079118, can_bisect=1
F54 V5(E67) V58(E59) a=0, can_bisect=0
F54 V5(E67) V2(E82) a=1.71386, can_bisect=0
F54 V58(E59) V2(E82) a=0, can_bisect=0
F54 best_angle = 0.90413
F56 V58(E59) V2(E82) a=0, can_bisect=0
F56 V58(E59) V5(E72) a=0.459649, can_bisect=1
F56 V58(E59) V2(E71) a=0.839063, can_bisect=1
F56 V58(E59) V5(E80) a=0.731733, can_bisect=1
F56 V58(E59) V2(E43) a=0.0639499, can_bisect=1
F56 V58(E59) V40(E83) a=0, can_bisect=0
F56 V2(E82) V5(E72) a=0, can_bisect=0
F56 V2(E82) V2(E71) a=0.523599, can_bisect=1
F56 V2(E82) V5(E80) a=0.666667, can_bisect=1
F56 V2(E82) V2(E43) a=0.143068, can_bisect=1
F56 V2(E82) V40(E83) a=0.0639499, can_bisect=1
F56 V5(E72) V2(E71) a=0, can_bisect=0
F56 V5(E72) V5(E80) a=0.523599, can_bisect=1
F56 V5(E72) V2(E43) a=0.666667, can_bisect=1
F56 V5(E72) V40(E83) a=0.731733, can_bisect=1
F56 V2(E71) V5(E80) a=0, can_bisect=0
F56 V2(E71) V2(E43) a=0.523599, can_bisect=1
F56 V2(E71) V40(E83) a=0.839063, can_bisect=1
F56 V5(E80) V2(E43) a=0, can_bisect=0
F56 V5(E80) V40(E83) a=0.459649, can_bisect=1
F56 V2(E43) V40(E83) a=0, can_bisect=0
F56 best_angle = 0.839063
F58 V2(E71) V5(E80) a=0, can_bisect=0
F58 V2(E71) V2(E43) a=0.523599, can_bisect=1
F58 V2(E71) V40(E83) a=0.416269, can_bisect=1
F58 V2(E71) V58(E84) a=0, can_bisect=0
F58 V5(E80) V2(E43) a=0, can_bisect=0
F58 V5(E80) V40(E83) a=0.459649, can_bisect=1
F58 V5(E80) V58(E84) a=0.630928, can_bisect=1
F58 V2(E43) V40(E83) a=0, can_bisect=0
F58 V2(E43) V58(E84) a=0.0639499, can_bisect=1
F58 V40(E83) V58(E84) a=0, can_bisect=0
F58 best_angle = 0.630928
F59 V5(E80) V2(E43) a=0, can_bisect=0
F59 V5(E80) V40(E83) a=0.379414, can_bisect=1
F59 V5(E80) V58(E85) a=0, can_bisect=0
F59 V2(E43) V40(E83) a=0, can_bisect=0
F59 V2(E43) V58(E85) a=0.0639499, can_bisect=1
F59 V40(E83) V58(E85) a=0, can_bisect=0
F59 best_angle = 0.379414
F57 V58(E59) V2(E82) a=0, can_bisect=0
F57 V58(E59) V5(E72) a=0.459649, can_bisect=1
F57 V58(E59) V2(E84) a=0, can_bisect=0
F57 V2(E82) V5(E72) a=0, can_bisect=0
F57 V2(E82) V2(E84) a=0.315464, can_bisect=1
F57 V5(E72) V2(E84) a=0, can_bisect=0
F57 best_angle = 0.459649
Removing V40
F65 V2(E78) V5(E67) a=0, can_bisect=0
F65 V2(E78) V58(E85) a=0.459649, can_bisect=1
F65 V2(E78) V5(E80) a=0, can_bisect=0
F65 V5(E67) V58(E85) a=0, can_bisect=0
F65 V5(E67) V5(E80) a=0.315464, can_bisect=1
F65 V58(E85) V5(E80) a=0, can_bisect=0
F65 best_angle = 0.459649
Removing V58
F68 V5(E79) V2(E82) a=0, can_bisect=0
F68 V5(E79) V5(E72) a=0.523599, can_bisect=1
F68 V5(E79) V2(E71) a=1.0472, can_bisect=1
F68 V5(E79) V5(E80) a=0.523599, can_bisect=1
F68 V5(E79) V2(E78) a=0, can_bisect=0
F68 V2(E82) V5(E72) a=0, can_bisect=0
F68 V2(E82) V2(E71) a=0.523599, can_bisect=1
F68 V2(E82) V5(E80) a=1.0472, can_bisect=1
F68 V2(E82) V2(E78) a=0.523599, can_bisect=1
F68 V5(E72) V2(E71) a=0, can_bisect=0
F68 V5(E72) V5(E80) a=0.523599, can_bisect=1
F68 V5(E72) V2(E78) a=1.0472, can_bisect=1
F68 V2(E71) V5(E80) a=0, can_bisect=0
F68 V2(E71) V2(E78) a=0.523599, can_bisect=1
F68 V5(E80) V2(E78) a=0, can_bisect=0
F68 best_angle = 1.0472
F70 V2(E71) V5(E80) a=0, can_bisect=0
F70 V2(E71) V2(E78) a=0.523599, can_bisect=1
F70 V2(E71) V5(E89) a=0, can_bisect=0
F70 V5(E80) V2(E78) a=0, can_bisect=0
F70 V5(E80) V5(E89) a=0.523599, can_bisect=1
F70 V2(E78) V5(E89) a=0, can_bisect=0
F70 best_angle = 0.523599
F69 V5(E79) V2(E82) a=0, can_bisect=0
F69 V5(E79) V5(E72) a=0.523599, can_bisect=1
F69 V5(E79) V2(E89) a=0, can_bisect=0
F69 V2(E82) V5(E72) a=0, can_bisect=0
F69 V2(E82) V2(E89) a=0.523599, can_bisect=1
F69 V5(E72) V2(E89) a=0, can_bisect=0
F69 best_angle = 0.523599
Longest Edge: 3.00295
Looking for shortest saddle...1.50148
Clearing denominators: multiplying by 3
#Field Degree=4 minimal polynomial=(1 0 -1 0 1)
#Field generator embedding: (0.866025403784438710.49999999999999994
#Params:1
#t1=1.6006331954839121
# Vertices: V2 V5
# UEdges: 
E71 ( V5 V2 F34 F72 ) (0.000000000000000000000000,4.504428826428339860399319)
E72 ( V5 V2 F73 F34 ) (-3.900949793225868766910480,-2.252214413214169930199660)
E74 ( V2 V2 F53 F34 ) (3.900949793225868766910480,6.756643239642509790598979)
E76 ( V5 V5 F50 F45 ) (-3.900949793225869210999690,-6.756643239642509790598979)
E78 ( V5 V2 F45 F71 ) (-3.900949793225867878732060,-2.252214413214169930199660)
E79 ( V2 V5 F45 F74 ) (-0.000000000000000999200722,-4.504428826428339860399319)
E80 ( V2 V5 F50 F71 ) (-3.900949793225866546464431,2.252214413214169930199660)
E81 ( V5 V2 F50 F53 ) (7.801899586451733981107282,4.504428826428339860399319)
E82 ( V5 V2 F53 F73 ) (3.900949793225866546464431,-2.252214413214169930199660)
E89 ( V5 V2 F72 F74 ) (-7.801899586451733092928862,4.504428826428339860399319)
E90 ( V5 V5 F72 F71 ) (7.801899586451733981107282,0.000000000000000000000000)
E91 ( V2 V2 F74 F73 ) (-7.801899586451735757464121,0.000000000000000000000000)
# Faces: 
F34 -E72 +E71 -E74
F45 -E76 +E78 +E79
F50 +E80 +E76 +E81
F53 +E74 -E81 +E82
F71 -E80 -E78 -E90
F72 +E89 -E71 +E90
F73 -E82 +E72 -E91
F74 -E89 -E79 +E91
#UEdges Algebraic 
#E71: (-1 0 2 0)+(-1 0 2 0)t1
#E72: (-1 0 -1 0)+(-1 0 -1 0)t1
#E74: (0 0 3 0)+(0 0 3 0)t1
#E76: (0 0 -3 0)+(0 0 -3 0)t1
#E78: (-1 0 -1 0)+(-1 0 -1 0)t1
#E79: (1 0 -2 0)+(1 0 -2 0)t1
#E80: (-2 0 1 0)+(-2 0 1 0)t1
#E81: (2 0 2 0)+(2 0 2 0)t1
#E82: (2 0 -1 0)+(2 0 -1 0)t1
#E89: (-4 0 2 0)+(-4 0 2 0)t1
#E90: (3 0 0 0)+(3 0 0 0)t1
#E91: (-3 0 0 0)+(-3 0 0 0)t1
# File =  perturb = 0 rescale = 1
# vertices: 2
## V2(12) (4 PI) V5(12) (4 PI) 
# edges: 12
## E71(2) E72(2) E74(2) E76(2) E78(2) E79(2) E80(2) E81(2) E82(2) E89(2) E90(2) E91(2) 
# faces: 8
# genus: 2
# area: 105.429
sweeping start V2 depth = 34.2263
File =  depth = 34.2263 follow_depth = 171.131 perturb = 0
Final Report:

 part done:100% weird 0 bad_angle 16 unusual 0 close 21263 reject 0
V2: AcBd V5: aDbC   cylinders |1|1|
Moduli: |1|1| Min Area: 1 Max Area: 1
    total: 1.41372 0.859437 sym = 4
    raw = 120 short saddle = 4.50443 short cyl = 13.5133 tag #0
V2: AbBa V5: CcDd   cylinders |1|1|2|
Moduli: |1|1|1| Min Area: 1 Max Area: 1
    total: 0.989602 0.601606 sym = 4
    raw = 84 short saddle = 7.8019 short cyl = 7.8019 tag #1

total cylinders: 5.79624 3.52369 raw = 123 rejected = 0
