polygon 1 8 3 8 --depth=10 --follow_depth=50 --show_cyls --show_moduli --cyls_only --quiet 
max loc = 1
alpha =  8 beta = 3 gamma = 8 delta =1
a =  2.51327 b = 0.942478 c= 2.51327 d=0.314159
a1_min = -0.314159 a1_max = 2.19911
a1 = 1.39911
angle a check: 0
angle b check: -1.11022e-16
angle c check: 3.14159
angle d check: 1.66533e-16
p = 1 q = 1.12778 p-q = 1.37351
p = (1,0) q = (0.192669,1.1112) r = (-2.92264,2.12342)
Imaginary of t_cx = -2.22045e-16
p_algt = (1 0 0 0 0 0 0 0)+(0 0 0 0 0 0 0 0)t1
r_algt = (0 0 0 0 0 0 0 0)+(-1 0 1 0 -1 0 1 0)t1
Checking p_alt (0,0)
Checking q_alt (6.38378e-16,-8.88178e-16)
Checking r_alt (0,-1.33227e-15)
Checking p_algt (0,0)
Checking q_algt (6.38378e-16,-8.88178e-16)
Checking r_algt (0,-1.33227e-15)
Number field: min poly (1 0 -1 0 1 0 -1 0 1)
#Field Degree=8 minimal polynomial=(1 0 -1 0 1 0 -1 0 1)
#Field generator embedding: (0.951056516295153530.3090169943749474
#Params:1
#t1=3.6125795824929936
# Vertices: V0 V1 V2 V3
# UEdges: 
E0 ( V0 V1 F0 NULL ) (1.000000000000000000000000,0.000000000000000000000000)
E1 ( V1 V2 F0 NULL ) (-0.807331490147339847496255,1.111196466865849608041117)
E2 ( V2 V3 F0 NULL ) (-3.115306785621444696232629,1.012224534456430902196189)
E3 ( V3 V0 F0 NULL ) (2.922638275768784321684279,-2.123421001322280510237306)
# Faces: 
F0 +E0 +E1 +E2 +E3
#UEdges Algebraic 
#E0: (1 0 0 0 0 0 0 0)+(0 0 0 0 0 0 0 0)t1
#E1: (1/5 0 -2/5 0 3/5 0 -4/5 0)+(-1/5 0 2/5 0 -3/5 0 4/5 0)t1
#E2: (-6/5 0 2/5 0 -3/5 0 4/5 0)+(-4/5 0 3/5 0 -2/5 0 1/5 0)t1
#E3: (0 0 0 0 0 0 0 0)+(1 0 -1 0 1 0 -1 0)t1
F0 V0(E0) V1(E1) a=0, can_bisect=0
F0 V0(E0) V2(E2) a=0.8, can_bisect=1
F0 V0(E0) V3(E3) a=0, can_bisect=0
F0 V1(E1) V2(E2) a=0, can_bisect=0
F0 V1(E1) V3(E3) a=0.13216, can_bisect=1
F0 V2(E2) V3(E3) a=0, can_bisect=0
F0 best_angle = 0.8
In RetriangulateSurface
Removing V69
F41 V10(E109) V5(E83) a=0, can_bisect=0
F41 V10(E109) V60(E103) a=2.3708, can_bisect=0
F41 V10(E109) V65(E95) a=0.110314, can_bisect=1
F41 V10(E109) V10(E49) a=0.171681, can_bisect=1
F41 V10(E109) V5(E89) a=0.377639, can_bisect=1
F41 V10(E109) V60(E61) a=0.485841, can_bisect=1
F41 V10(E109) V65(E11) a=0.66784, can_bisect=1
F41 V10(E109) V10(E55) a=0.8, can_bisect=1
F41 V10(E109) V5(E23) a=0.964827, can_bisect=1
F41 V10(E109) V60(E4) a=1.11416, can_bisect=1
F41 V10(E109) V65(E17) a=0.964827, can_bisect=1
F41 V10(E109) V10(E43) a=0.8, can_bisect=1
F41 V10(E109) V5(E5) a=0.66784, can_bisect=1
F41 V10(E109) V60(E37) a=0.485841, can_bisect=1
F41 V10(E109) V65(E77) a=0.377639, can_bisect=1
F41 V10(E109) V10(E31) a=0.171681, can_bisect=1
F41 V10(E109) V5(E71) a=0.110314, can_bisect=1
F41 V10(E109) V60(E115) a=2.3708, can_bisect=0
F41 V10(E109) V65(E65) a=0, can_bisect=0
F41 V5(E83) V60(E103) a=0, can_bisect=0
F41 V5(E83) V65(E95) a=0.456637, can_bisect=1
F41 V5(E83) V10(E49) a=0.110314, can_bisect=1
F41 V5(E83) V5(E89) a=0.770796, can_bisect=1
F41 V5(E83) V60(E61) a=0.377639, can_bisect=1
F41 V5(E83) V65(E11) a=1.08496, can_bisect=1
F41 V5(E83) V10(E55) a=0.66784, can_bisect=1
F41 V5(E83) V5(E23) a=1.39911, can_bisect=1
F41 V5(E83) V60(E4) a=0.964827, can_bisect=1
F41 V5(E83) V65(E17) a=1.71327, can_bisect=1
F41 V5(E83) V10(E43) a=0.964827, can_bisect=1
F41 V5(E83) V5(E5) a=1.39911, can_bisect=1
F41 V5(E83) V60(E37) a=0.66784, can_bisect=1
F41 V5(E83) V65(E77) a=1.08496, can_bisect=1
F41 V5(E83) V10(E31) a=0.377639, can_bisect=1
F41 V5(E83) V5(E71) a=0.770796, can_bisect=1
F41 V5(E83) V60(E115) a=0.110314, can_bisect=1
F41 V5(E83) V65(E65) a=0.456637, can_bisect=1
F41 V60(E103) V65(E95) a=0, can_bisect=0
F41 V60(E103) V10(E49) a=2.3708, can_bisect=0
F41 V60(E103) V5(E89) a=0.110314, can_bisect=1
F41 V60(E103) V60(E61) a=0.171681, can_bisect=1
F41 V60(E103) V65(E11) a=0.377639, can_bisect=1
F41 V60(E103) V10(E55) a=0.485841, can_bisect=1
F41 V60(E103) V5(E23) a=0.66784, can_bisect=1
F41 V60(E103) V60(E4) a=0.8, can_bisect=1
F41 V60(E103) V65(E17) a=0.964827, can_bisect=1
F41 V60(E103) V10(E43) a=1.11416, can_bisect=1
F41 V60(E103) V5(E5) a=0.964827, can_bisect=1
F41 V60(E103) V60(E37) a=0.8, can_bisect=1
F41 V60(E103) V65(E77) a=0.66784, can_bisect=1
F41 V60(E103) V10(E31) a=0.485841, can_bisect=1
F41 V60(E103) V5(E71) a=0.377639, can_bisect=1
F41 V60(E103) V60(E115) a=0.171681, can_bisect=1
F41 V60(E103) V65(E65) a=0.110314, can_bisect=1
F41 V65(E95) V10(E49) a=0, can_bisect=0
F41 V65(E95) V5(E89) a=0.456637, can_bisect=1
F41 V65(E95) V60(E61) a=0.110314, can_bisect=1
F41 V65(E95) V65(E11) a=0.770796, can_bisect=1
F41 V65(E95) V10(E55) a=0.377639, can_bisect=1
F41 V65(E95) V5(E23) a=1.08496, can_bisect=1
F41 V65(E95) V60(E4) a=0.66784, can_bisect=1
F41 V65(E95) V65(E17) a=1.39911, can_bisect=1
F41 V65(E95) V10(E43) a=0.964827, can_bisect=1
F41 V65(E95) V5(E5) a=1.71327, can_bisect=1
F41 V65(E95) V60(E37) a=0.964827, can_bisect=1
F41 V65(E95) V65(E77) a=1.39911, can_bisect=1
F41 V65(E95) V10(E31) a=0.66784, can_bisect=1
F41 V65(E95) V5(E71) a=1.08496, can_bisect=1
F41 V65(E95) V60(E115) a=0.377639, can_bisect=1
F41 V65(E95) V65(E65) a=0.770796, can_bisect=1
F41 V10(E49) V5(E89) a=0, can_bisect=0
F41 V10(E49) V60(E61) a=2.3708, can_bisect=0
F41 V10(E49) V65(E11) a=0.110314, can_bisect=1
F41 V10(E49) V10(E55) a=0.171681, can_bisect=1
F41 V10(E49) V5(E23) a=0.377639, can_bisect=1
F41 V10(E49) V60(E4) a=0.485841, can_bisect=1
F41 V10(E49) V65(E17) a=0.66784, can_bisect=1
F41 V10(E49) V10(E43) a=0.8, can_bisect=1
F41 V10(E49) V5(E5) a=0.964827, can_bisect=1
F41 V10(E49) V60(E37) a=1.11416, can_bisect=1
F41 V10(E49) V65(E77) a=0.964827, can_bisect=1
F41 V10(E49) V10(E31) a=0.8, can_bisect=1
F41 V10(E49) V5(E71) a=0.66784, can_bisect=1
F41 V10(E49) V60(E115) a=0.485841, can_bisect=1
F41 V10(E49) V65(E65) a=0.377639, can_bisect=1
F41 V5(E89) V60(E61) a=0, can_bisect=0
F41 V5(E89) V65(E11) a=0.456637, can_bisect=1
F41 V5(E89) V10(E55) a=0.110314, can_bisect=1
F41 V5(E89) V5(E23) a=0.770796, can_bisect=1
F41 V5(E89) V60(E4) a=0.377639, can_bisect=1
F41 V5(E89) V65(E17) a=1.08496, can_bisect=1
F41 V5(E89) V10(E43) a=0.66784, can_bisect=1
F41 V5(E89) V5(E5) a=1.39911, can_bisect=1
F41 V5(E89) V60(E37) a=0.964827, can_bisect=1
F41 V5(E89) V65(E77) a=1.71327, can_bisect=1
F41 V5(E89) V10(E31) a=0.964827, can_bisect=1
F41 V5(E89) V5(E71) a=1.39911, can_bisect=1
F41 V5(E89) V60(E115) a=0.66784, can_bisect=1
F41 V5(E89) V65(E65) a=1.08496, can_bisect=1
F41 V60(E61) V65(E11) a=0, can_bisect=0
F41 V60(E61) V10(E55) a=2.3708, can_bisect=0
F41 V60(E61) V5(E23) a=0.110314, can_bisect=1
F41 V60(E61) V60(E4) a=0.171681, can_bisect=1
F41 V60(E61) V65(E17) a=0.377639, can_bisect=1
F41 V60(E61) V10(E43) a=0.485841, can_bisect=1
F41 V60(E61) V5(E5) a=0.66784, can_bisect=1
F41 V60(E61) V60(E37) a=0.8, can_bisect=1
F41 V60(E61) V65(E77) a=0.964827, can_bisect=1
F41 V60(E61) V10(E31) a=1.11416, can_bisect=1
F41 V60(E61) V5(E71) a=0.964827, can_bisect=1
F41 V60(E61) V60(E115) a=0.8, can_bisect=1
F41 V60(E61) V65(E65) a=0.66784, can_bisect=1
F41 V65(E11) V10(E55) a=0, can_bisect=0
F41 V65(E11) V5(E23) a=0.456637, can_bisect=1
F41 V65(E11) V60(E4) a=0.110314, can_bisect=1
F41 V65(E11) V65(E17) a=0.770796, can_bisect=1
F41 V65(E11) V10(E43) a=0.377639, can_bisect=1
F41 V65(E11) V5(E5) a=1.08496, can_bisect=1
F41 V65(E11) V60(E37) a=0.66784, can_bisect=1
F41 V65(E11) V65(E77) a=1.39911, can_bisect=1
F41 V65(E11) V10(E31) a=0.964827, can_bisect=1
F41 V65(E11) V5(E71) a=1.71327, can_bisect=1
F41 V65(E11) V60(E115) a=0.964827, can_bisect=1
F41 V65(E11) V65(E65) a=1.39911, can_bisect=1
F41 V10(E55) V5(E23) a=0, can_bisect=0
F41 V10(E55) V60(E4) a=2.3708, can_bisect=0
F41 V10(E55) V65(E17) a=0.110314, can_bisect=1
F41 V10(E55) V10(E43) a=0.171681, can_bisect=1
F41 V10(E55) V5(E5) a=0.377639, can_bisect=1
F41 V10(E55) V60(E37) a=0.485841, can_bisect=1
F41 V10(E55) V65(E77) a=0.66784, can_bisect=1
F41 V10(E55) V10(E31) a=0.8, can_bisect=1
F41 V10(E55) V5(E71) a=0.964827, can_bisect=1
F41 V10(E55) V60(E115) a=1.11416, can_bisect=1
F41 V10(E55) V65(E65) a=0.964827, can_bisect=1
F41 V5(E23) V60(E4) a=0, can_bisect=0
F41 V5(E23) V65(E17) a=0.456637, can_bisect=1
F41 V5(E23) V10(E43) a=0.110314, can_bisect=1
F41 V5(E23) V5(E5) a=0.770796, can_bisect=1
F41 V5(E23) V60(E37) a=0.377639, can_bisect=1
F41 V5(E23) V65(E77) a=1.08496, can_bisect=1
F41 V5(E23) V10(E31) a=0.66784, can_bisect=1
F41 V5(E23) V5(E71) a=1.39911, can_bisect=1
F41 V5(E23) V60(E115) a=0.964827, can_bisect=1
F41 V5(E23) V65(E65) a=1.71327, can_bisect=1
F41 V60(E4) V65(E17) a=0, can_bisect=0
F41 V60(E4) V10(E43) a=2.3708, can_bisect=0
F41 V60(E4) V5(E5) a=0.110314, can_bisect=1
F41 V60(E4) V60(E37) a=0.171681, can_bisect=1
F41 V60(E4) V65(E77) a=0.377639, can_bisect=1
F41 V60(E4) V10(E31) a=0.485841, can_bisect=1
F41 V60(E4) V5(E71) a=0.66784, can_bisect=1
F41 V60(E4) V60(E115) a=0.8, can_bisect=1
F41 V60(E4) V65(E65) a=0.964827, can_bisect=1
F41 V65(E17) V10(E43) a=0, can_bisect=0
F41 V65(E17) V5(E5) a=0.456637, can_bisect=1
F41 V65(E17) V60(E37) a=0.110314, can_bisect=1
F41 V65(E17) V65(E77) a=0.770796, can_bisect=1
F41 V65(E17) V10(E31) a=0.377639, can_bisect=1
F41 V65(E17) V5(E71) a=1.08496, can_bisect=1
F41 V65(E17) V60(E115) a=0.66784, can_bisect=1
F41 V65(E17) V65(E65) a=1.39911, can_bisect=1
F41 V10(E43) V5(E5) a=0, can_bisect=0
F41 V10(E43) V60(E37) a=2.3708, can_bisect=0
F41 V10(E43) V65(E77) a=0.110314, can_bisect=1
F41 V10(E43) V10(E31) a=0.171681, can_bisect=1
F41 V10(E43) V5(E71) a=0.377639, can_bisect=1
F41 V10(E43) V60(E115) a=0.485841, can_bisect=1
F41 V10(E43) V65(E65) a=0.66784, can_bisect=1
F41 V5(E5) V60(E37) a=0, can_bisect=0
F41 V5(E5) V65(E77) a=0.456637, can_bisect=1
F41 V5(E5) V10(E31) a=0.110314, can_bisect=1
F41 V5(E5) V5(E71) a=0.770796, can_bisect=1
F41 V5(E5) V60(E115) a=0.377639, can_bisect=1
F41 V5(E5) V65(E65) a=1.08496, can_bisect=1
F41 V60(E37) V65(E77) a=0, can_bisect=0
F41 V60(E37) V10(E31) a=2.3708, can_bisect=0
F41 V60(E37) V5(E71) a=0.110314, can_bisect=1
F41 V60(E37) V60(E115) a=0.171681, can_bisect=1
F41 V60(E37) V65(E65) a=0.377639, can_bisect=1
F41 V65(E77) V10(E31) a=0, can_bisect=0
F41 V65(E77) V5(E71) a=0.456637, can_bisect=1
F41 V65(E77) V60(E115) a=0.110314, can_bisect=1
F41 V65(E77) V65(E65) a=0.770796, can_bisect=1
F41 V10(E31) V5(E71) a=0, can_bisect=0
F41 V10(E31) V60(E115) a=2.3708, can_bisect=0
F41 V10(E31) V65(E65) a=0.110314, can_bisect=1
F41 V5(E71) V60(E115) a=0, can_bisect=0
F41 V5(E71) V65(E65) a=0.456637, can_bisect=1
F41 V60(E115) V65(E65) a=0, can_bisect=0
F41 best_angle = 1.71327
F43 V65(E17) V10(E43) a=0, can_bisect=0
F43 V65(E17) V5(E5) a=0.456637, can_bisect=1
F43 V65(E17) V60(E37) a=0.110314, can_bisect=1
F43 V65(E17) V65(E77) a=0.770796, can_bisect=1
F43 V65(E17) V10(E31) a=0.377639, can_bisect=1
F43 V65(E17) V5(E71) a=0.628319, can_bisect=1
F43 V65(E17) V60(E115) a=0.496158, can_bisect=1
F43 V65(E17) V65(E65) a=0.314159, can_bisect=1
F43 V65(E17) V10(E109) a=0.164827, can_bisect=1
F43 V65(E17) V5(E119) a=0, can_bisect=0
F43 V10(E43) V5(E5) a=0, can_bisect=0
F43 V10(E43) V60(E37) a=2.3708, can_bisect=0
F43 V10(E43) V65(E77) a=0.110314, can_bisect=1
F43 V10(E43) V10(E31) a=0.171681, can_bisect=1
F43 V10(E43) V5(E71) a=0.377639, can_bisect=1
F43 V10(E43) V60(E115) a=0.485841, can_bisect=1
F43 V10(E43) V65(E65) a=0.66784, can_bisect=1
F43 V10(E43) V10(E109) a=0.8, can_bisect=1
F43 V10(E43) V5(E119) a=0.164827, can_bisect=1
F43 V5(E5) V60(E37) a=0, can_bisect=0
F43 V5(E5) V65(E77) a=0.456637, can_bisect=1
F43 V5(E5) V10(E31) a=0.110314, can_bisect=1
F43 V5(E5) V5(E71) a=0.770796, can_bisect=1
F43 V5(E5) V60(E115) a=0.377639, can_bisect=1
F43 V5(E5) V65(E65) a=1.08496, can_bisect=1
F43 V5(E5) V10(E109) a=0.66784, can_bisect=1
F43 V5(E5) V5(E119) a=0.314159, can_bisect=1
F43 V60(E37) V65(E77) a=0, can_bisect=0
F43 V60(E37) V10(E31) a=2.3708, can_bisect=0
F43 V60(E37) V5(E71) a=0.110314, can_bisect=1
F43 V60(E37) V60(E115) a=0.171681, can_bisect=1
F43 V60(E37) V65(E65) a=0.377639, can_bisect=1
F43 V60(E37) V10(E109) a=0.485841, can_bisect=1
F43 V60(E37) V5(E119) a=0.496158, can_bisect=1
F43 V65(E77) V10(E31) a=0, can_bisect=0
F43 V65(E77) V5(E71) a=0.456637, can_bisect=1
F43 V65(E77) V60(E115) a=0.110314, can_bisect=1
F43 V65(E77) V65(E65) a=0.770796, can_bisect=1
F43 V65(E77) V10(E109) a=0.377639, can_bisect=1
F43 V65(E77) V5(E119) a=0.628319, can_bisect=1
F43 V10(E31) V5(E71) a=0, can_bisect=0
F43 V10(E31) V60(E115) a=2.3708, can_bisect=0
F43 V10(E31) V65(E65) a=0.110314, can_bisect=1
F43 V10(E31) V10(E109) a=0.171681, can_bisect=1
F43 V10(E31) V5(E119) a=0.377639, can_bisect=1
F43 V5(E71) V60(E115) a=0, can_bisect=0
F43 V5(E71) V65(E65) a=0.456637, can_bisect=1
F43 V5(E71) V10(E109) a=0.110314, can_bisect=1
F43 V5(E71) V5(E119) a=0.770796, can_bisect=1
F43 V60(E115) V65(E65) a=0, can_bisect=0
F43 V60(E115) V10(E109) a=2.3708, can_bisect=0
F43 V60(E115) V5(E119) a=0.110314, can_bisect=1
F43 V65(E65) V10(E109) a=0, can_bisect=0
F43 V65(E65) V5(E119) a=0.456637, can_bisect=1
F43 V10(E109) V5(E119) a=0, can_bisect=0
F43 best_angle = 1.08496
F45 V65(E65) V10(E109) a=0, can_bisect=0
F45 V65(E65) V5(E119) a=0.456637, can_bisect=1
F45 V65(E65) V65(E17) a=0.314159, can_bisect=1
F45 V65(E65) V10(E43) a=0.13216, can_bisect=1
F45 V65(E65) V5(E120) a=0, can_bisect=0
F45 V10(E109) V5(E119) a=0, can_bisect=0
F45 V10(E109) V65(E17) a=0.164827, can_bisect=1
F45 V10(E109) V10(E43) a=0.8, can_bisect=1
F45 V10(E109) V5(E120) a=0.13216, can_bisect=1
F45 V5(E119) V65(E17) a=0, can_bisect=0
F45 V5(E119) V10(E43) a=0.164827, can_bisect=1
F45 V5(E119) V5(E120) a=0.314159, can_bisect=1
F45 V65(E17) V10(E43) a=0, can_bisect=0
F45 V65(E17) V5(E120) a=0.456637, can_bisect=1
F45 V10(E43) V5(E120) a=0, can_bisect=0
F45 best_angle = 0.8
F47 V10(E43) V5(E120) a=0, can_bisect=0
F47 V10(E43) V65(E65) a=0.13216, can_bisect=1
F47 V10(E43) V10(E121) a=0, can_bisect=0
F47 V5(E120) V65(E65) a=0, can_bisect=0
F47 V5(E120) V10(E121) a=0.13216, can_bisect=1
F47 V65(E65) V10(E121) a=0, can_bisect=0
F47 best_angle = 0.13216
F46 V10(E109) V5(E119) a=0, can_bisect=0
F46 V10(E109) V65(E17) a=0.164827, can_bisect=1
F46 V10(E109) V10(E121) a=0, can_bisect=0
F46 V5(E119) V65(E17) a=0, can_bisect=0
F46 V5(E119) V10(E121) a=0.164827, can_bisect=1
F46 V65(E17) V10(E121) a=0, can_bisect=0
F46 best_angle = 0.164827
F44 V5(E5) V60(E37) a=0, can_bisect=0
F44 V5(E5) V65(E77) a=0.456637, can_bisect=1
F44 V5(E5) V10(E31) a=0.110314, can_bisect=1
F44 V5(E5) V5(E71) a=0.314159, can_bisect=1
F44 V5(E5) V60(E115) a=0.205958, can_bisect=1
F44 V5(E5) V65(E120) a=0, can_bisect=0
F44 V60(E37) V65(E77) a=0, can_bisect=0
F44 V60(E37) V10(E31) a=2.3708, can_bisect=0
F44 V60(E37) V5(E71) a=0.110314, can_bisect=1
F44 V60(E37) V60(E115) a=0.171681, can_bisect=1
F44 V60(E37) V65(E120) a=0.205958, can_bisect=1
F44 V65(E77) V10(E31) a=0, can_bisect=0
F44 V65(E77) V5(E71) a=0.456637, can_bisect=1
F44 V65(E77) V60(E115) a=0.110314, can_bisect=1
F44 V65(E77) V65(E120) a=0.314159, can_bisect=1
F44 V10(E31) V5(E71) a=0, can_bisect=0
F44 V10(E31) V60(E115) a=2.3708, can_bisect=0
F44 V10(E31) V65(E120) a=0.110314, can_bisect=1
F44 V5(E71) V60(E115) a=0, can_bisect=0
F44 V5(E71) V65(E120) a=0.456637, can_bisect=1
F44 V60(E115) V65(E120) a=0, can_bisect=0
F44 best_angle = 0.456637
F53 V5(E71) V60(E115) a=0, can_bisect=0
F53 V5(E71) V65(E120) a=0.456637, can_bisect=1
F53 V5(E71) V5(E5) a=0.314159, can_bisect=1
F53 V5(E71) V60(E37) a=0.0613675, can_bisect=1
F53 V5(E71) V65(E124) a=0, can_bisect=0
F53 V60(E115) V65(E120) a=0, can_bisect=0
F53 V60(E115) V5(E5) a=0.205958, can_bisect=1
F53 V60(E115) V60(E37) a=0.171681, can_bisect=1
F53 V60(E115) V65(E124) a=0.0613675, can_bisect=1
F53 V65(E120) V5(E5) a=0, can_bisect=0
F53 V65(E120) V60(E37) a=0.205958, can_bisect=1
F53 V65(E120) V65(E124) a=0.314159, can_bisect=1
F53 V5(E5) V60(E37) a=0, can_bisect=0
F53 V5(E5) V65(E124) a=0.456637, can_bisect=1
F53 V60(E37) V65(E124) a=0, can_bisect=0
F53 best_angle = 0.456637
F55 V65(E120) V5(E5) a=0, can_bisect=0
F55 V65(E120) V60(E37) a=0.205958, can_bisect=1
F55 V65(E120) V65(E124) a=0.314159, can_bisect=1
F55 V65(E120) V5(E125) a=0, can_bisect=0
F55 V5(E5) V60(E37) a=0, can_bisect=0
F55 V5(E5) V65(E124) a=0.456637, can_bisect=1
F55 V5(E5) V5(E125) a=0.314159, can_bisect=1
F55 V60(E37) V65(E124) a=0, can_bisect=0
F55 V60(E37) V5(E125) a=0.0613675, can_bisect=1
F55 V65(E124) V5(E125) a=0, can_bisect=0
F55 best_angle = 0.456637
F57 V65(E124) V5(E125) a=0, can_bisect=0
F57 V65(E124) V65(E120) a=0.314159, can_bisect=1
F57 V65(E124) V5(E126) a=0, can_bisect=0
F57 V5(E125) V65(E120) a=0, can_bisect=0
F57 V5(E125) V5(E126) a=0.314159, can_bisect=1
F57 V65(E120) V5(E126) a=0, can_bisect=0
F57 best_angle = 0.314159
F42 V5(E83) V60(E103) a=0, can_bisect=0
F42 V5(E83) V65(E95) a=0.456637, can_bisect=1
F42 V5(E83) V10(E49) a=0.110314, can_bisect=1
F42 V5(E83) V5(E89) a=0.770796, can_bisect=1
F42 V5(E83) V60(E61) a=0.377639, can_bisect=1
F42 V5(E83) V65(E11) a=0.628319, can_bisect=1
F42 V5(E83) V10(E55) a=0.496158, can_bisect=1
F42 V5(E83) V5(E23) a=0.314159, can_bisect=1
F42 V5(E83) V60(E4) a=0.164827, can_bisect=1
F42 V5(E83) V65(E119) a=0, can_bisect=0
F42 V60(E103) V65(E95) a=0, can_bisect=0
F42 V60(E103) V10(E49) a=2.3708, can_bisect=0
F42 V60(E103) V5(E89) a=0.110314, can_bisect=1
F42 V60(E103) V60(E61) a=0.171681, can_bisect=1
F42 V60(E103) V65(E11) a=0.377639, can_bisect=1
F42 V60(E103) V10(E55) a=0.485841, can_bisect=1
F42 V60(E103) V5(E23) a=0.66784, can_bisect=1
F42 V60(E103) V60(E4) a=0.8, can_bisect=1
F42 V60(E103) V65(E119) a=0.164827, can_bisect=1
F42 V65(E95) V10(E49) a=0, can_bisect=0
F42 V65(E95) V5(E89) a=0.456637, can_bisect=1
F42 V65(E95) V60(E61) a=0.110314, can_bisect=1
F42 V65(E95) V65(E11) a=0.770796, can_bisect=1
F42 V65(E95) V10(E55) a=0.377639, can_bisect=1
F42 V65(E95) V5(E23) a=1.08496, can_bisect=1
F42 V65(E95) V60(E4) a=0.66784, can_bisect=1
F42 V65(E95) V65(E119) a=0.314159, can_bisect=1
F42 V10(E49) V5(E89) a=0, can_bisect=0
F42 V10(E49) V60(E61) a=2.3708, can_bisect=0
F42 V10(E49) V65(E11) a=0.110314, can_bisect=1
F42 V10(E49) V10(E55) a=0.171681, can_bisect=1
F42 V10(E49) V5(E23) a=0.377639, can_bisect=1
F42 V10(E49) V60(E4) a=0.485841, can_bisect=1
F42 V10(E49) V65(E119) a=0.496158, can_bisect=1
F42 V5(E89) V60(E61) a=0, can_bisect=0
F42 V5(E89) V65(E11) a=0.456637, can_bisect=1
F42 V5(E89) V10(E55) a=0.110314, can_bisect=1
F42 V5(E89) V5(E23) a=0.770796, can_bisect=1
F42 V5(E89) V60(E4) a=0.377639, can_bisect=1
F42 V5(E89) V65(E119) a=0.628319, can_bisect=1
F42 V60(E61) V65(E11) a=0, can_bisect=0
F42 V60(E61) V10(E55) a=2.3708, can_bisect=0
F42 V60(E61) V5(E23) a=0.110314, can_bisect=1
F42 V60(E61) V60(E4) a=0.171681, can_bisect=1
F42 V60(E61) V65(E119) a=0.377639, can_bisect=1
F42 V65(E11) V10(E55) a=0, can_bisect=0
F42 V65(E11) V5(E23) a=0.456637, can_bisect=1
F42 V65(E11) V60(E4) a=0.110314, can_bisect=1
F42 V65(E11) V65(E119) a=0.770796, can_bisect=1
F42 V10(E55) V5(E23) a=0, can_bisect=0
F42 V10(E55) V60(E4) a=2.3708, can_bisect=0
F42 V10(E55) V65(E119) a=0.110314, can_bisect=1
F42 V5(E23) V60(E4) a=0, can_bisect=0
F42 V5(E23) V65(E119) a=0.456637, can_bisect=1
F42 V60(E4) V65(E119) a=0, can_bisect=0
F42 best_angle = 1.08496
F61 V5(E23) V60(E4) a=0, can_bisect=0
F61 V5(E23) V65(E119) a=0.456637, can_bisect=1
F61 V5(E23) V5(E83) a=0.314159, can_bisect=1
F61 V5(E23) V60(E103) a=0.13216, can_bisect=1
F61 V5(E23) V65(E128) a=0, can_bisect=0
F61 V60(E4) V65(E119) a=0, can_bisect=0
F61 V60(E4) V5(E83) a=0.164827, can_bisect=1
F61 V60(E4) V60(E103) a=0.8, can_bisect=1
F61 V60(E4) V65(E128) a=0.13216, can_bisect=1
F61 V65(E119) V5(E83) a=0, can_bisect=0
F61 V65(E119) V60(E103) a=0.164827, can_bisect=1
F61 V65(E119) V65(E128) a=0.314159, can_bisect=1
F61 V5(E83) V60(E103) a=0, can_bisect=0
F61 V5(E83) V65(E128) a=0.456637, can_bisect=1
F61 V60(E103) V65(E128) a=0, can_bisect=0
F61 best_angle = 0.8
F63 V60(E103) V65(E128) a=0, can_bisect=0
F63 V60(E103) V5(E23) a=0.13216, can_bisect=1
F63 V60(E103) V60(E129) a=0, can_bisect=0
F63 V65(E128) V5(E23) a=0, can_bisect=0
F63 V65(E128) V60(E129) a=0.13216, can_bisect=1
F63 V5(E23) V60(E129) a=0, can_bisect=0
F63 best_angle = 0.13216
F62 V60(E4) V65(E119) a=0, can_bisect=0
F62 V60(E4) V5(E83) a=0.164827, can_bisect=1
F62 V60(E4) V60(E129) a=0, can_bisect=0
F62 V65(E119) V5(E83) a=0, can_bisect=0
F62 V65(E119) V60(E129) a=0.164827, can_bisect=1
F62 V5(E83) V60(E129) a=0, can_bisect=0
F62 best_angle = 0.164827
F60 V65(E95) V10(E49) a=0, can_bisect=0
F60 V65(E95) V5(E89) a=0.456637, can_bisect=1
F60 V65(E95) V60(E61) a=0.110314, can_bisect=1
F60 V65(E95) V65(E11) a=0.314159, can_bisect=1
F60 V65(E95) V10(E55) a=0.205958, can_bisect=1
F60 V65(E95) V5(E128) a=0, can_bisect=0
F60 V10(E49) V5(E89) a=0, can_bisect=0
F60 V10(E49) V60(E61) a=2.3708, can_bisect=0
F60 V10(E49) V65(E11) a=0.110314, can_bisect=1
F60 V10(E49) V10(E55) a=0.171681, can_bisect=1
F60 V10(E49) V5(E128) a=0.205958, can_bisect=1
F60 V5(E89) V60(E61) a=0, can_bisect=0
F60 V5(E89) V65(E11) a=0.456637, can_bisect=1
F60 V5(E89) V10(E55) a=0.110314, can_bisect=1
F60 V5(E89) V5(E128) a=0.314159, can_bisect=1
F60 V60(E61) V65(E11) a=0, can_bisect=0
F60 V60(E61) V10(E55) a=2.3708, can_bisect=0
F60 V60(E61) V5(E128) a=0.110314, can_bisect=1
F60 V65(E11) V10(E55) a=0, can_bisect=0
F60 V65(E11) V5(E128) a=0.456637, can_bisect=1
F60 V10(E55) V5(E128) a=0, can_bisect=0
F60 best_angle = 0.456637
F69 V65(E11) V10(E55) a=0, can_bisect=0
F69 V65(E11) V5(E128) a=0.456637, can_bisect=1
F69 V65(E11) V65(E95) a=0.314159, can_bisect=1
F69 V65(E11) V10(E49) a=0.0613675, can_bisect=1
F69 V65(E11) V5(E132) a=0, can_bisect=0
F69 V10(E55) V5(E128) a=0, can_bisect=0
F69 V10(E55) V65(E95) a=0.205958, can_bisect=1
F69 V10(E55) V10(E49) a=0.171681, can_bisect=1
F69 V10(E55) V5(E132) a=0.0613675, can_bisect=1
F69 V5(E128) V65(E95) a=0, can_bisect=0
F69 V5(E128) V10(E49) a=0.205958, can_bisect=1
F69 V5(E128) V5(E132) a=0.314159, can_bisect=1
F69 V65(E95) V10(E49) a=0, can_bisect=0
F69 V65(E95) V5(E132) a=0.456637, can_bisect=1
F69 V10(E49) V5(E132) a=0, can_bisect=0
F69 best_angle = 0.456637
F71 V5(E128) V65(E95) a=0, can_bisect=0
F71 V5(E128) V10(E49) a=0.205958, can_bisect=1
F71 V5(E128) V5(E132) a=0.314159, can_bisect=1
F71 V5(E128) V65(E133) a=0, can_bisect=0
F71 V65(E95) V10(E49) a=0, can_bisect=0
F71 V65(E95) V5(E132) a=0.456637, can_bisect=1
F71 V65(E95) V65(E133) a=0.314159, can_bisect=1
F71 V10(E49) V5(E132) a=0, can_bisect=0
F71 V10(E49) V65(E133) a=0.0613675, can_bisect=1
F71 V5(E132) V65(E133) a=0, can_bisect=0
F71 best_angle = 0.456637
F73 V5(E132) V65(E133) a=0, can_bisect=0
F73 V5(E132) V5(E128) a=0.314159, can_bisect=1
F73 V5(E132) V65(E134) a=0, can_bisect=0
F73 V65(E133) V5(E128) a=0, can_bisect=0
F73 V65(E133) V65(E134) a=0.314159, can_bisect=1
F73 V5(E128) V65(E134) a=0, can_bisect=0
F73 best_angle = 0.314159
Extra: Flipping E121
Extra: Flipping E122
Extra: Flipping E123
Extra: Flipping E129
Extra: Flipping E130
Extra: Flipping E131
Longest Edge: 6.55125
Looking for shortest saddle...1
Clearing denominators: multiplying by 5
#Field Degree=8 minimal polynomial=(1 0 -1 0 1 0 -1 0 1)
#Field generator embedding: (0.951056516295153530.3090169943749474
#Params:1
#t1=3.6125795824929936
# Vertices: V1 V5 V10 V60 V65
# UEdges: 
E0 ( V60 V1 F1 F3 ) (5.000000000000000000000000,0.000000000000000000000000)
E1 ( V1 V65 F1 F5 ) (-4.036657450736699459525880,5.555982334329248040205584)
E4 ( V60 V65 F87 F1 ) (0.963342549263300762518725,5.555982334329248040205584)
E5 ( V60 V5 F3 F56 ) (0.963342549263300762518725,-5.555982334329248040205584)
E6 ( V5 V1 F3 F11 ) (4.036657450736699459525880,5.555982334329248040205584)
E11 ( V10 V65 F5 F70 ) (-5.581742422611436715840227,0.800699752853480939407405)
E13 ( V1 V10 F5 F17 ) (1.545084971874737700403557,4.755282581475767322842785)
E17 ( V65 V10 F79 F8 ) (2.486363984357745415820773,5.061122672282156287337784)
E21 ( V65 V1 F8 F14 ) (6.531448956232481783956700,2.122196410819791712043525)
E22 ( V1 V10 F8 F20 ) (-4.045084971874737256314347,2.938926261462364575294259)
E23 ( V5 V60 F87 F10 ) (4.986363984357748080356032,2.633086170655974278531630)
E27 ( V5 V1 F10 F16 ) (6.531448956232484448491959,-2.122196410819791712043525)
E28 ( V1 V60 F10 F22 ) (-1.545084971874735924046718,4.755282581475766434664365)
E29 ( V10 V1 F11 F23 ) (-1.545084971874735924046718,4.755282581475766434664365)
E31 ( V5 V10 F11 F52 ) (5.581742422611435827661808,0.800699752853482049630429)
E37 ( V60 V65 F56 F14 ) (-4.986363984357744527642353,2.633086170655975610799260)
E38 ( V60 V1 F14 F26 ) (1.545084971874737700403557,4.755282581475767322842785)
E43 ( V10 V5 F79 F16 ) (-2.486363984357746748088402,5.061122672282156287337784)
E44 ( V10 V1 F16 F28 ) (4.045084971874736368135927,2.938926261462365019383469)
E48 ( V1 V5 F17 F29 ) (6.531448956232481783956700,2.122196410819791712043525)
E49 ( V5 V10 F17 F72 ) (-4.986363984357744527642353,2.633086170655975610799260)
E55 ( V10 V5 F70 F20 ) (4.045084971874739032671187,3.928645585556550301475909)
E57 ( V1 V5 F20 F32 ) (0.000000000000002084767442,6.867571847018915320859378)
E61 ( V60 V65 F68 F22 ) (5.581742422611435827661808,0.800699752853482049630429)
E63 ( V1 V65 F22 F34 ) (4.036657450736699459525880,5.555982334329248040205584)
E65 ( V10 V65 F23 F81 ) (4.986363984357748080356032,2.633086170655974278531630)
E66 ( V65 V1 F23 F35 ) (-6.531448956232484448491959,2.122196410819791712043525)
E71 ( V5 V60 F54 F26 ) (-5.581742422611436715840227,0.800699752853480939407405)
E75 ( V5 V1 F26 F38 ) (-4.036657450736698571347461,5.555982334329248040205584)
E77 ( V65 V10 F52 F28 ) (-4.045084971874734591779088,3.928645585556549413297489)
E81 ( V65 V1 F28 F40 ) (0.000000000000002084767442,6.867571847018915320859378)
E83 ( V60 V5 F29 F85 ) (2.486363984357745415820773,5.061122672282156287337784)
E85 ( V1 V60 F29 F40 ) (4.045084971874737256314347,-2.938926261462364575294259)
E89 ( V5 V60 F68 F32 ) (4.045084971874734591779088,-3.928645585556549413297489)
E94 ( V1 V60 F32 F35 ) (4.045084971874736368135927,2.938926261462365019383469)
E95 ( V65 V10 F72 F34 ) (0.963342549263300762518725,-5.555982334329248040205584)
E100 ( V1 V10 F34 F38 ) (5.000000000000000000000000,-0.000000000000000000000000)
E103 ( V65 V60 F35 F85 ) (-2.486363984357746748088402,5.061122672282156287337784)
E109 ( V10 V5 F81 F38 ) (-0.963342549263300762518725,-5.555982334329248040205584)
E115 ( V60 V65 F54 F40 ) (-4.045084971874739032671187,-3.928645585556550301475909)
E119 ( V5 V65 F80 F86 ) (31.153067856214438080542095,-10.122245344564310798318729)
E120 ( V5 V65 F78 F59 ) (-25.203361322593387683355104,8.189068504985222318737215)
E124 ( V65 V5 F58 F52 ) (-9.626827394486170419440896,3.127945832703067363667060)
E125 ( V5 V65 F58 F54 ) (-9.626827394486173972154575,-3.127945832703069584113109)
E126 ( V5 V65 F59 F56 ) (-5.949706533621045068116473,8.189068504985224095094054)
E127 ( V65 V65 F59 F58 ) (-19.253654788972344391595470,-0.000000000000002220446049)
E128 ( V65 V5 F84 F75 ) (25.203361322593387683355104,-8.189068504985222318737215)
E132 ( V5 V65 F74 F68 ) (9.626827394486170419440896,-3.127945832703067363667060)
E133 ( V65 V5 F74 F70 ) (9.626827394486173972154575,3.127945832703069584113109)
E134 ( V65 V5 F75 F72 ) (5.949706533621045068116473,-8.189068504985224095094054)
E135 ( V5 V5 F75 F74 ) (19.253654788972344391595470,0.000000000000002220446049)
E136 ( V65 V65 F78 F80 ) (25.203361322593394788782462,-18.311313849549534893412783)
E137 ( V65 V5 F78 F79 ) (-0.000000000000001978501824,10.122245344564312574675569)
E138 ( V65 V5 F80 F81 ) (-5.949706533621050397186991,-8.189068504985222318737215)
E139 ( V5 V5 F84 F86 ) (-25.203361322593394788782462,18.311313849549534893412783)
E140 ( V5 V65 F84 F85 ) (0.000000000000001978501824,-10.122245344564312574675569)
E141 ( V5 V65 F86 F87 ) (5.949706533621050397186991,8.189068504985222318737215)
# Faces: 
F1 +E0 +E1 -E4
F3 +E5 +E6 -E0
F5 +E11 -E1 +E13
F8 -E17 +E21 +E22
F10 -E23 +E27 +E28
F11 +E29 -E6 +E31
F14 +E38 -E21 -E37
F16 +E44 -E27 -E43
F17 -E13 +E48 +E49
F20 -E22 +E57 -E55
F22 -E28 +E63 -E61
F23 +E65 +E66 -E29
F26 -E71 +E75 -E38
F28 -E77 +E81 -E44
F29 +E83 -E48 +E85
F32 -E89 -E57 +E94
F34 -E95 -E63 +E100
F35 -E94 -E66 +E103
F38 -E100 -E75 -E109
F40 -E85 -E81 -E115
F52 +E77 -E31 -E124
F54 +E71 +E115 -E125
F56 -E5 +E37 -E126
F58 +E124 +E125 -E127
F59 -E120 +E126 +E127
F68 +E89 +E61 -E132
F70 -E11 +E55 -E133
F72 +E95 -E49 -E134
F74 +E132 +E133 -E135
F75 -E128 +E134 +E135
F78 +E137 +E120 +E136
F79 -E137 +E17 +E43
F80 +E138 +E119 -E136
F81 -E138 -E65 +E109
F84 +E140 +E128 +E139
F85 -E140 -E83 -E103
F86 +E141 -E119 -E139
F87 -E141 +E23 +E4
#UEdges Algebraic 
#E0: (5 0 0 0 0 0 0 0)+(0 0 0 0 0 0 0 0)t1
#E1: (1 0 -2 0 3 0 -4 0)+(-1 0 2 0 -3 0 4 0)t1
#E4: (6 0 -2 0 3 0 -4 0)+(-1 0 2 0 -3 0 4 0)t1
#E5: (4 0 2 0 2 0 -1 0)+(1 0 -2 0 -2 0 1 0)t1
#E6: (1 0 -2 0 -2 0 1 0)+(-1 0 2 0 2 0 -1 0)t1
#E11: (1 0 -2 0 -2 0 -4 0)+(-1 0 2 0 -3 0 4 0)t1
#E13: (0 0 0 0 5 0 0 0)+(0 0 0 0 0 0 0 0)t1
#E17: (-6 0 2 0 -3 0 4 0)+(1 0 3 0 -2 0 1 0)t1
#E21: (-1 0 -3 0 2 0 -1 0)+(1 0 3 0 -2 0 1 0)t1
#E22: (-5 0 5 0 -5 0 5 0)+(0 0 0 0 0 0 0 0)t1
#E23: (-4 0 3 0 -2 0 6 0)+(4 0 -3 0 2 0 -1 0)t1
#E27: (-4 0 3 0 -2 0 1 0)+(4 0 -3 0 2 0 -1 0)t1
#E28: (0 0 0 0 0 0 5 0)+(0 0 0 0 0 0 0 0)t1
#E29: (0 0 0 0 0 0 5 0)+(0 0 0 0 0 0 0 0)t1
#E31: (1 0 -2 0 -2 0 -4 0)+(-1 0 2 0 2 0 -1 0)t1
#E37: (1 0 3 0 3 0 1 0)+(-1 0 -3 0 2 0 -1 0)t1
#E38: (0 0 0 0 5 0 0 0)+(0 0 0 0 0 0 0 0)t1
#E43: (4 0 2 0 2 0 -1 0)+(-4 0 3 0 -2 0 1 0)t1
#E44: (0 0 5 0 0 0 0 0)+(0 0 0 0 0 0 0 0)t1
#E48: (-1 0 -3 0 2 0 -1 0)+(1 0 3 0 -2 0 1 0)t1
#E49: (1 0 3 0 3 0 1 0)+(-1 0 -3 0 2 0 -1 0)t1
#E55: (4 0 -3 0 2 0 -6 0)+(1 0 -2 0 3 0 1 0)t1
#E57: (-1 0 2 0 -3 0 -1 0)+(1 0 -2 0 3 0 1 0)t1
#E61: (1 0 -2 0 -2 0 -4 0)+(-1 0 2 0 2 0 -1 0)t1
#E63: (1 0 -2 0 -2 0 1 0)+(-1 0 2 0 2 0 -1 0)t1
#E65: (-4 0 3 0 -2 0 6 0)+(4 0 -3 0 2 0 -1 0)t1
#E66: (4 0 -3 0 2 0 -1 0)+(-4 0 3 0 -2 0 1 0)t1
#E71: (1 0 -2 0 -2 0 -4 0)+(-1 0 2 0 -3 0 4 0)t1
#E75: (1 0 -2 0 3 0 -4 0)+(-1 0 2 0 -3 0 4 0)t1
#E77: (-1 0 -3 0 -3 0 -1 0)+(1 0 -2 0 3 0 1 0)t1
#E81: (-1 0 2 0 -3 0 -1 0)+(1 0 -2 0 3 0 1 0)t1
#E83: (-6 0 2 0 -3 0 4 0)+(1 0 3 0 -2 0 1 0)t1
#E85: (5 0 -5 0 5 0 -5 0)+(0 0 0 0 0 0 0 0)t1
#E89: (1 0 3 0 3 0 1 0)+(-1 0 2 0 -3 0 -1 0)t1
#E94: (0 0 5 0 0 0 0 0)+(0 0 0 0 0 0 0 0)t1
#E95: (4 0 2 0 2 0 -1 0)+(1 0 -2 0 -2 0 1 0)t1
#E100: (5 0 0 0 0 0 0 0)+(0 0 0 0 0 0 0 0)t1
#E103: (4 0 2 0 2 0 -1 0)+(-4 0 3 0 -2 0 1 0)t1
#E109: (-6 0 2 0 -3 0 4 0)+(1 0 -2 0 3 0 -4 0)t1
#E115: (-4 0 3 0 -2 0 6 0)+(-1 0 2 0 -3 0 -1 0)t1
#E119: (12 0 -4 0 6 0 -8 0)+(8 0 -6 0 4 0 -2 0)t1
#E120: (-8 0 1 0 -4 0 7 0)+(-2 0 -1 0 -1 0 3 0)t1
#E124: (-2 0 -1 0 -1 0 3 0)+(2 0 -4 0 1 0 2 0)t1
#E125: (-3 0 1 0 -4 0 2 0)+(-2 0 4 0 -6 0 3 0)t1
#E126: (-3 0 1 0 1 0 2 0)+(-2 0 -1 0 4 0 -2 0)t1
#E127: (-5 0 0 0 -5 0 5 0)+(0 0 0 0 -5 0 5 0)t1
#E128: (8 0 -1 0 4 0 -7 0)+(2 0 1 0 1 0 -3 0)t1
#E132: (2 0 1 0 1 0 -3 0)+(-2 0 4 0 -1 0 -2 0)t1
#E133: (3 0 -1 0 4 0 -2 0)+(2 0 -4 0 6 0 -3 0)t1
#E134: (3 0 -1 0 -1 0 -2 0)+(2 0 1 0 -4 0 2 0)t1
#E135: (5 0 0 0 5 0 -5 0)+(0 0 0 0 5 0 -5 0)t1
#E136: (10 0 -5 0 5 0 -10 0)+(5 0 -5 0 5 0 -5 0)t1
#E137: (-2 0 4 0 -1 0 3 0)+(-3 0 6 0 -4 0 2 0)t1
#E138: (-2 0 -1 0 -1 0 -2 0)+(-3 0 1 0 1 0 -3 0)t1
#E139: (-10 0 5 0 -5 0 10 0)+(-5 0 5 0 -5 0 5 0)t1
#E140: (2 0 -4 0 1 0 -3 0)+(3 0 -6 0 4 0 -2 0)t1
#E141: (2 0 1 0 1 0 2 0)+(3 0 -1 0 -1 0 3 0)t1
# File =  perturb = 0 rescale = 1
# vertices: 5
## V1(20) (6 PI) V5(32) (8 PI) V10(15) (8 PI) V60(15) (8 PI) V65(32) (8 PI) 
# edges: 57
## E0(2) E1(2) E4(2) E5(2) E6(2) E11(2) E13(2) E17(2) E21(2) E22(2) E23(2) E27(2) E28(2) E29(2) E31(2) E37(2) E38(2) E43(2) E44(2) E48(2) E49(2) E55(2) E57(2) E61(2) E63(2) E65(2) E66(2) E71(2) E75(2) E77(2) E81(2) E83(2) E85(2) E89(2) E94(2) E95(2) E100(2) E103(2) E109(2) E115(2) E119(2) E120(2) E124(2) E125(2) E126(2) E127(2) E128(2) E132(2) E133(2) E134(2) E135(2) E136(2) E137(2) E138(2) E139(2) E140(2) E141(2) 
# faces: 38
# genus: 8
# area: 1191.98
sweeping start V1 depth = 69.0503
File =  depth = 69.0503 follow_depth = 345.251 perturb = 0
Final Report:

 part done:100% weird 0 bad_angle 285 unusual 0 close 65287 reject 0
V1: AbBkCc V60: aOjLiMhN V5: DdEgFfGe V10: HmIlJoKn V65: PsQrRqSp   cylinders |1|1|2.2965|2.2965|2.61803|2.61803|3.71581|3.71581|4.33384|4.33384|
Moduli: |10.2274|10.2274|4.18435|4.18435|1|1|2.31695|2.31695|1.6011|1.6011| Min Area: 1 Max Area: 1
    total: 0.654498 0.397887 sym = 6
    raw = 30 short saddle = 5 short cyl = 19.2537 tag #0
V1: AaBcCg V65: bSfPeQdR V5: DqEpFsGr V10: HkIjJiKh V60: LnMmNlOo   cylinders |1|1|1.7247|1.7247|2.06592|2.06592|3.34273|3.34273|3.96077|3.96077|
Moduli: |2.46949|2.46949|3.69554|3.69554|5.00881|5.00881|1.91719|1.91719|1|1| Min Area: 1 Max Area: 1
    total: 0.654498 0.397887 sym = 6
    raw = 30 short saddle = 6.86757 short cyl = 21.2342 tag #5
V1: AXBbXa V5: CXDhXXXc V60: dXXXgGXH V10: EeXjFXXX V65: fJXXXIiX   cylinders |1|1|1.61803|1.61803|
Moduli: |4.14556|4.14556|1|1| Min Area: 0.105095 Max Area: 0.105095
    total: 0.654498 0.397887 sym = 4
    raw = 20 short saddle = 11.7251 short cyl = 42.4218 tag #2
V1: AXXaXX V5: BbXXXXXX V10: CcXXXXXX V60: DXXXXXXd V65: EXXXXXXe   cylinders |1|1|
Moduli: |1|1| Min Area: 0.197823 Max Area: 0.197823
    total: 1.309 0.795775 sym = 2
    raw = 20 short saddle = 36.0862 short cyl = 36.0862 tag #6
V1: AXBbXa V5: CfXdDXXX V10: cXeEXXXF V60: GgXXXiHX V65: hIXJjXXX   cylinders |1|1|1.61803|1.61803|
Moduli: |4.14556|4.14556|1|1| Min Area: 0.105095 Max Area: 0.105095
    total: 0.654498 0.397887 sym = 4
    raw = 20 short saddle = 11.7251 short cyl = 42.4218 tag #9

total cylinders: 20.944 12.7324 raw = 160 rejected = 0
