polygon 1 8 3 6 --depth=10 --follow_depth=50 --show_cyls --show_moduli --cyls_only --quiet 
max loc = 1
alpha =  8 beta = 3 gamma = 6 delta =1
a =  2.79253 b = 1.0472 c= 2.0944 d=0.349066
a1_min = 0 a1_max = 2.0944
a1 = 1.42773
angle a check: -4.44089e-16
angle b check: 0
angle c check: 3.14159
angle d check: 4.996e-16
p = 1 q = 1.4005 p-q = 1.60063
p = (1,0) q = (0.199683,1.38619) r = (-3.80852,1.38619)
Imaginary of t_cx = -1.11022e-15
p_algt = (1 0 0 0 0 0)+(0 0 0 0 0 0)t1
r_algt = (0 0 0 0 0 0)+(0 0 -1 0 0 1)t1
Checking p_alt (0,0)
Checking q_alt (1.41553e-15,-1.77636e-15)
Checking r_alt (-4.44089e-16,-2.22045e-16)
Checking p_algt (0,0)
Checking q_algt (1.41553e-15,-1.77636e-15)
Checking r_algt (-4.44089e-16,-2.22045e-16)
Number field: min poly (1 0 0 -1 0 0 1)
#Field Degree=6 minimal polynomial=(1 0 0 -1 0 0 1)
#Field generator embedding: (0.939692620785908430.34202014332566871
#Params:1
#t1=4.0529455252283562
# Vertices: V0 V1 V2 V3
# UEdges: 
E0 ( V0 V1 F0 NULL ) (1.000000000000000000000000,0.000000000000000000000000)
E1 ( V1 V2 F0 NULL ) (-0.800316597741955182421236,1.386189009429730001343728)
E2 ( V2 V3 F0 NULL ) (-4.008206404762398200603002,0.000000000000000666133815)
E3 ( V3 V0 F0 NULL ) (3.808523002504353716091146,-1.386189009429730667477543)
# Faces: 
F0 +E0 +E1 +E2 +E3
#UEdges Algebraic 
#E0: (1 0 0 0 0 0)+(0 0 0 0 0 0)t1
#E1: (0 0 0 0 0 0)+(0 1/3 -2/3 0 1/3 1/3)t1
#E2: (-1 0 0 0 0 0)+(0 -1/3 -1/3 0 -1/3 2/3)t1
#E3: (0 0 0 0 0 0)+(0 0 1 0 0 -1)t1
F0 V0(E0) V1(E1) a=0, can_bisect=0
F0 V0(E0) V2(E2) a=0.666667, can_bisect=1
F0 V0(E0) V3(E3) a=0, can_bisect=0
F0 V1(E1) V2(E2) a=0, can_bisect=0
F0 V1(E1) V3(E3) a=0.068398, can_bisect=1
F0 V2(E2) V3(E3) a=0, can_bisect=0
F0 best_angle = 0.666667
In RetriangulateSurface
Removing V1
F37 V48(E5) V36(E25) a=0, can_bisect=0
F37 V48(E5) V48(E59) a=0.90413, can_bisect=1
F37 V48(E5) V36(E37) a=0.666667, can_bisect=1
F37 V48(E5) V48(E11) a=0.90413, can_bisect=1
F37 V48(E5) V36(E4) a=0, can_bisect=0
F37 V36(E25) V48(E59) a=0, can_bisect=0
F37 V36(E25) V36(E37) a=0.143068, can_bisect=1
F37 V36(E25) V48(E11) a=0.666667, can_bisect=1
F37 V36(E25) V36(E4) a=0.143068, can_bisect=1
F37 V48(E59) V36(E37) a=0, can_bisect=0
F37 V48(E59) V48(E11) a=0.90413, can_bisect=1
F37 V48(E59) V36(E4) a=0.666667, can_bisect=1
F37 V36(E37) V48(E11) a=0, can_bisect=0
F37 V36(E37) V36(E4) a=0.143068, can_bisect=1
F37 V48(E11) V36(E4) a=0, can_bisect=0
F37 best_angle = 0.90413
F39 V48(E59) V36(E37) a=0, can_bisect=0
F39 V48(E59) V48(E11) a=0.90413, can_bisect=1
F39 V48(E59) V36(E4) a=0.523599, can_bisect=1
F39 V48(E59) V48(E107) a=0, can_bisect=0
F39 V36(E37) V48(E11) a=0, can_bisect=0
F39 V36(E37) V36(E4) a=0.143068, can_bisect=1
F39 V36(E37) V48(E107) a=0.523599, can_bisect=1
F39 V48(E11) V36(E4) a=0, can_bisect=0
F39 V48(E11) V48(E107) a=0.90413, can_bisect=1
F39 V36(E4) V48(E107) a=0, can_bisect=0
F39 best_angle = 0.90413
F41 V48(E107) V48(E59) a=0, can_bisect=0
F41 V48(E107) V36(E37) a=0.523599, can_bisect=1
F41 V48(E107) V48(E108) a=0, can_bisect=0
F41 V48(E59) V36(E37) a=0, can_bisect=0
F41 V48(E59) V48(E108) a=0.90413, can_bisect=1
F41 V36(E37) V48(E108) a=0, can_bisect=0
F41 best_angle = 0.90413
Removing V15
F44 V48(E43) V40(E77) a=0, can_bisect=0
F44 V48(E43) V48(E49) a=0.143068, can_bisect=1
F44 V48(E43) V16(E17) a=0.327213, can_bisect=1
F44 V48(E43) V48(E4) a=0.492134, can_bisect=1
F44 V48(E43) V36(E5) a=0.671324, can_bisect=1
F44 V48(E43) V48(E31) a=0.8412, can_bisect=1
F44 V48(E43) V40(E71) a=1.01775, can_bisect=1
F44 V48(E43) V48(E55) a=1.19027, can_bisect=1
F44 V48(E43) V16(E65) a=1.3648, can_bisect=1
F44 V48(E43) V48(E25) a=1.19027, can_bisect=1
F44 V48(E43) V36(E59) a=1.01775, can_bisect=1
F44 V48(E43) V48(E97) a=0.8412, can_bisect=1
F44 V48(E43) V40(E89) a=0.671324, can_bisect=1
F44 V48(E43) V48(E103) a=0.492134, can_bisect=1
F44 V48(E43) V16(E83) a=0.327213, can_bisect=1
F44 V48(E43) V48(E37) a=0.143068, can_bisect=1
F44 V48(E43) V36(E11) a=0, can_bisect=0
F44 V40(E77) V48(E49) a=0, can_bisect=0
F44 V40(E77) V16(E17) a=0.205998, can_bisect=1
F44 V40(E77) V48(E4) a=0.327213, can_bisect=1
F44 V40(E77) V36(E5) a=0.555064, can_bisect=1
F44 V40(E77) V48(E31) a=0.671324, can_bisect=1
F44 V40(E77) V40(E71) a=0.90413, can_bisect=1
F44 V40(E77) V48(E55) a=1.01775, can_bisect=1
F44 V40(E77) V16(E65) a=1.2532, can_bisect=1
F44 V40(E77) V48(E25) a=1.3648, can_bisect=1
F44 V40(E77) V36(E59) a=1.2532, can_bisect=1
F44 V40(E77) V48(E97) a=1.01775, can_bisect=1
F44 V40(E77) V40(E89) a=0.90413, can_bisect=1
F44 V40(E77) V48(E103) a=0.671324, can_bisect=1
F44 V40(E77) V16(E83) a=0.555064, can_bisect=1
F44 V40(E77) V48(E37) a=0.327213, can_bisect=1
F44 V40(E77) V36(E11) a=0.205998, can_bisect=1
F44 V48(E49) V16(E17) a=0, can_bisect=0
F44 V48(E49) V48(E4) a=0.143068, can_bisect=1
F44 V48(E49) V36(E5) a=0.327213, can_bisect=1
F44 V48(E49) V48(E31) a=0.492134, can_bisect=1
F44 V48(E49) V40(E71) a=0.671324, can_bisect=1
F44 V48(E49) V48(E55) a=0.8412, can_bisect=1
F44 V48(E49) V16(E65) a=1.01775, can_bisect=1
F44 V48(E49) V48(E25) a=1.19027, can_bisect=1
F44 V48(E49) V36(E59) a=1.3648, can_bisect=1
F44 V48(E49) V48(E97) a=1.19027, can_bisect=1
F44 V48(E49) V40(E89) a=1.01775, can_bisect=1
F44 V48(E49) V48(E103) a=0.8412, can_bisect=1
F44 V48(E49) V16(E83) a=0.671324, can_bisect=1
F44 V48(E49) V48(E37) a=0.492134, can_bisect=1
F44 V48(E49) V36(E11) a=0.327213, can_bisect=1
F44 V16(E17) V48(E4) a=0, can_bisect=0
F44 V16(E17) V36(E5) a=0.205998, can_bisect=1
F44 V16(E17) V48(E31) a=0.327213, can_bisect=1
F44 V16(E17) V40(E71) a=0.555064, can_bisect=1
F44 V16(E17) V48(E55) a=0.671324, can_bisect=1
F44 V16(E17) V16(E65) a=0.90413, can_bisect=1
F44 V16(E17) V48(E25) a=1.01775, can_bisect=1
F44 V16(E17) V36(E59) a=1.2532, can_bisect=1
F44 V16(E17) V48(E97) a=1.3648, can_bisect=1
F44 V16(E17) V40(E89) a=1.2532, can_bisect=1
F44 V16(E17) V48(E103) a=1.01775, can_bisect=1
F44 V16(E17) V16(E83) a=0.90413, can_bisect=1
F44 V16(E17) V48(E37) a=0.671324, can_bisect=1
F44 V16(E17) V36(E11) a=0.555064, can_bisect=1
F44 V48(E4) V36(E5) a=0, can_bisect=0
F44 V48(E4) V48(E31) a=0.143068, can_bisect=1
F44 V48(E4) V40(E71) a=0.327213, can_bisect=1
F44 V48(E4) V48(E55) a=0.492134, can_bisect=1
F44 V48(E4) V16(E65) a=0.671324, can_bisect=1
F44 V48(E4) V48(E25) a=0.8412, can_bisect=1
F44 V48(E4) V36(E59) a=1.01775, can_bisect=1
F44 V48(E4) V48(E97) a=1.19027, can_bisect=1
F44 V48(E4) V40(E89) a=1.3648, can_bisect=1
F44 V48(E4) V48(E103) a=1.19027, can_bisect=1
F44 V48(E4) V16(E83) a=1.01775, can_bisect=1
F44 V48(E4) V48(E37) a=0.8412, can_bisect=1
F44 V48(E4) V36(E11) a=0.671324, can_bisect=1
F44 V36(E5) V48(E31) a=0, can_bisect=0
F44 V36(E5) V40(E71) a=0.205998, can_bisect=1
F44 V36(E5) V48(E55) a=0.327213, can_bisect=1
F44 V36(E5) V16(E65) a=0.555064, can_bisect=1
F44 V36(E5) V48(E25) a=0.671324, can_bisect=1
F44 V36(E5) V36(E59) a=0.90413, can_bisect=1
F44 V36(E5) V48(E97) a=1.01775, can_bisect=1
F44 V36(E5) V40(E89) a=1.2532, can_bisect=1
F44 V36(E5) V48(E103) a=1.3648, can_bisect=1
F44 V36(E5) V16(E83) a=1.2532, can_bisect=1
F44 V36(E5) V48(E37) a=1.01775, can_bisect=1
F44 V36(E5) V36(E11) a=0.90413, can_bisect=1
F44 V48(E31) V40(E71) a=0, can_bisect=0
F44 V48(E31) V48(E55) a=0.143068, can_bisect=1
F44 V48(E31) V16(E65) a=0.327213, can_bisect=1
F44 V48(E31) V48(E25) a=0.492134, can_bisect=1
F44 V48(E31) V36(E59) a=0.671324, can_bisect=1
F44 V48(E31) V48(E97) a=0.8412, can_bisect=1
F44 V48(E31) V40(E89) a=1.01775, can_bisect=1
F44 V48(E31) V48(E103) a=1.19027, can_bisect=1
F44 V48(E31) V16(E83) a=1.3648, can_bisect=1
F44 V48(E31) V48(E37) a=1.19027, can_bisect=1
F44 V48(E31) V36(E11) a=1.01775, can_bisect=1
F44 V40(E71) V48(E55) a=0, can_bisect=0
F44 V40(E71) V16(E65) a=0.205998, can_bisect=1
F44 V40(E71) V48(E25) a=0.327213, can_bisect=1
F44 V40(E71) V36(E59) a=0.555064, can_bisect=1
F44 V40(E71) V48(E97) a=0.671324, can_bisect=1
F44 V40(E71) V40(E89) a=0.90413, can_bisect=1
F44 V40(E71) V48(E103) a=1.01775, can_bisect=1
F44 V40(E71) V16(E83) a=1.2532, can_bisect=1
F44 V40(E71) V48(E37) a=1.3648, can_bisect=1
F44 V40(E71) V36(E11) a=1.2532, can_bisect=1
F44 V48(E55) V16(E65) a=0, can_bisect=0
F44 V48(E55) V48(E25) a=0.143068, can_bisect=1
F44 V48(E55) V36(E59) a=0.327213, can_bisect=1
F44 V48(E55) V48(E97) a=0.492134, can_bisect=1
F44 V48(E55) V40(E89) a=0.671324, can_bisect=1
F44 V48(E55) V48(E103) a=0.8412, can_bisect=1
F44 V48(E55) V16(E83) a=1.01775, can_bisect=1
F44 V48(E55) V48(E37) a=1.19027, can_bisect=1
F44 V48(E55) V36(E11) a=1.3648, can_bisect=1
F44 V16(E65) V48(E25) a=0, can_bisect=0
F44 V16(E65) V36(E59) a=0.205998, can_bisect=1
F44 V16(E65) V48(E97) a=0.327213, can_bisect=1
F44 V16(E65) V40(E89) a=0.555064, can_bisect=1
F44 V16(E65) V48(E103) a=0.671324, can_bisect=1
F44 V16(E65) V16(E83) a=0.90413, can_bisect=1
F44 V16(E65) V48(E37) a=1.01775, can_bisect=1
F44 V16(E65) V36(E11) a=1.2532, can_bisect=1
F44 V48(E25) V36(E59) a=0, can_bisect=0
F44 V48(E25) V48(E97) a=0.143068, can_bisect=1
F44 V48(E25) V40(E89) a=0.327213, can_bisect=1
F44 V48(E25) V48(E103) a=0.492134, can_bisect=1
F44 V48(E25) V16(E83) a=0.671324, can_bisect=1
F44 V48(E25) V48(E37) a=0.8412, can_bisect=1
F44 V48(E25) V36(E11) a=1.01775, can_bisect=1
F44 V36(E59) V48(E97) a=0, can_bisect=0
F44 V36(E59) V40(E89) a=0.205998, can_bisect=1
F44 V36(E59) V48(E103) a=0.327213, can_bisect=1
F44 V36(E59) V16(E83) a=0.555064, can_bisect=1
F44 V36(E59) V48(E37) a=0.671324, can_bisect=1
F44 V36(E59) V36(E11) a=0.90413, can_bisect=1
F44 V48(E97) V40(E89) a=0, can_bisect=0
F44 V48(E97) V48(E103) a=0.143068, can_bisect=1
F44 V48(E97) V16(E83) a=0.327213, can_bisect=1
F44 V48(E97) V48(E37) a=0.492134, can_bisect=1
F44 V48(E97) V36(E11) a=0.671324, can_bisect=1
F44 V40(E89) V48(E103) a=0, can_bisect=0
F44 V40(E89) V16(E83) a=0.205998, can_bisect=1
F44 V40(E89) V48(E37) a=0.327213, can_bisect=1
F44 V40(E89) V36(E11) a=0.555064, can_bisect=1
F44 V48(E103) V16(E83) a=0, can_bisect=0
F44 V48(E103) V48(E37) a=0.143068, can_bisect=1
F44 V48(E103) V36(E11) a=0.327213, can_bisect=1
F44 V16(E83) V48(E37) a=0, can_bisect=0
F44 V16(E83) V36(E11) a=0.205998, can_bisect=1
F44 V48(E37) V36(E11) a=0, can_bisect=0
F44 best_angle = 1.3648
F46 V16(E65) V48(E25) a=0, can_bisect=0
F46 V16(E65) V36(E59) a=0.205998, can_bisect=1
F46 V16(E65) V48(E97) a=0.327213, can_bisect=1
F46 V16(E65) V40(E89) a=0.555064, can_bisect=1
F46 V16(E65) V48(E103) a=0.671324, can_bisect=1
F46 V16(E65) V16(E83) a=0.523599, can_bisect=1
F46 V16(E65) V48(E37) a=0.351086, can_bisect=1
F46 V16(E65) V36(E11) a=0.174533, can_bisect=1
F46 V16(E65) V48(E110) a=0, can_bisect=0
F46 V48(E25) V36(E59) a=0, can_bisect=0
F46 V48(E25) V48(E97) a=0.143068, can_bisect=1
F46 V48(E25) V40(E89) a=0.327213, can_bisect=1
F46 V48(E25) V48(E103) a=0.492134, can_bisect=1
F46 V48(E25) V16(E83) a=0.671324, can_bisect=1
F46 V48(E25) V48(E37) a=0.8412, can_bisect=1
F46 V48(E25) V36(E11) a=1.01775, can_bisect=1
F46 V48(E25) V48(E110) a=0.174533, can_bisect=1
F46 V36(E59) V48(E97) a=0, can_bisect=0
F46 V36(E59) V40(E89) a=0.205998, can_bisect=1
F46 V36(E59) V48(E103) a=0.327213, can_bisect=1
F46 V36(E59) V16(E83) a=0.555064, can_bisect=1
F46 V36(E59) V48(E37) a=0.671324, can_bisect=1
F46 V36(E59) V36(E11) a=0.90413, can_bisect=1
F46 V36(E59) V48(E110) a=0.347046, can_bisect=1
F46 V48(E97) V40(E89) a=0, can_bisect=0
F46 V48(E97) V48(E103) a=0.143068, can_bisect=1
F46 V48(E97) V16(E83) a=0.327213, can_bisect=1
F46 V48(E97) V48(E37) a=0.492134, can_bisect=1
F46 V48(E97) V36(E11) a=0.671324, can_bisect=1
F46 V48(E97) V48(E110) a=0.523599, can_bisect=1
F46 V40(E89) V48(E103) a=0, can_bisect=0
F46 V40(E89) V16(E83) a=0.205998, can_bisect=1
F46 V40(E89) V48(E37) a=0.327213, can_bisect=1
F46 V40(E89) V36(E11) a=0.555064, can_bisect=1
F46 V40(E89) V48(E110) a=0.671324, can_bisect=1
F46 V48(E103) V16(E83) a=0, can_bisect=0
F46 V48(E103) V48(E37) a=0.143068, can_bisect=1
F46 V48(E103) V36(E11) a=0.327213, can_bisect=1
F46 V48(E103) V48(E110) a=0.492134, can_bisect=1
F46 V16(E83) V48(E37) a=0, can_bisect=0
F46 V16(E83) V36(E11) a=0.205998, can_bisect=1
F46 V16(E83) V48(E110) a=0.327213, can_bisect=1
F46 V48(E37) V36(E11) a=0, can_bisect=0
F46 V48(E37) V48(E110) a=0.143068, can_bisect=1
F46 V36(E11) V48(E110) a=0, can_bisect=0
F46 best_angle = 1.01775
F48 V36(E11) V48(E110) a=0, can_bisect=0
F48 V36(E11) V16(E65) a=0.174533, can_bisect=1
F48 V36(E11) V48(E111) a=0, can_bisect=0
F48 V48(E110) V16(E65) a=0, can_bisect=0
F48 V48(E110) V48(E111) a=0.172513, can_bisect=1
F48 V16(E65) V48(E111) a=0, can_bisect=0
F48 best_angle = 0.174533
F47 V48(E25) V36(E59) a=0, can_bisect=0
F47 V48(E25) V48(E97) a=0.143068, can_bisect=1
F47 V48(E25) V40(E89) a=0.327213, can_bisect=1
F47 V48(E25) V48(E103) a=0.492134, can_bisect=1
F47 V48(E25) V16(E83) a=0.346429, can_bisect=1
F47 V48(E25) V48(E37) a=0.176553, can_bisect=1
F47 V48(E25) V36(E111) a=0, can_bisect=0
F47 V36(E59) V48(E97) a=0, can_bisect=0
F47 V36(E59) V40(E89) a=0.205998, can_bisect=1
F47 V36(E59) V48(E103) a=0.327213, can_bisect=1
F47 V36(E59) V16(E83) a=0.555064, can_bisect=1
F47 V36(E59) V48(E37) a=0.671324, can_bisect=1
F47 V36(E59) V36(E111) a=0.172513, can_bisect=1
F47 V48(E97) V40(E89) a=0, can_bisect=0
F47 V48(E97) V48(E103) a=0.143068, can_bisect=1
F47 V48(E97) V16(E83) a=0.327213, can_bisect=1
F47 V48(E97) V48(E37) a=0.492134, can_bisect=1
F47 V48(E97) V36(E111) a=0.351703, can_bisect=1
F47 V40(E89) V48(E103) a=0, can_bisect=0
F47 V40(E89) V16(E83) a=0.205998, can_bisect=1
F47 V40(E89) V48(E37) a=0.327213, can_bisect=1
F47 V40(E89) V36(E111) a=0.521579, can_bisect=1
F47 V48(E103) V16(E83) a=0, can_bisect=0
F47 V48(E103) V48(E37) a=0.143068, can_bisect=1
F47 V48(E103) V36(E111) a=0.327213, can_bisect=1
F47 V16(E83) V48(E37) a=0, can_bisect=0
F47 V16(E83) V36(E111) a=0.205998, can_bisect=1
F47 V48(E37) V36(E111) a=0, can_bisect=0
F47 best_angle = 0.671324
F52 V48(E37) V36(E111) a=0, can_bisect=0
F52 V48(E37) V48(E25) a=0.169876, can_bisect=1
F52 V48(E37) V36(E113) a=0, can_bisect=0
F52 V36(E111) V48(E25) a=0, can_bisect=0
F52 V36(E111) V36(E113) a=0.172513, can_bisect=1
F52 V48(E25) V36(E113) a=0, can_bisect=0
F52 best_angle = 0.172513
F51 V36(E59) V48(E97) a=0, can_bisect=0
F51 V36(E59) V40(E89) a=0.205998, can_bisect=1
F51 V36(E59) V48(E103) a=0.327213, can_bisect=1
F51 V36(E59) V16(E83) a=0.169876, can_bisect=1
F51 V36(E59) V48(E113) a=0, can_bisect=0
F51 V48(E97) V40(E89) a=0, can_bisect=0
F51 V48(E97) V48(E103) a=0.143068, can_bisect=1
F51 V48(E97) V16(E83) a=0.327213, can_bisect=1
F51 V48(E97) V48(E113) a=0.17919, can_bisect=1
F51 V40(E89) V48(E103) a=0, can_bisect=0
F51 V40(E89) V16(E83) a=0.205998, can_bisect=1
F51 V40(E89) V48(E113) a=0.327213, can_bisect=1
F51 V48(E103) V16(E83) a=0, can_bisect=0
F51 V48(E103) V48(E113) a=0.143068, can_bisect=1
F51 V16(E83) V48(E113) a=0, can_bisect=0
F51 best_angle = 0.327213
F56 V48(E103) V16(E83) a=0, can_bisect=0
F56 V48(E103) V48(E113) a=0.143068, can_bisect=1
F56 V48(E103) V36(E115) a=0, can_bisect=0
F56 V16(E83) V48(E113) a=0, can_bisect=0
F56 V16(E83) V36(E115) a=0.169876, can_bisect=1
F56 V48(E113) V36(E115) a=0, can_bisect=0
F56 best_angle = 0.169876
F55 V36(E59) V48(E97) a=0, can_bisect=0
F55 V36(E59) V40(E89) a=0.16492, can_bisect=1
F55 V36(E59) V48(E115) a=0, can_bisect=0
F55 V48(E97) V40(E89) a=0, can_bisect=0
F55 V48(E97) V48(E115) a=0.143068, can_bisect=1
F55 V40(E89) V48(E115) a=0, can_bisect=0
F55 best_angle = 0.16492
F45 V48(E43) V40(E77) a=0, can_bisect=0
F45 V48(E43) V48(E49) a=0.143068, can_bisect=1
F45 V48(E43) V16(E17) a=0.327213, can_bisect=1
F45 V48(E43) V48(E4) a=0.492134, can_bisect=1
F45 V48(E43) V36(E5) a=0.671324, can_bisect=1
F45 V48(E43) V48(E31) a=0.523599, can_bisect=1
F45 V48(E43) V40(E71) a=0.347046, can_bisect=1
F45 V48(E43) V48(E55) a=0.174533, can_bisect=1
F45 V48(E43) V16(E110) a=0, can_bisect=0
F45 V40(E77) V48(E49) a=0, can_bisect=0
F45 V40(E77) V16(E17) a=0.205998, can_bisect=1
F45 V40(E77) V48(E4) a=0.327213, can_bisect=1
F45 V40(E77) V36(E5) a=0.555064, can_bisect=1
F45 V40(E77) V48(E31) a=0.671324, can_bisect=1
F45 V40(E77) V40(E71) a=0.90413, can_bisect=1
F45 V40(E77) V48(E55) a=1.01775, can_bisect=1
F45 V40(E77) V16(E110) a=0.174533, can_bisect=1
F45 V48(E49) V16(E17) a=0, can_bisect=0
F45 V48(E49) V48(E4) a=0.143068, can_bisect=1
F45 V48(E49) V36(E5) a=0.327213, can_bisect=1
F45 V48(E49) V48(E31) a=0.492134, can_bisect=1
F45 V48(E49) V40(E71) a=0.671324, can_bisect=1
F45 V48(E49) V48(E55) a=0.8412, can_bisect=1
F45 V48(E49) V16(E110) a=0.351086, can_bisect=1
F45 V16(E17) V48(E4) a=0, can_bisect=0
F45 V16(E17) V36(E5) a=0.205998, can_bisect=1
F45 V16(E17) V48(E31) a=0.327213, can_bisect=1
F45 V16(E17) V40(E71) a=0.555064, can_bisect=1
F45 V16(E17) V48(E55) a=0.671324, can_bisect=1
F45 V16(E17) V16(E110) a=0.523599, can_bisect=1
F45 V48(E4) V36(E5) a=0, can_bisect=0
F45 V48(E4) V48(E31) a=0.143068, can_bisect=1
F45 V48(E4) V40(E71) a=0.327213, can_bisect=1
F45 V48(E4) V48(E55) a=0.492134, can_bisect=1
F45 V48(E4) V16(E110) a=0.671324, can_bisect=1
F45 V36(E5) V48(E31) a=0, can_bisect=0
F45 V36(E5) V40(E71) a=0.205998, can_bisect=1
F45 V36(E5) V48(E55) a=0.327213, can_bisect=1
F45 V36(E5) V16(E110) a=0.555064, can_bisect=1
F45 V48(E31) V40(E71) a=0, can_bisect=0
F45 V48(E31) V48(E55) a=0.143068, can_bisect=1
F45 V48(E31) V16(E110) a=0.327213, can_bisect=1
F45 V40(E71) V48(E55) a=0, can_bisect=0
F45 V40(E71) V16(E110) a=0.205998, can_bisect=1
F45 V48(E55) V16(E110) a=0, can_bisect=0
F45 best_angle = 1.01775
F62 V48(E55) V16(E110) a=0, can_bisect=0
F62 V48(E55) V48(E43) a=0.172513, can_bisect=1
F62 V48(E55) V40(E118) a=0, can_bisect=0
F62 V16(E110) V48(E43) a=0, can_bisect=0
F62 V16(E110) V40(E118) a=0.174533, can_bisect=1
F62 V48(E43) V40(E118) a=0, can_bisect=0
F62 best_angle = 0.174533
F61 V40(E77) V48(E49) a=0, can_bisect=0
F61 V40(E77) V16(E17) a=0.205998, can_bisect=1
F61 V40(E77) V48(E4) a=0.327213, can_bisect=1
F61 V40(E77) V36(E5) a=0.521579, can_bisect=1
F61 V40(E77) V48(E31) a=0.351703, can_bisect=1
F61 V40(E77) V40(E71) a=0.172513, can_bisect=1
F61 V40(E77) V48(E118) a=0, can_bisect=0
F61 V48(E49) V16(E17) a=0, can_bisect=0
F61 V48(E49) V48(E4) a=0.143068, can_bisect=1
F61 V48(E49) V36(E5) a=0.327213, can_bisect=1
F61 V48(E49) V48(E31) a=0.492134, can_bisect=1
F61 V48(E49) V40(E71) a=0.671324, can_bisect=1
F61 V48(E49) V48(E118) a=0.176553, can_bisect=1
F61 V16(E17) V48(E4) a=0, can_bisect=0
F61 V16(E17) V36(E5) a=0.205998, can_bisect=1
F61 V16(E17) V48(E31) a=0.327213, can_bisect=1
F61 V16(E17) V40(E71) a=0.555064, can_bisect=1
F61 V16(E17) V48(E118) a=0.346429, can_bisect=1
F61 V48(E4) V36(E5) a=0, can_bisect=0
F61 V48(E4) V48(E31) a=0.143068, can_bisect=1
F61 V48(E4) V40(E71) a=0.327213, can_bisect=1
F61 V48(E4) V48(E118) a=0.492134, can_bisect=1
F61 V36(E5) V48(E31) a=0, can_bisect=0
F61 V36(E5) V40(E71) a=0.205998, can_bisect=1
F61 V36(E5) V48(E118) a=0.327213, can_bisect=1
F61 V48(E31) V40(E71) a=0, can_bisect=0
F61 V48(E31) V48(E118) a=0.143068, can_bisect=1
F61 V40(E71) V48(E118) a=0, can_bisect=0
F61 best_angle = 0.671324
F66 V40(E71) V48(E118) a=0, can_bisect=0
F66 V40(E71) V40(E77) a=0.172513, can_bisect=1
F66 V40(E71) V48(E120) a=0, can_bisect=0
F66 V48(E118) V40(E77) a=0, can_bisect=0
F66 V48(E118) V48(E120) a=0.169876, can_bisect=1
F66 V40(E77) V48(E120) a=0, can_bisect=0
F66 best_angle = 0.172513
F65 V48(E49) V16(E17) a=0, can_bisect=0
F65 V48(E49) V48(E4) a=0.143068, can_bisect=1
F65 V48(E49) V36(E5) a=0.327213, can_bisect=1
F65 V48(E49) V48(E31) a=0.17919, can_bisect=1
F65 V48(E49) V40(E120) a=0, can_bisect=0
F65 V16(E17) V48(E4) a=0, can_bisect=0
F65 V16(E17) V36(E5) a=0.205998, can_bisect=1
F65 V16(E17) V48(E31) a=0.327213, can_bisect=1
F65 V16(E17) V40(E120) a=0.169876, can_bisect=1
F65 V48(E4) V36(E5) a=0, can_bisect=0
F65 V48(E4) V48(E31) a=0.143068, can_bisect=1
F65 V48(E4) V40(E120) a=0.327213, can_bisect=1
F65 V36(E5) V48(E31) a=0, can_bisect=0
F65 V36(E5) V40(E120) a=0.205998, can_bisect=1
F65 V48(E31) V40(E120) a=0, can_bisect=0
F65 best_angle = 0.327213
F70 V48(E31) V40(E120) a=0, can_bisect=0
F70 V48(E31) V48(E49) a=0.16492, can_bisect=1
F70 V48(E31) V16(E122) a=0, can_bisect=0
F70 V40(E120) V48(E49) a=0, can_bisect=0
F70 V40(E120) V16(E122) a=0.169876, can_bisect=1
F70 V48(E49) V16(E122) a=0, can_bisect=0
F70 best_angle = 0.169876
F69 V16(E17) V48(E4) a=0, can_bisect=0
F69 V16(E17) V36(E5) a=0.16492, can_bisect=1
F69 V16(E17) V48(E122) a=0, can_bisect=0
F69 V48(E4) V36(E5) a=0, can_bisect=0
F69 V48(E4) V48(E122) a=0.143068, can_bisect=1
F69 V36(E5) V48(E122) a=0, can_bisect=0
F69 best_angle = 0.16492
Removing V21
F75 V16(E55) V48(E65) a=0, can_bisect=0
F75 V16(E55) V16(E103) a=0.143068, can_bisect=1
F75 V16(E55) V48(E83) a=0.666667, can_bisect=1
F75 V16(E55) V16(E49) a=0.143068, can_bisect=1
F75 V16(E55) V48(E17) a=0, can_bisect=0
F75 V48(E65) V16(E103) a=0, can_bisect=0
F75 V48(E65) V48(E83) a=0.90413, can_bisect=1
F75 V48(E65) V16(E49) a=0.666667, can_bisect=1
F75 V48(E65) V48(E17) a=0.90413, can_bisect=1
F75 V16(E103) V48(E83) a=0, can_bisect=0
F75 V16(E103) V16(E49) a=0.143068, can_bisect=1
F75 V16(E103) V48(E17) a=0.666667, can_bisect=1
F75 V48(E83) V16(E49) a=0, can_bisect=0
F75 V48(E83) V48(E17) a=0.90413, can_bisect=1
F75 V16(E49) V48(E17) a=0, can_bisect=0
F75 best_angle = 0.90413
F77 V48(E83) V16(E49) a=0, can_bisect=0
F77 V48(E83) V48(E17) a=0.90413, can_bisect=1
F77 V48(E83) V16(E55) a=0.523599, can_bisect=1
F77 V48(E83) V48(E125) a=0, can_bisect=0
F77 V16(E49) V48(E17) a=0, can_bisect=0
F77 V16(E49) V16(E55) a=0.143068, can_bisect=1
F77 V16(E49) V48(E125) a=0.523599, can_bisect=1
F77 V48(E17) V16(E55) a=0, can_bisect=0
F77 V48(E17) V48(E125) a=0.90413, can_bisect=1
F77 V16(E55) V48(E125) a=0, can_bisect=0
F77 best_angle = 0.90413
F79 V48(E125) V48(E83) a=0, can_bisect=0
F79 V48(E125) V16(E49) a=0.523599, can_bisect=1
F79 V48(E125) V48(E126) a=0, can_bisect=0
F79 V48(E83) V16(E49) a=0, can_bisect=0
F79 V48(E83) V48(E126) a=0.90413, can_bisect=1
F79 V16(E49) V48(E126) a=0, can_bisect=0
F79 best_angle = 0.90413
Removing V44
F82 V48(E77) V40(E31) a=0, can_bisect=0
F82 V48(E77) V48(E71) a=0.90413, can_bisect=1
F82 V48(E77) V40(E97) a=0.666667, can_bisect=1
F82 V48(E77) V48(E89) a=0.90413, can_bisect=1
F82 V48(E77) V40(E43) a=0, can_bisect=0
F82 V40(E31) V48(E71) a=0, can_bisect=0
F82 V40(E31) V40(E97) a=0.143068, can_bisect=1
F82 V40(E31) V48(E89) a=0.666667, can_bisect=1
F82 V40(E31) V40(E43) a=0.143068, can_bisect=1
F82 V48(E71) V40(E97) a=0, can_bisect=0
F82 V48(E71) V48(E89) a=0.90413, can_bisect=1
F82 V48(E71) V40(E43) a=0.666667, can_bisect=1
F82 V40(E97) V48(E89) a=0, can_bisect=0
F82 V40(E97) V40(E43) a=0.143068, can_bisect=1
F82 V48(E89) V40(E43) a=0, can_bisect=0
F82 best_angle = 0.90413
F83 V48(E77) V40(E31) a=0, can_bisect=0
F83 V48(E77) V48(E71) a=0.90413, can_bisect=1
F83 V48(E77) V40(E97) a=0.523599, can_bisect=1
F83 V48(E77) V48(E128) a=0, can_bisect=0
F83 V40(E31) V48(E71) a=0, can_bisect=0
F83 V40(E31) V40(E97) a=0.143068, can_bisect=1
F83 V40(E31) V48(E128) a=0.523599, can_bisect=1
F83 V48(E71) V40(E97) a=0, can_bisect=0
F83 V48(E71) V48(E128) a=0.90413, can_bisect=1
F83 V40(E97) V48(E128) a=0, can_bisect=0
F83 best_angle = 0.90413
F86 V48(E71) V40(E97) a=0, can_bisect=0
F86 V48(E71) V48(E128) a=0.90413, can_bisect=1
F86 V48(E71) V48(E129) a=0, can_bisect=0
F86 V40(E97) V48(E128) a=0, can_bisect=0
F86 V40(E97) V48(E129) a=0.523599, can_bisect=1
F86 V48(E128) V48(E129) a=0, can_bisect=0
F86 best_angle = 0.90413
Extra: Flipping E110
Extra: Flipping E111
Extra: Flipping E113
Extra: Flipping E115
Extra: Flipping E118
Extra: Flipping E120
Extra: Flipping E122
Longest Edge: 7.89463
Looking for shortest saddle...1.4005
Clearing denominators: multiplying by 3
#Field Degree=6 minimal polynomial=(1 0 0 -1 0 0 1)
#Field generator embedding: (0.939692620785908430.34202014332566871
#Params:1
#t1=4.0529455252283562
# Vertices: V16 V36 V40 V48
# UEdges: 
E4 ( V48 V36 F73 F40 ) (0.599050206774134452736291,4.158567028289190226075789)
E5 ( V48 V36 F38 F101 ) (0.599050206774133453535569,-4.158567028289191114254209)
E11 ( V48 V36 F40 F90 ) (-3.900949793225866102375221,1.560490816935873770177068)
E17 ( V16 V48 F73 F78 ) (2.214176277786663593616368,3.570709213853307417707583)
E25 ( V36 V48 F38 F92 ) (3.900949793225866546464431,1.560490816935874658355488)
E31 ( V48 V40 F101 F85 ) (-2.214176277786663593616368,3.570709213853308749975213)
E37 ( V36 V48 F42 F93 ) (-3.301899586451731760661232,2.598076211353315567720301)
E43 ( V48 V40 F90 F84 ) (4.199413027617459270857125,0.132178298093465929063939)
E49 ( V48 V16 F100 F80 ) (3.131974441883863313762504,2.800585112864161896339965)
E55 ( V16 V48 F78 F97 ) (3.991365074142805724477512,-1.312076874242935398129362)
E59 ( V48 V36 F42 F59 ) (3.301899586451733092928862,2.598076211353316899987931)
E65 ( V16 V48 F92 F76 ) (-4.199413027617459270857125,0.132178298093467594398476)
E71 ( V40 V48 F97 F87 ) (-3.131974441883863313762504,2.800585112864163672696804)
E77 ( V48 V40 F85 F100 ) (-3.991365074142807056745141,-1.312076874242934287906337)
E83 ( V16 V48 F93 F80 ) (1.985236749830795233151548,-3.702887511946774345972244)
E89 ( V48 V40 F84 F95 ) (0.859390632258944076049545,4.112661987107097516513932)
E97 ( V48 V40 F59 F87 ) (-1.985236749830796343374573,-3.702887511946775234150664)
E103 ( V16 V48 F76 F95 ) (-0.859390632258942410715008,4.112661987107097516513932)
E107 ( V48 V48 F43 F38 ) (4.500000000000000000000000,-2.598076211353316011809511)
E108 ( V48 V48 F43 F40 ) (-4.500000000000000000000000,-2.598076211353316011809511)
E109 ( V48 V48 F43 F42 ) (0.000000000000001332267630,5.196152422706632023619022)
E112 ( V36 V16 F91 F89 ) (8.100362820843326261410766,22.255563939656781258236151)
E114 ( V36 V36 F94 F91 ) (0.000000000000002664535259,20.827251420814373972234534)
E116 ( V16 V36 F96 F94 ) (5.287136336282530990615669,14.526287697514288055344878)
E117 ( V36 V40 F96 F59 ) (-5.287136336282529214258830,-6.300963723300092134138595)
E119 ( V16 V40 F98 F89 ) (-0.000000000000001332267630,-23.683876458499188544237768)
E121 ( V40 V40 F99 F98 ) (-7.123339516026671702775275,-19.571214471392092804080676)
E123 ( V40 V16 F102 F99 ) (-0.000000000000001332267630,-15.458552484284998840280423)
E124 ( V16 V36 F102 F73 ) (2.813226484560797935330356,7.729276242142496755604952)
E125 ( V48 V48 F81 F76 ) (3.340022395358516860142117,3.980483689013630588249271)
E126 ( V48 V48 F81 F78 ) (1.777188796356142130861144,-4.882786088096242593792340)
E127 ( V48 V48 F81 F80 ) (-5.117211191714659435092472,0.902302399082612449632279)
E128 ( V48 V48 F84 F88 ) (3.340022395358515971963698,-3.980483689013631476427690)
E129 ( V48 V48 F88 F85 ) (-1.777188796356143463128774,-4.882786088096243481970760)
E130 ( V48 V48 F88 F87 ) (5.117211191714659435092472,0.902302399082611450431557)
E131 ( V36 V40 F89 F90 ) (8.100362820843324485053927,-1.428312518842408174180036)
E132 ( V16 V36 F91 F92 ) (-8.100362820843322708697087,-1.428312518842407952135432)
E133 ( V36 V16 F93 F94 ) (-5.287136336282527437901990,6.300963723300091245960175)
E134 ( V16 V40 F95 F96 ) (0.000000000000001598600062,8.225323974214195033027863)
E135 ( V16 V40 F97 F98 ) (7.123339516026669038240016,-4.112661987107097516513932)
E136 ( V40 V16 F99 F100 ) (7.123339516026669926418435,4.112661987107096628335512)
E137 ( V40 V36 F101 F102 ) (2.813226484560796603062727,-7.729276242142499420140211)
# Faces: 
F38 +E5 +E25 -E107
F40 +E11 -E4 -E108
F42 +E59 +E37 -E109
F43 +E108 +E107 +E109
F59 -E59 +E97 -E117
F73 +E17 +E4 -E124
F76 -E65 +E103 -E125
F78 -E17 +E55 -E126
F80 -E83 -E49 -E127
F81 +E126 +E125 +E127
F84 +E89 -E43 +E128
F85 +E77 -E31 -E129
F87 -E71 -E97 -E130
F88 -E128 +E129 +E130
F89 +E131 -E119 -E112
F90 -E131 -E11 +E43
F91 +E132 -E114 +E112
F92 -E132 +E65 -E25
F93 +E133 +E83 -E37
F94 -E133 +E114 -E116
F95 +E134 -E89 -E103
F96 -E134 +E116 +E117
F97 +E135 +E71 -E55
F98 -E135 +E119 -E121
F99 +E136 -E123 +E121
F100 -E136 -E77 +E49
F101 +E137 -E5 +E31
F102 -E137 +E123 +E124
#UEdges Algebraic 
#E4: (3 0 0 0 0 0)+(0 1 -2 0 1 1)t1
#E5: (3 0 0 0 0 0)+(0 -2 1 0 1 -2)t1
#E11: (0 0 0 -3 0 0)+(0 1 -2 0 1 1)t1
#E17: (0 -3 0 0 3 0)+(-1 0 1 2 0 -2)t1
#E25: (3 0 0 -3 0 0)+(0 2 -1 0 -1 2)t1
#E31: (0 0 3 0 0 0)+(-1 -1 0 2 -1 0)t1
#E37: (0 0 0 3 0 0)+(0 -1 -1 0 2 -1)t1
#E43: (0 0 0 0 0 -3)+(2 -1 0 -1 2 0)t1
#E49: (0 3 0 0 -3 0)+(-2 0 2 1 0 -1)t1
#E55: (0 0 0 0 -3 0)+(-1 0 1 2 0 -2)t1
#E59: (-3 0 0 3 0 0)+(0 1 1 0 -2 1)t1
#E65: (0 0 0 0 -3 0)+(-1 0 1 -1 0 1)t1
#E71: (0 0 -3 0 0 0)+(1 -2 0 1 1 0)t1
#E77: (0 0 0 0 0 -3)+(-1 -1 0 2 -1 0)t1
#E83: (0 3 0 0 0 0)+(2 0 -2 -1 0 1)t1
#E89: (0 0 -3 0 0 3)+(2 -1 0 -1 2 0)t1
#E97: (0 0 -3 0 0 3)+(-1 2 0 -1 -1 0)t1
#E103: (0 3 0 0 0 0)+(-1 0 1 -1 0 1)t1
#E107: (6 0 0 -3 0 0)+(0 0 0 0 0 0)t1
#E108: (-3 0 0 -3 0 0)+(0 0 0 0 0 0)t1
#E109: (-3 0 0 6 0 0)+(0 0 0 0 0 0)t1
#E112: (0 0 0 3 3 0)+(1 -1 1 1 2 1)t1
#E114: (-3 0 0 6 0 0)+(0 -3 3 0 3 0)t1
#E116: (-3 3 0 3 0 0)+(2 -2 2 -1 1 2)t1
#E117: (3 0 -3 -3 0 3)+(-1 1 -1 -1 1 -1)t1
#E119: (0 0 0 0 -3 -3)+(1 -1 1 -2 -1 -2)t1
#E121: (0 0 -3 0 0 -3)+(3 -3 0 -3 0 0)t1
#E123: (0 3 -3 0 -3 0)+(2 -2 2 -4 1 -1)t1
#E124: (3 -3 0 0 3 0)+(-1 1 -1 2 1 -1)t1
#E125: (0 3 0 0 3 0)+(0 0 0 0 0 0)t1
#E126: (0 3 0 0 -6 0)+(0 0 0 0 0 0)t1
#E127: (0 -6 0 0 3 0)+(0 0 0 0 0 0)t1
#E128: (0 0 3 0 0 -6)+(0 0 0 0 0 0)t1
#E129: (0 0 -3 0 0 -3)+(0 0 0 0 0 0)t1
#E130: (0 0 6 0 0 -3)+(0 0 0 0 0 0)t1
#E131: (0 0 0 3 0 -3)+(2 -2 2 -1 1 -1)t1
#E132: (-3 0 0 3 -3 0)+(-1 -2 2 -1 1 -1)t1
#E133: (0 -3 0 3 0 0)+(-2 -1 1 1 2 -2)t1
#E134: (0 3 -3 0 0 3)+(1 -1 1 -2 2 1)t1
#E135: (0 0 3 0 -3 0)+(-2 2 1 1 -1 -2)t1
#E136: (0 3 0 0 -3 3)+(-1 1 2 -1 1 -1)t1
#E137: (3 0 -3 0 0 0)+(1 -1 1 -2 2 -2)t1
# File =  perturb = 0 rescale = 1
# vertices: 4
## V16(16) (4 PI) V36(16) (4 PI) V40(16) (4 PI) V48(36) (16 PI) 
# edges: 42
## E4(2) E5(2) E11(2) E17(2) E25(2) E31(2) E37(2) E43(2) E49(2) E55(2) E59(2) E65(2) E71(2) E77(2) E83(2) E89(2) E97(2) E103(2) E107(2) E108(2) E109(2) E112(2) E114(2) E116(2) E117(2) E119(2) E121(2) E123(2) E124(2) E125(2) E126(2) E127(2) E128(2) E129(2) E130(2) E131(2) E132(2) E133(2) E134(2) E135(2) E136(2) E137(2) 
# faces: 28
# genus: 6
# area: 562.328
sweeping start V16 depth = 79.0449
File =  depth = 79.0449 follow_depth = 395.224 perturb = 0
Final Report:

 part done:100% weird 0 bad_angle 40 unusual 0 close 32966 reject 0
V16: AfBe V40: aEbF V36: CcDd V48: GnHmIlJkKjLiMhNg   cylinders |1|2.50414|3.50414|3.83656|4.70624|5.71595|6.23833|6.58563|
Moduli: |2.91199|6.40962|5.41147|1.08887|2.28699|1.6883|1.38481|1| Min Area: 1 Max Area: 1
    total: 0.212058 0.128916 sym = 4
    raw = 18 short saddle = 5.19615 short cyl = 8.31713 tag #0
V16: AbBa V36: CeDf V40: cFdE V48: GmHlIkJjKiLhMgNn   cylinders |1|2.50414|3.50414|3.83656|4.70624|5.71595|6.23833|6.58563|
Moduli: |2.91199|6.40962|5.41147|1.08887|2.28699|1.6883|1.38481|1| Min Area: 1 Max Area: 1
    total: 0.212058 0.128916 sym = 4
    raw = 18 short saddle = 5.19615 short cyl = 8.31713 tag #6
V16: AXXa V48: BbXXXXXXXXXXXXXX   cylinders |1|
Moduli: |1| Min Area: 0.051233 Max Area: 0.110361
    total: 0.282743 0.171887 sym = 2
    raw = 12 short saddle = 45.8266 short cyl = 45.8266 tag #3
V16: AaXX V36: BXXb V48: CXXXXXXcXXXXXXXX   cylinders |1|
Moduli: |1| Min Area: 0.0416091 Max Area: 0.0416091
    total: 0.282743 0.171887 sym = 2
    raw = 12 short saddle = 39.8265 short cyl = 39.8265 tag #7
V16: AaXX V48: BXXXXXXXXXXXXXXb   cylinders |1|
Moduli: |1| Min Area: 0.051233 Max Area: 0.110361
    total: 0.282743 0.171887 sym = 2
    raw = 12 short saddle = 45.8266 short cyl = 45.8266 tag #9
V16: AXXa V40: BbXX V48: CXXXXXXXXcXXXXXX   cylinders |1|
Moduli: |1| Min Area: 0.0416091 Max Area: 0.0416091
    total: 0.282743 0.171887 sym = 2
    raw = 12 short saddle = 39.8265 short cyl = 39.8265 tag #10
V16: AaXX V48: BXXXXXXbXXXcCXXX   cylinders |1|
Moduli: |1| Min Area: 0.0310662 Max Area: 0.0310662
    total: 0.141372 0.0859437 sym = 2
    raw = 6 short saddle = 53.9546 short cyl = 53.9546 tag #4
V16: AXXa V48: BXXXXXCcXXXXXbXX   cylinders |1|
Moduli: |1| Min Area: 0.0355098 Max Area: 0.0355098
    total: 0.141372 0.0859437 sym = 2
    raw = 6 short saddle = 46.3758 short cyl = 46.3758 tag #5
V16: AaXX V48: BXXXXXCXXcXXXXXb   cylinders |1|
Moduli: |1| Min Area: 0.0355098 Max Area: 0.0355098
    total: 0.141372 0.0859437 sym = 2
    raw = 6 short saddle = 46.3758 short cyl = 46.3758 tag #11
V16: AXXa V48: BXXXCcXXXbXXXXXX   cylinders |1|
Moduli: |1| Min Area: 0.0310662 Max Area: 0.0310662
    total: 0.141372 0.0859437 sym = 2
    raw = 6 short saddle = 53.9546 short cyl = 53.9546 tag #12

total cylinders: 5.37212 3.26586 raw = 114 rejected = 0
