polygon 1 8 5 6 --depth=10 --follow_depth=50 --show_cyls --show_moduli --cyls_only --quiet 
max loc = 1
alpha =  8 beta = 5 gamma = 6 delta =1
a =  2.51327 b = 1.5708 c= 1.88496 d=0.314159
a1_min = -0.314159 a1_max = 1.5708
a1 = 0.970796
angle a check: 0
angle b check: 0
angle c check: 3.14159
angle d check: 4.996e-16
p = 1 q = 1.77103 p-q = 1.4617
p = (1,0) q = (1,1.4617) r = (-4.44849,3.23202)
Imaginary of t_cx = 4.44089e-16
p_algt = (1 0 0 0 0 0 0 0)+(0 0 0 0 0 0 0 0)t1
r_algt = (0 0 0 0 0 0 0 0)+(-1 0 1 0 -1 0 1 0)t1
Checking p_alt (0,0)
Checking q_alt (-1.11022e-16,-1.55431e-15)
Checking r_alt (1.77636e-15,-8.88178e-16)
Checking p_algt (0,0)
Checking q_algt (-1.11022e-16,-1.55431e-15)
Checking r_algt (1.77636e-15,-8.88178e-16)
Number field: min poly (1 0 -1 0 1 0 -1 0 1)
#Field Degree=8 minimal polynomial=(1 0 -1 0 1 0 -1 0 1)
#Field generator embedding: (0.951056516295153530.3090169943749474
#Params:1
#t1=5.4986375526780602
# Vertices: V0 V1 V2 V3
# UEdges: 
E0 ( V0 V1 F0 NULL ) (1.000000000000000000000000,0.000000000000000000000000)
E1 ( V1 V2 F0 NULL ) (-0.000000000000000222044605,1.461695947078100132898726)
E2 ( V2 V3 F0 NULL ) (-5.448491226024819944484534,1.770322114087639508994698)
E3 ( V3 V0 F0 NULL ) (4.448491226024819944484534,-3.232018061165739641893424)
# Faces: 
F0 +E0 +E1 +E2 +E3
#UEdges Algebraic 
#E0: (1 0 0 0 0 0 0 0)+(0 0 0 0 0 0 0 0)t1
#E1: (3/5 0 -6/5 0 4/5 0 -2/5 0)+(-3/5 0 6/5 0 -4/5 0 2/5 0)t1
#E2: (-8/5 0 6/5 0 -4/5 0 2/5 0)+(-2/5 0 -1/5 0 -1/5 0 3/5 0)t1
#E3: (0 0 0 0 0 0 0 0)+(1 0 -1 0 1 0 -1 0)t1
F0 V0(E0) V1(E1) a=0, can_bisect=0
F0 V0(E0) V2(E2) a=0.6, can_bisect=1
F0 V0(E0) V3(E3) a=0, can_bisect=0
F0 V1(E1) V2(E2) a=0, can_bisect=0
F0 V1(E1) V3(E3) a=0.0929177, can_bisect=1
F0 V2(E2) V3(E3) a=0, can_bisect=0
F0 best_angle = 0.6
In RetriangulateSurface
Removing V1
F41 V58(E5) V66(E31) a=0, can_bisect=0
F41 V58(E5) V17(E11) a=0.970796, can_bisect=1
F41 V58(E5) V78(E4) a=0, can_bisect=0
F41 V66(E31) V17(E11) a=0, can_bisect=0
F41 V66(E31) V78(E4) a=0.6, can_bisect=1
F41 V17(E11) V78(E4) a=0, can_bisect=0
F41 best_angle = 0.970796
Removing V21
F44 V78(E61) V58(E83) a=0, can_bisect=0
F44 V78(E61) V66(E67) a=0.6, can_bisect=1
F44 V78(E61) V17(E17) a=0, can_bisect=0
F44 V58(E83) V66(E67) a=0, can_bisect=0
F44 V58(E83) V17(E17) a=0.970796, can_bisect=1
F44 V66(E67) V17(E17) a=0, can_bisect=0
F44 best_angle = 0.970796
Removing V27
F47 V66(E73) V17(E89) a=0, can_bisect=0
F47 V66(E73) V78(E79) a=0.6, can_bisect=1
F47 V66(E73) V58(E23) a=0, can_bisect=0
F47 V17(E89) V78(E79) a=0, can_bisect=0
F47 V17(E89) V58(E23) a=0.970796, can_bisect=1
F47 V78(E79) V58(E23) a=0, can_bisect=0
F47 best_angle = 0.970796
Removing V38
F50 V58(E101) V66(E49) a=0, can_bisect=0
F50 V58(E101) V17(E107) a=0.970796, can_bisect=1
F50 V58(E101) V78(E37) a=0, can_bisect=0
F50 V66(E49) V17(E107) a=0, can_bisect=0
F50 V66(E49) V78(E37) a=0.6, can_bisect=1
F50 V17(E107) V78(E37) a=0, can_bisect=0
F50 best_angle = 0.970796
Removing V44
F53 V17(E95) V78(E55) a=0, can_bisect=0
F53 V17(E95) V58(E113) a=0.970796, can_bisect=1
F53 V17(E95) V66(E43) a=0, can_bisect=0
F53 V78(E55) V58(E113) a=0, can_bisect=0
F53 V78(E55) V66(E43) a=0.6, can_bisect=1
F53 V58(E113) V66(E43) a=0, can_bisect=0
F53 best_angle = 0.970796
Removing V80
F56 V78(E107) V17(E67) a=0, can_bisect=0
F56 V78(E107) V66(E23) a=0.0283185, can_bisect=1
F56 V78(E107) V58(E4) a=0.225624, can_bisect=1
F56 V78(E107) V78(E17) a=0.342478, can_bisect=1
F56 V78(E107) V17(E43) a=0.520062, can_bisect=1
F56 V78(E107) V66(E5) a=0.656637, can_bisect=1
F56 V78(E107) V58(E37) a=0.824165, can_bisect=1
F56 V78(E107) V78(E95) a=0.970796, can_bisect=1
F56 V78(E107) V17(E73) a=1.13112, can_bisect=1
F56 V78(E107) V66(E101) a=1.28496, can_bisect=1
F56 V78(E107) V58(E61) a=1.13112, can_bisect=1
F56 V78(E107) V78(E89) a=0.970796, can_bisect=1
F56 V78(E107) V17(E31) a=0.824165, can_bisect=1
F56 V78(E107) V66(E83) a=0.656637, can_bisect=1
F56 V78(E107) V58(E55) a=0.520062, can_bisect=1
F56 V78(E107) V78(E11) a=0.342478, can_bisect=1
F56 V78(E107) V17(E49) a=0.225624, can_bisect=1
F56 V78(E107) V66(E113) a=0.0283185, can_bisect=1
F56 V78(E107) V58(E79) a=0, can_bisect=0
F56 V17(E67) V66(E23) a=0, can_bisect=0
F56 V17(E67) V58(E4) a=0.285841, can_bisect=1
F56 V17(E67) V78(E17) a=0.225624, can_bisect=1
F56 V17(E67) V17(E43) a=0.6, can_bisect=1
F56 V17(E67) V66(E5) a=0.520062, can_bisect=1
F56 V17(E67) V58(E37) a=0.914159, can_bisect=1
F56 V17(E67) V78(E95) a=0.824165, can_bisect=1
F56 V17(E67) V17(E73) a=1.22832, can_bisect=1
F56 V17(E67) V66(E101) a=1.13112, can_bisect=1
F56 V17(E67) V58(E61) a=1.54248, can_bisect=1
F56 V17(E67) V78(E89) a=1.13112, can_bisect=1
F56 V17(E67) V17(E31) a=1.22832, can_bisect=1
F56 V17(E67) V66(E83) a=0.824165, can_bisect=1
F56 V17(E67) V58(E55) a=0.914159, can_bisect=1
F56 V17(E67) V78(E11) a=0.520062, can_bisect=1
F56 V17(E67) V17(E49) a=0.6, can_bisect=1
F56 V17(E67) V66(E113) a=0.225624, can_bisect=1
F56 V17(E67) V58(E79) a=0.285841, can_bisect=1
F56 V66(E23) V58(E4) a=0, can_bisect=0
F56 V66(E23) V78(E17) a=0.0283185, can_bisect=1
F56 V66(E23) V17(E43) a=0.225624, can_bisect=1
F56 V66(E23) V66(E5) a=0.342478, can_bisect=1
F56 V66(E23) V58(E37) a=0.520062, can_bisect=1
F56 V66(E23) V78(E95) a=0.656637, can_bisect=1
F56 V66(E23) V17(E73) a=0.824165, can_bisect=1
F56 V66(E23) V66(E101) a=0.970796, can_bisect=1
F56 V66(E23) V58(E61) a=1.13112, can_bisect=1
F56 V66(E23) V78(E89) a=1.28496, can_bisect=1
F56 V66(E23) V17(E31) a=1.13112, can_bisect=1
F56 V66(E23) V66(E83) a=0.970796, can_bisect=1
F56 V66(E23) V58(E55) a=0.824165, can_bisect=1
F56 V66(E23) V78(E11) a=0.656637, can_bisect=1
F56 V66(E23) V17(E49) a=0.520062, can_bisect=1
F56 V66(E23) V66(E113) a=0.342478, can_bisect=1
F56 V66(E23) V58(E79) a=0.225624, can_bisect=1
F56 V58(E4) V78(E17) a=0, can_bisect=0
F56 V58(E4) V17(E43) a=0.285841, can_bisect=1
F56 V58(E4) V66(E5) a=0.225624, can_bisect=1
F56 V58(E4) V58(E37) a=0.6, can_bisect=1
F56 V58(E4) V78(E95) a=0.520062, can_bisect=1
F56 V58(E4) V17(E73) a=0.914159, can_bisect=1
F56 V58(E4) V66(E101) a=0.824165, can_bisect=1
F56 V58(E4) V58(E61) a=1.22832, can_bisect=1
F56 V58(E4) V78(E89) a=1.13112, can_bisect=1
F56 V58(E4) V17(E31) a=1.54248, can_bisect=1
F56 V58(E4) V66(E83) a=1.13112, can_bisect=1
F56 V58(E4) V58(E55) a=1.22832, can_bisect=1
F56 V58(E4) V78(E11) a=0.824165, can_bisect=1
F56 V58(E4) V17(E49) a=0.914159, can_bisect=1
F56 V58(E4) V66(E113) a=0.520062, can_bisect=1
F56 V58(E4) V58(E79) a=0.6, can_bisect=1
F56 V78(E17) V17(E43) a=0, can_bisect=0
F56 V78(E17) V66(E5) a=0.0283185, can_bisect=1
F56 V78(E17) V58(E37) a=0.225624, can_bisect=1
F56 V78(E17) V78(E95) a=0.342478, can_bisect=1
F56 V78(E17) V17(E73) a=0.520062, can_bisect=1
F56 V78(E17) V66(E101) a=0.656637, can_bisect=1
F56 V78(E17) V58(E61) a=0.824165, can_bisect=1
F56 V78(E17) V78(E89) a=0.970796, can_bisect=1
F56 V78(E17) V17(E31) a=1.13112, can_bisect=1
F56 V78(E17) V66(E83) a=1.28496, can_bisect=1
F56 V78(E17) V58(E55) a=1.13112, can_bisect=1
F56 V78(E17) V78(E11) a=0.970796, can_bisect=1
F56 V78(E17) V17(E49) a=0.824165, can_bisect=1
F56 V78(E17) V66(E113) a=0.656637, can_bisect=1
F56 V78(E17) V58(E79) a=0.520062, can_bisect=1
F56 V17(E43) V66(E5) a=0, can_bisect=0
F56 V17(E43) V58(E37) a=0.285841, can_bisect=1
F56 V17(E43) V78(E95) a=0.225624, can_bisect=1
F56 V17(E43) V17(E73) a=0.6, can_bisect=1
F56 V17(E43) V66(E101) a=0.520062, can_bisect=1
F56 V17(E43) V58(E61) a=0.914159, can_bisect=1
F56 V17(E43) V78(E89) a=0.824165, can_bisect=1
F56 V17(E43) V17(E31) a=1.22832, can_bisect=1
F56 V17(E43) V66(E83) a=1.13112, can_bisect=1
F56 V17(E43) V58(E55) a=1.54248, can_bisect=1
F56 V17(E43) V78(E11) a=1.13112, can_bisect=1
F56 V17(E43) V17(E49) a=1.22832, can_bisect=1
F56 V17(E43) V66(E113) a=0.824165, can_bisect=1
F56 V17(E43) V58(E79) a=0.914159, can_bisect=1
F56 V66(E5) V58(E37) a=0, can_bisect=0
F56 V66(E5) V78(E95) a=0.0283185, can_bisect=1
F56 V66(E5) V17(E73) a=0.225624, can_bisect=1
F56 V66(E5) V66(E101) a=0.342478, can_bisect=1
F56 V66(E5) V58(E61) a=0.520062, can_bisect=1
F56 V66(E5) V78(E89) a=0.656637, can_bisect=1
F56 V66(E5) V17(E31) a=0.824165, can_bisect=1
F56 V66(E5) V66(E83) a=0.970796, can_bisect=1
F56 V66(E5) V58(E55) a=1.13112, can_bisect=1
F56 V66(E5) V78(E11) a=1.28496, can_bisect=1
F56 V66(E5) V17(E49) a=1.13112, can_bisect=1
F56 V66(E5) V66(E113) a=0.970796, can_bisect=1
F56 V66(E5) V58(E79) a=0.824165, can_bisect=1
F56 V58(E37) V78(E95) a=0, can_bisect=0
F56 V58(E37) V17(E73) a=0.285841, can_bisect=1
F56 V58(E37) V66(E101) a=0.225624, can_bisect=1
F56 V58(E37) V58(E61) a=0.6, can_bisect=1
F56 V58(E37) V78(E89) a=0.520062, can_bisect=1
F56 V58(E37) V17(E31) a=0.914159, can_bisect=1
F56 V58(E37) V66(E83) a=0.824165, can_bisect=1
F56 V58(E37) V58(E55) a=1.22832, can_bisect=1
F56 V58(E37) V78(E11) a=1.13112, can_bisect=1
F56 V58(E37) V17(E49) a=1.54248, can_bisect=1
F56 V58(E37) V66(E113) a=1.13112, can_bisect=1
F56 V58(E37) V58(E79) a=1.22832, can_bisect=1
F56 V78(E95) V17(E73) a=0, can_bisect=0
F56 V78(E95) V66(E101) a=0.0283185, can_bisect=1
F56 V78(E95) V58(E61) a=0.225624, can_bisect=1
F56 V78(E95) V78(E89) a=0.342478, can_bisect=1
F56 V78(E95) V17(E31) a=0.520062, can_bisect=1
F56 V78(E95) V66(E83) a=0.656637, can_bisect=1
F56 V78(E95) V58(E55) a=0.824165, can_bisect=1
F56 V78(E95) V78(E11) a=0.970796, can_bisect=1
F56 V78(E95) V17(E49) a=1.13112, can_bisect=1
F56 V78(E95) V66(E113) a=1.28496, can_bisect=1
F56 V78(E95) V58(E79) a=1.13112, can_bisect=1
F56 V17(E73) V66(E101) a=0, can_bisect=0
F56 V17(E73) V58(E61) a=0.285841, can_bisect=1
F56 V17(E73) V78(E89) a=0.225624, can_bisect=1
F56 V17(E73) V17(E31) a=0.6, can_bisect=1
F56 V17(E73) V66(E83) a=0.520062, can_bisect=1
F56 V17(E73) V58(E55) a=0.914159, can_bisect=1
F56 V17(E73) V78(E11) a=0.824165, can_bisect=1
F56 V17(E73) V17(E49) a=1.22832, can_bisect=1
F56 V17(E73) V66(E113) a=1.13112, can_bisect=1
F56 V17(E73) V58(E79) a=1.54248, can_bisect=1
F56 V66(E101) V58(E61) a=0, can_bisect=0
F56 V66(E101) V78(E89) a=0.0283185, can_bisect=1
F56 V66(E101) V17(E31) a=0.225624, can_bisect=1
F56 V66(E101) V66(E83) a=0.342478, can_bisect=1
F56 V66(E101) V58(E55) a=0.520062, can_bisect=1
F56 V66(E101) V78(E11) a=0.656637, can_bisect=1
F56 V66(E101) V17(E49) a=0.824165, can_bisect=1
F56 V66(E101) V66(E113) a=0.970796, can_bisect=1
F56 V66(E101) V58(E79) a=1.13112, can_bisect=1
F56 V58(E61) V78(E89) a=0, can_bisect=0
F56 V58(E61) V17(E31) a=0.285841, can_bisect=1
F56 V58(E61) V66(E83) a=0.225624, can_bisect=1
F56 V58(E61) V58(E55) a=0.6, can_bisect=1
F56 V58(E61) V78(E11) a=0.520062, can_bisect=1
F56 V58(E61) V17(E49) a=0.914159, can_bisect=1
F56 V58(E61) V66(E113) a=0.824165, can_bisect=1
F56 V58(E61) V58(E79) a=1.22832, can_bisect=1
F56 V78(E89) V17(E31) a=0, can_bisect=0
F56 V78(E89) V66(E83) a=0.0283185, can_bisect=1
F56 V78(E89) V58(E55) a=0.225624, can_bisect=1
F56 V78(E89) V78(E11) a=0.342478, can_bisect=1
F56 V78(E89) V17(E49) a=0.520062, can_bisect=1
F56 V78(E89) V66(E113) a=0.656637, can_bisect=1
F56 V78(E89) V58(E79) a=0.824165, can_bisect=1
F56 V17(E31) V66(E83) a=0, can_bisect=0
F56 V17(E31) V58(E55) a=0.285841, can_bisect=1
F56 V17(E31) V78(E11) a=0.225624, can_bisect=1
F56 V17(E31) V17(E49) a=0.6, can_bisect=1
F56 V17(E31) V66(E113) a=0.520062, can_bisect=1
F56 V17(E31) V58(E79) a=0.914159, can_bisect=1
F56 V66(E83) V58(E55) a=0, can_bisect=0
F56 V66(E83) V78(E11) a=0.0283185, can_bisect=1
F56 V66(E83) V17(E49) a=0.225624, can_bisect=1
F56 V66(E83) V66(E113) a=0.342478, can_bisect=1
F56 V66(E83) V58(E79) a=0.520062, can_bisect=1
F56 V58(E55) V78(E11) a=0, can_bisect=0
F56 V58(E55) V17(E49) a=0.285841, can_bisect=1
F56 V58(E55) V66(E113) a=0.225624, can_bisect=1
F56 V58(E55) V58(E79) a=0.6, can_bisect=1
F56 V78(E11) V17(E49) a=0, can_bisect=0
F56 V78(E11) V66(E113) a=0.0283185, can_bisect=1
F56 V78(E11) V58(E79) a=0.225624, can_bisect=1
F56 V17(E49) V66(E113) a=0, can_bisect=0
F56 V17(E49) V58(E79) a=0.285841, can_bisect=1
F56 V66(E113) V58(E79) a=0, can_bisect=0
F56 best_angle = 1.54248
F58 V17(E49) V66(E113) a=0, can_bisect=0
F58 V17(E49) V58(E79) a=0.285841, can_bisect=1
F58 V17(E49) V78(E107) a=0.225624, can_bisect=1
F58 V17(E49) V17(E67) a=0.6, can_bisect=1
F58 V17(E49) V66(E23) a=0.520062, can_bisect=1
F58 V17(E49) V58(E4) a=0.628319, can_bisect=1
F58 V17(E49) V78(E17) a=0.481687, can_bisect=1
F58 V17(E49) V17(E43) a=0.314159, can_bisect=1
F58 V17(E49) V66(E5) a=0.160328, can_bisect=1
F58 V17(E49) V58(E124) a=0, can_bisect=0
F58 V66(E113) V58(E79) a=0, can_bisect=0
F58 V66(E113) V78(E107) a=0.0283185, can_bisect=1
F58 V66(E113) V17(E67) a=0.225624, can_bisect=1
F58 V66(E113) V66(E23) a=0.342478, can_bisect=1
F58 V66(E113) V58(E4) a=0.520062, can_bisect=1
F58 V66(E113) V78(E17) a=0.656637, can_bisect=1
F58 V66(E113) V17(E43) a=0.824165, can_bisect=1
F58 V66(E113) V66(E5) a=0.970796, can_bisect=1
F58 V66(E113) V58(E124) a=0.160328, can_bisect=1
F58 V58(E79) V78(E107) a=0, can_bisect=0
F58 V58(E79) V17(E67) a=0.285841, can_bisect=1
F58 V58(E79) V66(E23) a=0.225624, can_bisect=1
F58 V58(E79) V58(E4) a=0.6, can_bisect=1
F58 V58(E79) V78(E17) a=0.520062, can_bisect=1
F58 V58(E79) V17(E43) a=0.914159, can_bisect=1
F58 V58(E79) V66(E5) a=0.824165, can_bisect=1
F58 V58(E79) V58(E124) a=0.314159, can_bisect=1
F58 V78(E107) V17(E67) a=0, can_bisect=0
F58 V78(E107) V66(E23) a=0.0283185, can_bisect=1
F58 V78(E107) V58(E4) a=0.225624, can_bisect=1
F58 V78(E107) V78(E17) a=0.342478, can_bisect=1
F58 V78(E107) V17(E43) a=0.520062, can_bisect=1
F58 V78(E107) V66(E5) a=0.656637, can_bisect=1
F58 V78(E107) V58(E124) a=0.481687, can_bisect=1
F58 V17(E67) V66(E23) a=0, can_bisect=0
F58 V17(E67) V58(E4) a=0.285841, can_bisect=1
F58 V17(E67) V78(E17) a=0.225624, can_bisect=1
F58 V17(E67) V17(E43) a=0.6, can_bisect=1
F58 V17(E67) V66(E5) a=0.520062, can_bisect=1
F58 V17(E67) V58(E124) a=0.628319, can_bisect=1
F58 V66(E23) V58(E4) a=0, can_bisect=0
F58 V66(E23) V78(E17) a=0.0283185, can_bisect=1
F58 V66(E23) V17(E43) a=0.225624, can_bisect=1
F58 V66(E23) V66(E5) a=0.342478, can_bisect=1
F58 V66(E23) V58(E124) a=0.520062, can_bisect=1
F58 V58(E4) V78(E17) a=0, can_bisect=0
F58 V58(E4) V17(E43) a=0.285841, can_bisect=1
F58 V58(E4) V66(E5) a=0.225624, can_bisect=1
F58 V58(E4) V58(E124) a=0.6, can_bisect=1
F58 V78(E17) V17(E43) a=0, can_bisect=0
F58 V78(E17) V66(E5) a=0.0283185, can_bisect=1
F58 V78(E17) V58(E124) a=0.225624, can_bisect=1
F58 V17(E43) V66(E5) a=0, can_bisect=0
F58 V17(E43) V58(E124) a=0.285841, can_bisect=1
F58 V66(E5) V58(E124) a=0, can_bisect=0
F58 best_angle = 0.970796
F60 V66(E5) V58(E124) a=0, can_bisect=0
F60 V66(E5) V17(E49) a=0.160328, can_bisect=1
F60 V66(E5) V66(E125) a=0, can_bisect=0
F60 V58(E124) V17(E49) a=0, can_bisect=0
F60 V58(E124) V66(E125) a=0.160328, can_bisect=1
F60 V17(E49) V66(E125) a=0, can_bisect=0
F60 best_angle = 0.160328
F59 V66(E113) V58(E79) a=0, can_bisect=0
F59 V66(E113) V78(E107) a=0.0283185, can_bisect=1
F59 V66(E113) V17(E67) a=0.225624, can_bisect=1
F59 V66(E113) V66(E23) a=0.342478, can_bisect=1
F59 V66(E113) V58(E4) a=0.450735, can_bisect=1
F59 V66(E113) V78(E17) a=0.314159, can_bisect=1
F59 V66(E113) V17(E43) a=0.146631, can_bisect=1
F59 V66(E113) V66(E125) a=0, can_bisect=0
F59 V58(E79) V78(E107) a=0, can_bisect=0
F59 V58(E79) V17(E67) a=0.285841, can_bisect=1
F59 V58(E79) V66(E23) a=0.225624, can_bisect=1
F59 V58(E79) V58(E4) a=0.6, can_bisect=1
F59 V58(E79) V78(E17) a=0.520062, can_bisect=1
F59 V58(E79) V17(E43) a=0.914159, can_bisect=1
F59 V58(E79) V66(E125) a=0.146631, can_bisect=1
F59 V78(E107) V17(E67) a=0, can_bisect=0
F59 V78(E107) V66(E23) a=0.0283185, can_bisect=1
F59 V78(E107) V58(E4) a=0.225624, can_bisect=1
F59 V78(E107) V78(E17) a=0.342478, can_bisect=1
F59 V78(E107) V17(E43) a=0.520062, can_bisect=1
F59 V78(E107) V66(E125) a=0.314159, can_bisect=1
F59 V17(E67) V66(E23) a=0, can_bisect=0
F59 V17(E67) V58(E4) a=0.285841, can_bisect=1
F59 V17(E67) V78(E17) a=0.225624, can_bisect=1
F59 V17(E67) V17(E43) a=0.6, can_bisect=1
F59 V17(E67) V66(E125) a=0.450735, can_bisect=1
F59 V66(E23) V58(E4) a=0, can_bisect=0
F59 V66(E23) V78(E17) a=0.0283185, can_bisect=1
F59 V66(E23) V17(E43) a=0.225624, can_bisect=1
F59 V66(E23) V66(E125) a=0.342478, can_bisect=1
F59 V58(E4) V78(E17) a=0, can_bisect=0
F59 V58(E4) V17(E43) a=0.285841, can_bisect=1
F59 V58(E4) V66(E125) a=0.225624, can_bisect=1
F59 V78(E17) V17(E43) a=0, can_bisect=0
F59 V78(E17) V66(E125) a=0.0283185, can_bisect=1
F59 V17(E43) V66(E125) a=0, can_bisect=0
F59 best_angle = 0.914159
F64 V17(E43) V66(E125) a=0, can_bisect=0
F64 V17(E43) V66(E113) a=0.146631, can_bisect=1
F64 V17(E43) V58(E127) a=0, can_bisect=0
F64 V66(E125) V66(E113) a=0, can_bisect=0
F64 V66(E125) V58(E127) a=0.146631, can_bisect=1
F64 V66(E113) V58(E127) a=0, can_bisect=0
F64 best_angle = 0.146631
F63 V58(E79) V78(E107) a=0, can_bisect=0
F63 V58(E79) V17(E67) a=0.285841, can_bisect=1
F63 V58(E79) V66(E23) a=0.225624, can_bisect=1
F63 V58(E79) V58(E4) a=0.314159, can_bisect=1
F63 V58(E79) V78(E17) a=0.177584, can_bisect=1
F63 V58(E79) V17(E127) a=0, can_bisect=0
F63 V78(E107) V17(E67) a=0, can_bisect=0
F63 V78(E107) V66(E23) a=0.0283185, can_bisect=1
F63 V78(E107) V58(E4) a=0.225624, can_bisect=1
F63 V78(E107) V78(E17) a=0.342478, can_bisect=1
F63 V78(E107) V17(E127) a=0.177584, can_bisect=1
F63 V17(E67) V66(E23) a=0, can_bisect=0
F63 V17(E67) V58(E4) a=0.285841, can_bisect=1
F63 V17(E67) V78(E17) a=0.225624, can_bisect=1
F63 V17(E67) V17(E127) a=0.314159, can_bisect=1
F63 V66(E23) V58(E4) a=0, can_bisect=0
F63 V66(E23) V78(E17) a=0.0283185, can_bisect=1
F63 V66(E23) V17(E127) a=0.225624, can_bisect=1
F63 V58(E4) V78(E17) a=0, can_bisect=0
F63 V58(E4) V17(E127) a=0.285841, can_bisect=1
F63 V78(E17) V17(E127) a=0, can_bisect=0
F63 best_angle = 0.342478
F68 V78(E17) V17(E127) a=0, can_bisect=0
F68 V78(E17) V58(E79) a=0.177584, can_bisect=1
F68 V78(E17) V78(E129) a=0, can_bisect=0
F68 V17(E127) V58(E79) a=0, can_bisect=0
F68 V17(E127) V78(E129) a=0.177584, can_bisect=1
F68 V58(E79) V78(E129) a=0, can_bisect=0
F68 best_angle = 0.177584
F67 V78(E107) V17(E67) a=0, can_bisect=0
F67 V78(E107) V66(E23) a=0.0283185, can_bisect=1
F67 V78(E107) V58(E4) a=0.116854, can_bisect=1
F67 V78(E107) V78(E129) a=0, can_bisect=0
F67 V17(E67) V66(E23) a=0, can_bisect=0
F67 V17(E67) V58(E4) a=0.285841, can_bisect=1
F67 V17(E67) V78(E129) a=0.116854, can_bisect=1
F67 V66(E23) V58(E4) a=0, can_bisect=0
F67 V66(E23) V78(E129) a=0.0283185, can_bisect=1
F67 V58(E4) V78(E129) a=0, can_bisect=0
F67 best_angle = 0.285841
F72 V58(E4) V78(E129) a=0, can_bisect=0
F72 V58(E4) V78(E107) a=0.116854, can_bisect=1
F72 V58(E4) V17(E131) a=0, can_bisect=0
F72 V78(E129) V78(E107) a=0, can_bisect=0
F72 V78(E129) V17(E131) a=0.116854, can_bisect=1
F72 V78(E107) V17(E131) a=0, can_bisect=0
F72 best_angle = 0.116854
F57 V58(E37) V78(E95) a=0, can_bisect=0
F57 V58(E37) V17(E73) a=0.285841, can_bisect=1
F57 V58(E37) V66(E101) a=0.225624, can_bisect=1
F57 V58(E37) V58(E61) a=0.6, can_bisect=1
F57 V58(E37) V78(E89) a=0.520062, can_bisect=1
F57 V58(E37) V17(E31) a=0.628319, can_bisect=1
F57 V58(E37) V66(E83) a=0.481687, can_bisect=1
F57 V58(E37) V58(E55) a=0.314159, can_bisect=1
F57 V58(E37) V78(E11) a=0.160328, can_bisect=1
F57 V58(E37) V17(E124) a=0, can_bisect=0
F57 V78(E95) V17(E73) a=0, can_bisect=0
F57 V78(E95) V66(E101) a=0.0283185, can_bisect=1
F57 V78(E95) V58(E61) a=0.225624, can_bisect=1
F57 V78(E95) V78(E89) a=0.342478, can_bisect=1
F57 V78(E95) V17(E31) a=0.520062, can_bisect=1
F57 V78(E95) V66(E83) a=0.656637, can_bisect=1
F57 V78(E95) V58(E55) a=0.824165, can_bisect=1
F57 V78(E95) V78(E11) a=0.970796, can_bisect=1
F57 V78(E95) V17(E124) a=0.160328, can_bisect=1
F57 V17(E73) V66(E101) a=0, can_bisect=0
F57 V17(E73) V58(E61) a=0.285841, can_bisect=1
F57 V17(E73) V78(E89) a=0.225624, can_bisect=1
F57 V17(E73) V17(E31) a=0.6, can_bisect=1
F57 V17(E73) V66(E83) a=0.520062, can_bisect=1
F57 V17(E73) V58(E55) a=0.914159, can_bisect=1
F57 V17(E73) V78(E11) a=0.824165, can_bisect=1
F57 V17(E73) V17(E124) a=0.314159, can_bisect=1
F57 V66(E101) V58(E61) a=0, can_bisect=0
F57 V66(E101) V78(E89) a=0.0283185, can_bisect=1
F57 V66(E101) V17(E31) a=0.225624, can_bisect=1
F57 V66(E101) V66(E83) a=0.342478, can_bisect=1
F57 V66(E101) V58(E55) a=0.520062, can_bisect=1
F57 V66(E101) V78(E11) a=0.656637, can_bisect=1
F57 V66(E101) V17(E124) a=0.481687, can_bisect=1
F57 V58(E61) V78(E89) a=0, can_bisect=0
F57 V58(E61) V17(E31) a=0.285841, can_bisect=1
F57 V58(E61) V66(E83) a=0.225624, can_bisect=1
F57 V58(E61) V58(E55) a=0.6, can_bisect=1
F57 V58(E61) V78(E11) a=0.520062, can_bisect=1
F57 V58(E61) V17(E124) a=0.628319, can_bisect=1
F57 V78(E89) V17(E31) a=0, can_bisect=0
F57 V78(E89) V66(E83) a=0.0283185, can_bisect=1
F57 V78(E89) V58(E55) a=0.225624, can_bisect=1
F57 V78(E89) V78(E11) a=0.342478, can_bisect=1
F57 V78(E89) V17(E124) a=0.520062, can_bisect=1
F57 V17(E31) V66(E83) a=0, can_bisect=0
F57 V17(E31) V58(E55) a=0.285841, can_bisect=1
F57 V17(E31) V78(E11) a=0.225624, can_bisect=1
F57 V17(E31) V17(E124) a=0.6, can_bisect=1
F57 V66(E83) V58(E55) a=0, can_bisect=0
F57 V66(E83) V78(E11) a=0.0283185, can_bisect=1
F57 V66(E83) V17(E124) a=0.225624, can_bisect=1
F57 V58(E55) V78(E11) a=0, can_bisect=0
F57 V58(E55) V17(E124) a=0.285841, can_bisect=1
F57 V78(E11) V17(E124) a=0, can_bisect=0
F57 best_angle = 0.970796
F76 V78(E11) V17(E124) a=0, can_bisect=0
F76 V78(E11) V58(E37) a=0.160328, can_bisect=1
F76 V78(E11) V78(E133) a=0, can_bisect=0
F76 V17(E124) V58(E37) a=0, can_bisect=0
F76 V17(E124) V78(E133) a=0.160328, can_bisect=1
F76 V58(E37) V78(E133) a=0, can_bisect=0
F76 best_angle = 0.160328
F75 V78(E95) V17(E73) a=0, can_bisect=0
F75 V78(E95) V66(E101) a=0.0283185, can_bisect=1
F75 V78(E95) V58(E61) a=0.225624, can_bisect=1
F75 V78(E95) V78(E89) a=0.342478, can_bisect=1
F75 V78(E95) V17(E31) a=0.450735, can_bisect=1
F75 V78(E95) V66(E83) a=0.314159, can_bisect=1
F75 V78(E95) V58(E55) a=0.146631, can_bisect=1
F75 V78(E95) V78(E133) a=0, can_bisect=0
F75 V17(E73) V66(E101) a=0, can_bisect=0
F75 V17(E73) V58(E61) a=0.285841, can_bisect=1
F75 V17(E73) V78(E89) a=0.225624, can_bisect=1
F75 V17(E73) V17(E31) a=0.6, can_bisect=1
F75 V17(E73) V66(E83) a=0.520062, can_bisect=1
F75 V17(E73) V58(E55) a=0.914159, can_bisect=1
F75 V17(E73) V78(E133) a=0.146631, can_bisect=1
F75 V66(E101) V58(E61) a=0, can_bisect=0
F75 V66(E101) V78(E89) a=0.0283185, can_bisect=1
F75 V66(E101) V17(E31) a=0.225624, can_bisect=1
F75 V66(E101) V66(E83) a=0.342478, can_bisect=1
F75 V66(E101) V58(E55) a=0.520062, can_bisect=1
F75 V66(E101) V78(E133) a=0.314159, can_bisect=1
F75 V58(E61) V78(E89) a=0, can_bisect=0
F75 V58(E61) V17(E31) a=0.285841, can_bisect=1
F75 V58(E61) V66(E83) a=0.225624, can_bisect=1
F75 V58(E61) V58(E55) a=0.6, can_bisect=1
F75 V58(E61) V78(E133) a=0.450735, can_bisect=1
F75 V78(E89) V17(E31) a=0, can_bisect=0
F75 V78(E89) V66(E83) a=0.0283185, can_bisect=1
F75 V78(E89) V58(E55) a=0.225624, can_bisect=1
F75 V78(E89) V78(E133) a=0.342478, can_bisect=1
F75 V17(E31) V66(E83) a=0, can_bisect=0
F75 V17(E31) V58(E55) a=0.285841, can_bisect=1
F75 V17(E31) V78(E133) a=0.225624, can_bisect=1
F75 V66(E83) V58(E55) a=0, can_bisect=0
F75 V66(E83) V78(E133) a=0.0283185, can_bisect=1
F75 V58(E55) V78(E133) a=0, can_bisect=0
F75 best_angle = 0.914159
F80 V58(E55) V78(E133) a=0, can_bisect=0
F80 V58(E55) V78(E95) a=0.146631, can_bisect=1
F80 V58(E55) V17(E135) a=0, can_bisect=0
F80 V78(E133) V78(E95) a=0, can_bisect=0
F80 V78(E133) V17(E135) a=0.146631, can_bisect=1
F80 V78(E95) V17(E135) a=0, can_bisect=0
F80 best_angle = 0.146631
F79 V17(E73) V66(E101) a=0, can_bisect=0
F79 V17(E73) V58(E61) a=0.285841, can_bisect=1
F79 V17(E73) V78(E89) a=0.225624, can_bisect=1
F79 V17(E73) V17(E31) a=0.314159, can_bisect=1
F79 V17(E73) V66(E83) a=0.177584, can_bisect=1
F79 V17(E73) V58(E135) a=0, can_bisect=0
F79 V66(E101) V58(E61) a=0, can_bisect=0
F79 V66(E101) V78(E89) a=0.0283185, can_bisect=1
F79 V66(E101) V17(E31) a=0.225624, can_bisect=1
F79 V66(E101) V66(E83) a=0.342478, can_bisect=1
F79 V66(E101) V58(E135) a=0.177584, can_bisect=1
F79 V58(E61) V78(E89) a=0, can_bisect=0
F79 V58(E61) V17(E31) a=0.285841, can_bisect=1
F79 V58(E61) V66(E83) a=0.225624, can_bisect=1
F79 V58(E61) V58(E135) a=0.314159, can_bisect=1
F79 V78(E89) V17(E31) a=0, can_bisect=0
F79 V78(E89) V66(E83) a=0.0283185, can_bisect=1
F79 V78(E89) V58(E135) a=0.225624, can_bisect=1
F79 V17(E31) V66(E83) a=0, can_bisect=0
F79 V17(E31) V58(E135) a=0.285841, can_bisect=1
F79 V66(E83) V58(E135) a=0, can_bisect=0
F79 best_angle = 0.342478
F84 V66(E83) V58(E135) a=0, can_bisect=0
F84 V66(E83) V17(E73) a=0.177584, can_bisect=1
F84 V66(E83) V66(E137) a=0, can_bisect=0
F84 V58(E135) V17(E73) a=0, can_bisect=0
F84 V58(E135) V66(E137) a=0.177584, can_bisect=1
F84 V17(E73) V66(E137) a=0, can_bisect=0
F84 best_angle = 0.177584
F83 V66(E101) V58(E61) a=0, can_bisect=0
F83 V66(E101) V78(E89) a=0.0283185, can_bisect=1
F83 V66(E101) V17(E31) a=0.116854, can_bisect=1
F83 V66(E101) V66(E137) a=0, can_bisect=0
F83 V58(E61) V78(E89) a=0, can_bisect=0
F83 V58(E61) V17(E31) a=0.285841, can_bisect=1
F83 V58(E61) V66(E137) a=0.116854, can_bisect=1
F83 V78(E89) V17(E31) a=0, can_bisect=0
F83 V78(E89) V66(E137) a=0.0283185, can_bisect=1
F83 V17(E31) V66(E137) a=0, can_bisect=0
F83 best_angle = 0.285841
F88 V17(E31) V66(E137) a=0, can_bisect=0
F88 V17(E31) V66(E101) a=0.116854, can_bisect=1
F88 V17(E31) V58(E139) a=0, can_bisect=0
F88 V66(E137) V66(E101) a=0, can_bisect=0
F88 V66(E137) V58(E139) a=0.116854, can_bisect=1
F88 V66(E101) V58(E139) a=0, can_bisect=0
F88 best_angle = 0.116854
Extra: Flipping E125
Extra: Flipping E126
Extra: Flipping E128
Extra: Flipping E129
Extra: Flipping E130
Extra: Flipping E132
Extra: Flipping E133
Extra: Flipping E134
Extra: Flipping E136
Extra: Flipping E137
Extra: Flipping E138
Extra: Flipping E140
Longest Edge: 10.9973
Looking for shortest saddle...1.77103
Clearing denominators: multiplying by 5
#Field Degree=8 minimal polynomial=(1 0 -1 0 1 0 -1 0 1)
#Field generator embedding: (0.951056516295153530.3090169943749474
#Params:1
#t1=5.4986375526780602
# Vertices: V17 V58 V66 V78
# UEdges: 
E4 ( V58 V78 F102 F43 ) (4.999999999999999111821580,7.308479735390500664493629)
E5 ( V58 V66 F42 F96 ) (5.000000000000000000000000,-7.308479735390500664493629)
E11 ( V17 V78 F43 F108 ) (-5.000000000000000000000000,7.308479735390500664493629)
E17 ( V78 V17 F102 F46 ) (0.250731633266202957877056,8.851610570438197100884281)
E23 ( V66 V58 F71 F49 ) (5.405692304679479143203480,7.013727022756347295739943)
E31 ( V66 V17 F42 F114 ) (4.999999999999999111821580,7.308479735390500664493629)
E37 ( V58 V78 F104 F52 ) (-5.405692304679474702311381,7.013727022756349072096782)
E43 ( V17 V66 F96 F55 ) (-0.250731633266199072096470,8.851610570438200653597960)
E49 ( V17 V66 F92 F51 ) (5.405692304679474702311381,-7.013727022756349072096782)
E55 ( V58 V78 F108 F54 ) (0.250731633266199072096470,-8.851610570438200653597960)
E61 ( V78 V58 F46 F87 ) (8.340901577015674916992793,2.973758047513467950295762)
E67 ( V66 V17 F45 F71 ) (-8.340901577015674916992793,-2.973758047513467950295762)
E73 ( V66 V17 F49 F110 ) (8.495862248428950991296915,-2.496838140195183797231948)
E79 ( V78 V58 F48 F98 ) (-8.495862248428950991296915,2.496838140195183797231948)
E83 ( V66 V58 F114 F45 ) (-0.250731633266202957877056,-8.851610570438197100884281)
E89 ( V78 V17 F87 F48 ) (-5.405692304679479143203480,-7.013727022756347295739943)
E95 ( V78 V17 F104 F54 ) (-8.340901577015673140635954,2.973758047513468838474182)
E101 ( V58 V66 F51 F110 ) (8.495862248428949214940076,2.496838140195183797231948)
E107 ( V17 V78 F52 F98 ) (-8.495862248428949214940076,-2.496838140195183797231948)
E113 ( V58 V66 F55 F92 ) (-8.340901577015673140635954,2.973758047513468838474182)
E119 ( V58 V17 F43 F42 ) (9.999999999999998223643161,0.000000000000000000000000)
E120 ( V58 V17 F46 F45 ) (-8.090169943749472736271855,5.877852522924729150588519)
E121 ( V17 V58 F49 F48 ) (-3.090169943749470959915016,9.510565162951532869328730)
E122 ( V58 V17 F52 F51 ) (3.090169943749474512628694,9.510565162951532869328730)
E123 ( V17 V58 F55 F54 ) (8.090169943749472736271855,5.877852522924731815123778)
E124 ( V58 V17 F93 F105 ) (-44.484912260248208326629538,-32.320180611657399083469500)
E127 ( V58 V17 F95 F99 ) (35.989050011819252006262104,26.147575376098512123235196)
E131 ( V17 V58 F101 F71 ) (13.746593881695154948374693,9.987485070269814357857285)
E135 ( V17 V58 F107 F111 ) (-35.989050011819252006262104,-26.147575376098512123235196)
E139 ( V58 V17 F113 F87 ) (-13.746593881695154948374693,-9.987485070269814357857285)
E141 ( V17 V58 F93 F92 ) (13.746593881695147842947335,-9.987485070269816134214125)
E142 ( V58 V58 F93 F95 ) (30.738318378553056930968523,42.307665681927211664969946)
E143 ( V17 V58 F95 F96 ) (-5.250731633266198628007260,16.160090305828699541734750)
E144 ( V58 V17 F99 F98 ) (16.991724496857901982593830,0.000000000000003052357008)
E145 ( V17 V17 F99 F101 ) (18.997325514961357129095632,26.147575376098512123235196)
E146 ( V58 V17 F101 F102 ) (5.250731633266202180720938,16.160090305828699541734750)
E147 ( V58 V17 F105 F104 ) (-13.746593881695147842947335,9.987485070269816134214125)
E148 ( V17 V17 F105 F107 ) (-30.738318378553056930968523,-42.307665681927211664969946)
E149 ( V58 V17 F107 F108 ) (5.250731633266198628007260,-16.160090305828699541734750)
E150 ( V17 V58 F111 F110 ) (-16.991724496857901982593830,-0.000000000000003052357008)
E151 ( V58 V58 F111 F113 ) (-18.997325514961357129095632,-26.147575376098512123235196)
E152 ( V17 V58 F113 F114 ) (-5.250731633266202180720938,-16.160090305828699541734750)
# Faces: 
F42 +E5 +E31 -E119
F43 +E11 -E4 +E119
F45 -E83 +E67 -E120
F46 -E17 +E61 +E120
F48 -E89 +E79 -E121
F49 -E23 +E73 +E121
F51 +E101 -E49 -E122
F52 +E107 -E37 +E122
F54 -E95 -E55 -E123
F55 +E113 -E43 +E123
F71 -E67 +E23 -E131
F87 -E61 +E89 -E139
F92 -E141 +E49 -E113
F93 +E142 +E124 +E141
F95 +E143 -E142 +E127
F96 -E143 +E43 -E5
F98 -E144 -E79 -E107
F99 +E145 -E127 +E144
F101 +E146 -E145 +E131
F102 -E146 +E4 +E17
F104 -E147 +E37 +E95
F105 +E148 -E124 +E147
F107 +E149 -E148 +E135
F108 -E149 +E55 -E11
F110 -E150 -E73 -E101
F111 +E151 -E135 +E150
F113 +E152 -E151 +E139
F114 -E152 -E31 +E83
#UEdges Algebraic 
#E4: (8 0 -6 0 4 0 -2 0)+(-3 0 6 0 -4 0 2 0)t1
#E5: (2 0 6 0 -4 0 2 0)+(3 0 -6 0 4 0 -2 0)t1
#E11: (-2 0 -6 0 4 0 -2 0)+(-3 0 6 0 -4 0 2 0)t1
#E17: (-8 0 6 0 -4 0 2 0)+(3 0 -1 0 -1 0 3 0)t1
#E23: (-2 0 4 0 -6 0 8 0)+(2 0 -4 0 6 0 -3 0)t1
#E31: (8 0 -6 0 4 0 -2 0)+(-3 0 6 0 -4 0 2 0)t1
#E37: (-2 0 4 0 4 0 -2 0)+(2 0 -4 0 1 0 2 0)t1
#E43: (2 0 6 0 -4 0 2 0)+(-2 0 -1 0 4 0 -2 0)t1
#E49: (2 0 -4 0 -4 0 2 0)+(-2 0 4 0 -1 0 -2 0)t1
#E55: (-2 0 -6 0 4 0 -2 0)+(2 0 1 0 -4 0 2 0)t1
#E61: (2 0 -4 0 6 0 -8 0)+(3 0 -1 0 -1 0 3 0)t1
#E67: (-2 0 4 0 -6 0 8 0)+(-3 0 1 0 1 0 -3 0)t1
#E73: (-2 0 4 0 -6 0 -2 0)+(2 0 -4 0 6 0 -3 0)t1
#E79: (2 0 -4 0 6 0 2 0)+(-2 0 4 0 -6 0 3 0)t1
#E83: (8 0 -6 0 4 0 -2 0)+(-3 0 1 0 1 0 -3 0)t1
#E89: (2 0 -4 0 6 0 -8 0)+(-2 0 4 0 -6 0 3 0)t1
#E95: (2 0 -4 0 -4 0 2 0)+(-2 0 -1 0 4 0 -2 0)t1
#E101: (2 0 -4 0 6 0 2 0)+(-2 0 4 0 -1 0 -2 0)t1
#E107: (-2 0 4 0 -6 0 -2 0)+(2 0 -4 0 1 0 2 0)t1
#E113: (2 0 -4 0 -4 0 2 0)+(-2 0 -1 0 4 0 -2 0)t1
#E119: (10 0 0 0 0 0 0 0)+(0 0 0 0 0 0 0 0)t1
#E120: (-10 0 10 0 -10 0 10 0)+(0 0 0 0 0 0 0 0)t1
#E121: (0 0 0 0 0 0 10 0)+(0 0 0 0 0 0 0 0)t1
#E122: (0 0 0 0 10 0 0 0)+(0 0 0 0 0 0 0 0)t1
#E123: (0 0 10 0 0 0 0 0)+(0 0 0 0 0 0 0 0)t1
#E124: (0 0 0 0 0 0 0 0)+(0 0 -10 0 0 0 0 0)t1
#E127: (0 0 0 0 0 0 0 0)+(5 0 0 0 5 0 0 0)t1
#E131: (0 0 0 0 0 0 0 0)+(5 0 -5 0 5 0 0 0)t1
#E135: (0 0 0 0 0 0 0 0)+(-5 0 0 0 -5 0 0 0)t1
#E139: (0 0 0 0 0 0 0 0)+(-5 0 5 0 -5 0 0 0)t1
#E141: (0 0 0 0 0 0 0 0)+(0 0 5 0 -5 0 0 0)t1
#E142: (0 0 0 0 0 0 0 0)+(0 0 5 0 5 0 0 0)t1
#E143: (0 0 0 0 0 0 0 0)+(-5 0 5 0 0 0 0 0)t1
#E144: (0 0 0 0 0 0 0 0)+(0 0 0 0 5 0 -5 0)t1
#E145: (0 0 0 0 0 0 0 0)+(5 0 0 0 0 0 5 0)t1
#E146: (0 0 0 0 0 0 0 0)+(0 0 5 0 -5 0 5 0)t1
#E147: (0 0 0 0 0 0 0 0)+(0 0 -5 0 5 0 0 0)t1
#E148: (0 0 0 0 0 0 0 0)+(0 0 -5 0 -5 0 0 0)t1
#E149: (0 0 0 0 0 0 0 0)+(5 0 -5 0 0 0 0 0)t1
#E150: (0 0 0 0 0 0 0 0)+(0 0 0 0 -5 0 5 0)t1
#E151: (0 0 0 0 0 0 0 0)+(-5 0 0 0 0 0 -5 0)t1
#E152: (0 0 0 0 0 0 0 0)+(0 0 -5 0 5 0 -5 0)t1
# File =  perturb = 0 rescale = 1
# vertices: 4
## V17(32) (8 PI) V58(32) (8 PI) V66(10) (6 PI) V78(10) (6 PI) 
# edges: 42
## E4(2) E5(2) E11(2) E17(2) E23(2) E31(2) E37(2) E43(2) E49(2) E55(2) E61(2) E67(2) E73(2) E79(2) E83(2) E89(2) E95(2) E101(2) E107(2) E113(2) E119(2) E120(2) E121(2) E122(2) E123(2) E124(2) E127(2) E131(2) E135(2) E139(2) E141(2) E142(2) E143(2) E144(2) E145(2) E146(2) E147(2) E148(2) E149(2) E150(2) E151(2) E152(2) 
# faces: 28
# genus: 6
# area: 2799.01
sweeping start V17 depth = 105.811
File =  depth = 105.811 follow_depth = 529.057 perturb = 0
Final Report:

 part done:100% weird 0 bad_angle 72 unusual 0 close 45992 reject 0
V17: AhBgCfDe V58: aEdFcGbH V66: IkJjKi V78: LmMlNn   cylinders |1|1|1.12832|1.12832|1.61803|1.61803|1.74636|2.31538|
Moduli: |3.97657|3.97657|1.20403|1.20403|1|1|1.4073|1.38127| Min Area: 1 Max Area: 1
    total: 0.670861 0.407835 sym = 8
    raw = 41 short saddle = 10 short cyl = 54.4849 tag #0
V17: AdBcCbDa V58: EgFfGeHh V66: InJmKl V78: iLkMjN   cylinders |1|1|1.98176|1.98176|3.20656|3.20656|3.59979|3.82459|
Moduli: |39.5196|39.5196|1|1|13.3246|13.3246|17.7632|6.38616| Min Area: 1 Max Area: 1
    total: 0.654498 0.397887 sym = 8
    raw = 40 short saddle = 14.617 short cyl = 32.3202 tag #4
V17: AaXXXXXX V58: BXXXXXXb   cylinders |1|
Moduli: |1| Min Area: 0.11547 Max Area: 0.11547
    total: 1.309 0.795775 sym = 2
    raw = 20 short saddle = 63.3498 short cyl = 63.3498 tag #7

total cylinders: 13.2209 8.03732 raw = 101 rejected = 0
