polygon 2 7 3 6 --depth=10 --follow_depth=50 --show_cyls --show_moduli --cyls_only --quiet 
max loc = 1
alpha =  7 beta = 3 gamma = 6 delta =2
a =  2.44346 b = 1.0472 c= 2.0944 d=0.698132
a1_min = 4.44089e-16 a1_max = 2.0944
a1 = 1.42773
angle a check: 0
angle b check: 0
angle c check: 3.14159
angle d check: -1.11022e-16
p = 1 q = 1.4005 p-q = 1.60063
p = (1,0) q = (0.199683,1.38619) r = (-1.652,1.38619)
Imaginary of t_cx = -6.66134e-16
p_algt = (1 0 0 0 0 0)+(0 0 0 0 0 0)t1
r_algt = (0 0 0 0 0 0)+(0 -1 0 0 1 0)t1
Checking p_alt (0,0)
Checking q_alt (8.04912e-16,-2.22045e-16)
Checking r_alt (-4.44089e-16,2.22045e-16)
Checking p_algt (0,0)
Checking q_algt (8.04912e-16,-2.22045e-16)
Checking r_algt (-4.44089e-16,2.22045e-16)
Number field: min poly (1 0 0 -1 0 0 1)
#Field Degree=6 minimal polynomial=(1 0 0 -1 0 0 1)
#Field generator embedding: (0.939692620785908430.34202014332566871
#Params:1
#t1=2.1565272705018663
# Vertices: V0 V1 V2 V3
# UEdges: 
E0 ( V0 V1 F0 NULL ) (1.000000000000000000000000,0.000000000000000000000000)
E1 ( V1 V2 F0 NULL ) (-0.800316597741956070599656,1.386189009429731999745172)
E2 ( V2 V3 F0 NULL ) (-1.851679134260535875000642,0.000000000000000000000000)
E3 ( V3 V0 F0 NULL ) (1.651995732002491834577995,-1.386189009429731999745172)
# Faces: 
F0 +E0 +E1 +E2 +E3
#UEdges Algebraic 
#E0: (1 0 0 0 0 0)+(0 0 0 0 0 0)t1
#E1: (0 0 0 0 0 0)+(0 -2/3 1/3 0 1/3 1/3)t1
#E2: (-1 0 0 0 0 0)+(0 -1/3 -1/3 0 2/3 -1/3)t1
#E3: (0 0 0 0 0 0)+(0 1 0 0 -1 0)t1
F0 V0(E0) V1(E1) a=0, can_bisect=0
F0 V0(E0) V2(E2) a=0.666667, can_bisect=1
F0 V0(E0) V3(E3) a=0, can_bisect=0
F0 V1(E1) V2(E2) a=0, can_bisect=0
F0 V1(E1) V3(E3) a=0.216492, can_bisect=1
F0 V2(E2) V3(E3) a=0, can_bisect=0
F0 best_angle = 0.666667
In RetriangulateSurface
Removing V1
F37 V52(E5) V36(E25) a=0, can_bisect=0
F37 V52(E5) V52(E59) a=0.90413, can_bisect=1
F37 V52(E5) V36(E37) a=0.666667, can_bisect=1
F37 V52(E5) V52(E11) a=0.90413, can_bisect=1
F37 V52(E5) V36(E4) a=0, can_bisect=0
F37 V36(E25) V52(E59) a=0, can_bisect=0
F37 V36(E25) V36(E37) a=0.143068, can_bisect=1
F37 V36(E25) V52(E11) a=0.666667, can_bisect=1
F37 V36(E25) V36(E4) a=0.143068, can_bisect=1
F37 V52(E59) V36(E37) a=0, can_bisect=0
F37 V52(E59) V52(E11) a=0.90413, can_bisect=1
F37 V52(E59) V36(E4) a=0.666667, can_bisect=1
F37 V36(E37) V52(E11) a=0, can_bisect=0
F37 V36(E37) V36(E4) a=0.143068, can_bisect=1
F37 V52(E11) V36(E4) a=0, can_bisect=0
F37 best_angle = 0.90413
F39 V52(E11) V36(E4) a=0, can_bisect=0
F39 V52(E11) V52(E5) a=0.90413, can_bisect=1
F39 V52(E11) V36(E25) a=0.523599, can_bisect=1
F39 V52(E11) V52(E107) a=0, can_bisect=0
F39 V36(E4) V52(E5) a=0, can_bisect=0
F39 V36(E4) V36(E25) a=0.143068, can_bisect=1
F39 V36(E4) V52(E107) a=0.523599, can_bisect=1
F39 V52(E5) V36(E25) a=0, can_bisect=0
F39 V52(E5) V52(E107) a=0.90413, can_bisect=1
F39 V36(E25) V52(E107) a=0, can_bisect=0
F39 best_angle = 0.90413
F41 V52(E107) V52(E11) a=0, can_bisect=0
F41 V52(E107) V36(E4) a=0.523599, can_bisect=1
F41 V52(E107) V52(E108) a=0, can_bisect=0
F41 V52(E11) V36(E4) a=0, can_bisect=0
F41 V52(E11) V52(E108) a=0.90413, can_bisect=1
F41 V36(E4) V52(E108) a=0, can_bisect=0
F41 best_angle = 0.90413
Removing V21
F44 V16(E55) V52(E65) a=0, can_bisect=0
F44 V16(E55) V16(E103) a=0.143068, can_bisect=1
F44 V16(E55) V52(E83) a=0.666667, can_bisect=1
F44 V16(E55) V16(E49) a=0.143068, can_bisect=1
F44 V16(E55) V52(E17) a=0, can_bisect=0
F44 V52(E65) V16(E103) a=0, can_bisect=0
F44 V52(E65) V52(E83) a=0.90413, can_bisect=1
F44 V52(E65) V16(E49) a=0.666667, can_bisect=1
F44 V52(E65) V52(E17) a=0.90413, can_bisect=1
F44 V16(E103) V52(E83) a=0, can_bisect=0
F44 V16(E103) V16(E49) a=0.143068, can_bisect=1
F44 V16(E103) V52(E17) a=0.666667, can_bisect=1
F44 V52(E83) V16(E49) a=0, can_bisect=0
F44 V52(E83) V52(E17) a=0.90413, can_bisect=1
F44 V16(E49) V52(E17) a=0, can_bisect=0
F44 best_angle = 0.90413
F46 V52(E83) V16(E49) a=0, can_bisect=0
F46 V52(E83) V52(E17) a=0.90413, can_bisect=1
F46 V52(E83) V16(E55) a=0.523599, can_bisect=1
F46 V52(E83) V52(E110) a=0, can_bisect=0
F46 V16(E49) V52(E17) a=0, can_bisect=0
F46 V16(E49) V16(E55) a=0.143068, can_bisect=1
F46 V16(E49) V52(E110) a=0.523599, can_bisect=1
F46 V52(E17) V16(E55) a=0, can_bisect=0
F46 V52(E17) V52(E110) a=0.90413, can_bisect=1
F46 V16(E55) V52(E110) a=0, can_bisect=0
F46 best_angle = 0.90413
F48 V52(E110) V52(E83) a=0, can_bisect=0
F48 V52(E110) V16(E49) a=0.523599, can_bisect=1
F48 V52(E110) V52(E111) a=0, can_bisect=0
F48 V52(E83) V16(E49) a=0, can_bisect=0
F48 V52(E83) V52(E111) a=0.90413, can_bisect=1
F48 V16(E49) V52(E111) a=0, can_bisect=0
F48 best_angle = 0.90413
Removing V44
F51 V52(E77) V40(E31) a=0, can_bisect=0
F51 V52(E77) V52(E71) a=0.90413, can_bisect=1
F51 V52(E77) V40(E97) a=0.666667, can_bisect=1
F51 V52(E77) V52(E89) a=0.90413, can_bisect=1
F51 V52(E77) V40(E43) a=0, can_bisect=0
F51 V40(E31) V52(E71) a=0, can_bisect=0
F51 V40(E31) V40(E97) a=0.143068, can_bisect=1
F51 V40(E31) V52(E89) a=0.666667, can_bisect=1
F51 V40(E31) V40(E43) a=0.143068, can_bisect=1
F51 V52(E71) V40(E97) a=0, can_bisect=0
F51 V52(E71) V52(E89) a=0.90413, can_bisect=1
F51 V52(E71) V40(E43) a=0.666667, can_bisect=1
F51 V40(E97) V52(E89) a=0, can_bisect=0
F51 V40(E97) V40(E43) a=0.143068, can_bisect=1
F51 V52(E89) V40(E43) a=0, can_bisect=0
F51 best_angle = 0.90413
F52 V52(E77) V40(E31) a=0, can_bisect=0
F52 V52(E77) V52(E71) a=0.90413, can_bisect=1
F52 V52(E77) V40(E97) a=0.523599, can_bisect=1
F52 V52(E77) V52(E113) a=0, can_bisect=0
F52 V40(E31) V52(E71) a=0, can_bisect=0
F52 V40(E31) V40(E97) a=0.143068, can_bisect=1
F52 V40(E31) V52(E113) a=0.523599, can_bisect=1
F52 V52(E71) V40(E97) a=0, can_bisect=0
F52 V52(E71) V52(E113) a=0.90413, can_bisect=1
F52 V40(E97) V52(E113) a=0, can_bisect=0
F52 best_angle = 0.90413
F55 V52(E113) V52(E77) a=0, can_bisect=0
F55 V52(E113) V40(E31) a=0.523599, can_bisect=1
F55 V52(E113) V52(E114) a=0, can_bisect=0
F55 V52(E77) V40(E31) a=0, can_bisect=0
F55 V52(E77) V52(E114) a=0.90413, can_bisect=1
F55 V40(E31) V52(E114) a=0, can_bisect=0
F55 best_angle = 0.90413
Longest Edge: 2.15653
Looking for shortest saddle...1.4005
Clearing denominators: multiplying by 3
#Field Degree=6 minimal polynomial=(1 0 0 -1 0 0 1)
#Field generator embedding: (0.939692620785908430.34202014332566871
#Params:1
#t1=2.1565272705018663
# Vertices: V15 V16 V36 V40 V52
# UEdges: 
E2 ( V36 V15 F2 F4 ) (-5.555037402781607625001925,0.000000000000000000000000)
E3 ( V15 V52 F2 F7 ) (4.955987196007475503733986,-4.158567028289196443324727)
E4 ( V52 V36 F2 F42 ) (0.599050206774131788201032,4.158567028289196443324727)
E5 ( V52 V36 F40 F4 ) (0.599050206774130789000310,-4.158567028289195555146307)
E9 ( V52 V15 F4 F11 ) (-4.955987196007476391912405,-4.158567028289195555146307)
E11 ( V52 V36 F42 F6 ) (-3.900949793225868766910480,1.560490816935879987426006)
E15 ( V52 V15 F6 F15 ) (-1.123431091835064954409518,6.371294326717481304456214)
E16 ( V15 V36 F6 F14 ) (-2.777518701390803368411753,-4.810803509781601761119418)
E17 ( V16 V52 F7 F47 ) (3.991365074142812385815660,1.312076874242931623371078)
E19 ( V15 V16 F7 F17 ) (0.964622121864663117918326,-5.470643902532128066695805)
E25 ( V36 V52 F40 F10 ) (3.900949793225869210999690,1.560490816935879099247586)
E26 ( V36 V15 F10 F22 ) (2.777518701390802924322543,-4.810803509781600872940999)
E27 ( V15 V52 F10 F23 ) (1.123431091835065842587937,6.371294326717481304456214)
E29 ( V40 V15 F11 F25 ) (-0.964622121864664450185956,-5.470643902532126290338965)
E31 ( V52 V40 F11 F56 ) (-3.991365074142811053548030,1.312076874242931401326473)
E37 ( V36 V52 F38 F14 ) (-3.301899586451737089731751,2.598076211353317344077141)
E39 ( V15 V52 F14 F29 ) (-6.079418287842541346321923,-2.212727298428284417042278)
E41 ( V40 V15 F15 F28 ) (-4.255405533718930044528861,3.570709213853311414510472)
E43 ( V52 V40 F15 F53 ) (3.131974441883864646030133,2.800585112864169889945742)
E48 ( V15 V52 F17 F32 ) (-3.234790905752800149741688,-5.602822200625596771317305)
E49 ( V52 V16 F17 F49 ) (4.199413027617462823570804,0.132178298093468926666105)
E55 ( V16 V52 F47 F20 ) (2.214176277786668922686886,-3.570709213853311414510472)
E56 ( V16 V15 F20 F23 ) (-4.255405533718930044528861,-3.570709213853311414510472)
E57 ( V15 V52 F20 F28 ) (6.469581811505598523126537,-0.000000000000000000000000)
E59 ( V52 V36 F38 F22 ) (3.301899586451738421999380,2.598076211353314679541882)
E63 ( V52 V15 F22 F33 ) (6.079418287842541346321923,-2.212727298428286193399117)
E65 ( V16 V52 F23 F45 ) (-3.131974441883864646030133,2.800585112864169001767323)
E71 ( V40 V52 F25 F54 ) (-4.199413027617463711749224,0.132178298093469925866827)
E72 ( V52 V15 F25 F36 ) (3.234790905752798817474059,-5.602822200625596771317305)
E77 ( V52 V40 F56 F28 ) (-2.214176277786668478597676,-3.570709213853311414510472)
E83 ( V16 V52 F29 F49 ) (-0.859390632258946407517897,-4.112661987107101069227610)
E85 ( V15 V16 F29 F36 ) (-5.220027655583594494714816,1.899934688678815986051518)
E89 ( V52 V40 F53 F32 ) (-1.985236749830794344973128,3.702887511946782339578021)
E94 ( V15 V40 F32 F33 ) (-5.220027655583594494714816,-1.899934688678813987650074)
E97 ( V52 V40 F33 F54 ) (0.859390632258947073651711,-4.112661987107101069227610)
E103 ( V16 V52 F45 F36 ) (1.985236749830795011106943,3.702887511946779675042762)
E107 ( V52 V52 F43 F38 ) (0.000000000000001332267630,5.196152422706632023619022)
E108 ( V52 V52 F43 F40 ) (4.500000000000000000000000,-2.598076211353316011809511)
E109 ( V52 V52 F43 F42 ) (-4.500000000000000000000000,-2.598076211353316011809511)
E110 ( V52 V52 F50 F45 ) (5.117211191714659435092472,0.902302399082610784297742)
E111 ( V52 V52 F50 F47 ) (-1.777188796356143463128774,-4.882786088096243481970760)
E112 ( V52 V52 F50 F49 ) (-3.340022395358515971963698,3.980483689013631476427690)
E113 ( V52 V52 F53 F57 ) (5.117211191714658546914052,-0.902302399082612449632279)
E114 ( V52 V52 F57 F54 ) (3.340022395358515971963698,3.980483689013631032338481)
E115 ( V52 V52 F57 F56 ) (1.777188796356142574950354,-4.882786088096242593792340)
# Faces: 
F2 +E2 +E3 +E4
F4 -E5 +E9 -E2
F6 -E11 +E15 +E16
F7 +E17 -E3 +E19
F10 +E26 +E27 -E25
F11 +E29 -E9 +E31
F14 -E16 +E39 -E37
F15 +E41 -E15 +E43
F17 -E19 +E48 +E49
F20 +E56 +E57 -E55
F22 -E59 +E63 -E26
F23 +E65 -E27 -E56
F25 +E71 +E72 -E29
F28 -E77 -E57 -E41
F29 +E83 -E39 +E85
F32 -E89 -E48 +E94
F33 -E94 -E63 +E97
F36 -E85 -E72 -E103
F38 +E59 +E37 -E107
F40 +E5 +E25 -E108
F42 +E11 -E4 -E109
F43 +E108 +E107 +E109
F45 -E65 +E103 -E110
F47 -E17 +E55 -E111
F49 -E83 -E49 -E112
F50 +E111 +E110 +E112
F53 +E89 -E43 +E113
F54 -E71 -E97 -E114
F56 +E77 -E31 -E115
F57 +E114 -E113 +E115
#UEdges Algebraic 
#E2: (-3 0 0 0 0 0)+(0 -1 -1 0 2 -1)t1
#E3: (0 0 0 0 0 0)+(0 3 0 0 -3 0)t1
#E4: (3 0 0 0 0 0)+(0 -2 1 0 1 1)t1
#E5: (3 0 0 0 0 0)+(0 1 -2 0 -2 1)t1
#E9: (0 0 0 0 0 0)+(0 0 -3 0 0 0)t1
#E11: (0 0 0 -3 0 0)+(0 -2 1 0 1 1)t1
#E15: (0 0 0 0 0 0)+(0 0 0 0 0 3)t1
#E16: (0 0 0 -3 0 0)+(0 -2 1 0 1 -2)t1
#E17: (0 0 0 0 0 3)+(1 1 0 1 -2 0)t1
#E19: (0 0 0 0 0 -3)+(-1 2 0 -1 -1 0)t1
#E25: (3 0 0 -3 0 0)+(0 -1 2 0 2 -1)t1
#E26: (3 0 0 -3 0 0)+(0 -1 2 0 -1 -1)t1
#E27: (0 0 0 0 0 0)+(0 0 0 0 3 0)t1
#E29: (0 0 0 0 -3 0)+(2 0 -2 -1 0 1)t1
#E31: (0 0 0 0 3 0)+(-2 0 -1 1 0 -1)t1
#E37: (0 0 0 3 0 0)+(0 -1 -1 0 -1 2)t1
#E39: (0 0 0 0 0 0)+(0 -3 0 0 0 0)t1
#E41: (0 -3 0 0 3 0)+(-1 0 1 -1 0 1)t1
#E43: (0 3 0 0 -3 0)+(1 0 -1 1 0 2)t1
#E48: (0 0 0 0 0 0)+(0 0 0 -3 0 0)t1
#E49: (0 0 0 0 0 -3)+(-1 2 0 2 -1 0)t1
#E55: (0 0 -3 0 0 0)+(1 1 0 1 -2 0)t1
#E56: (0 0 -3 0 0 0)+(-2 1 0 1 -2 0)t1
#E57: (0 0 0 0 0 0)+(3 0 0 0 0 0)t1
#E59: (-3 0 0 3 0 0)+(0 1 1 0 1 -2)t1
#E63: (0 0 0 0 0 0)+(0 0 3 0 0 -3)t1
#E65: (0 0 -3 0 0 0)+(-2 1 0 1 1 0)t1
#E71: (0 0 0 0 -3 0)+(-1 0 -2 2 0 1)t1
#E72: (0 0 0 0 0 0)+(3 0 0 -3 0 0)t1
#E77: (0 3 0 0 -3 0)+(-2 0 -1 1 0 -1)t1
#E83: (0 0 3 0 0 -3)+(1 -2 0 -2 1 0)t1
#E85: (0 0 -3 0 0 3)+(-1 -1 0 2 -1 0)t1
#E89: (0 -3 0 0 0 0)+(1 0 -1 1 0 2)t1
#E94: (0 -3 0 0 0 0)+(1 0 -1 -2 0 2)t1
#E97: (0 -3 0 0 0 0)+(1 0 2 -2 0 -1)t1
#E103: (0 0 3 0 0 -3)+(-2 1 0 1 1 0)t1
#E107: (-3 0 0 6 0 0)+(0 0 0 0 0 0)t1
#E108: (6 0 0 -3 0 0)+(0 0 0 0 0 0)t1
#E109: (-3 0 0 -3 0 0)+(0 0 0 0 0 0)t1
#E110: (0 0 6 0 0 -3)+(0 0 0 0 0 0)t1
#E111: (0 0 -3 0 0 -3)+(0 0 0 0 0 0)t1
#E112: (0 0 -3 0 0 6)+(0 0 0 0 0 0)t1
#E113: (0 6 0 0 -3 0)+(0 0 0 0 0 0)t1
#E114: (0 3 0 0 3 0)+(0 0 0 0 0 0)t1
#E115: (0 3 0 0 -6 0)+(0 0 0 0 0 0)t1
# File =  perturb = 0 rescale = 1
# vertices: 5
## V15(18) (4 PI) V16(9) (4 PI) V36(9) (4 PI) V40(9) (4 PI) V52(45) (14 PI) 
# edges: 45
## E2(2) E3(2) E4(2) E5(2) E9(2) E11(2) E15(2) E16(2) E17(2) E19(2) E25(2) E26(2) E27(2) E29(2) E31(2) E37(2) E39(2) E41(2) E43(2) E48(2) E49(2) E55(2) E56(2) E57(2) E59(2) E63(2) E65(2) E71(2) E72(2) E77(2) E83(2) E85(2) E89(2) E94(2) E97(2) E103(2) E107(2) E108(2) E109(2) E110(2) E111(2) E112(2) E113(2) E114(2) E115(2) 
# faces: 30
# genus: 6
# area: 320.19
sweeping start V15 depth = 59.6462
File =  depth = 59.6462 follow_depth = 298.231 perturb = 0
Final Report:

 part done:100% weird 0 bad_angle 60 unusual 0 close 33039 reject 0
V15: AaXX V36: BXXb   cylinders |1|
Moduli: |1| Min Area: 0.0097896 Max Area: 0.0097896
    total: 0.84823 0.515662 sym = 2
    raw = 36 short saddle = 29.2227 short cyl = 29.2227 tag #3
V15: AbBa V16: CfDe V36: cEdF V40: GgHh V52: IlJkKjLiMoNnOm   cylinders |1|2.15684|2.17415|2.92923|3.70624|4.80861|5.21038|6.21038|6.96545|
Moduli: |27.3739|23.8014|46.5368|13.4064|21.9116|1|4.01032|6.60384|12.3334| Min Area: 1 Max Area: 1
    total: 0.424115 0.257831 sym = 4
    raw = 36 short saddle = 5.19615 short cyl = 8.31713 tag #4
V15: AXBX V52: aFfGgXXCXXdDeE V16: bXcX   cylinders |1|1.82175|
Moduli: |7.13283|1| Min Area: 0.211884 Max Area: 0.211884
    total: 0.424115 0.257831 sym = 2
    raw = 18 short saddle = 5.55504 short cyl = 35.3324 tag #0
V15: AaXX V16: BXXb V36: CXXc V52: DdXXXXXXXXXXXX   cylinders |1|4.41147|
Moduli: |5.85359|1| Min Area: 0.0728948 Max Area: 0.0728948
    total: 0.424115 0.257831 sym = 2
    raw = 18 short saddle = 50.1977 short cyl = 50.1977 tag #5
V15: AaXX V36: BXXb V40: CXXc V52: DdXXXXXXXXXXXX   cylinders |1|2.87939|
Moduli: |37.9736|1| Min Area: 0.0588941 Max Area: 0.0588941
    total: 0.424115 0.257831 sym = 2
    raw = 18 short saddle = 32.3038 short cyl = 32.3038 tag #7
V15: AXXa V36: BbXX V40: CcXX V52: DXXXXXXXXXXXXd   cylinders |1|4.41147|
Moduli: |5.85359|1| Min Area: 0.0728948 Max Area: 0.0728948
    total: 0.424115 0.257831 sym = 2
    raw = 18 short saddle = 50.1977 short cyl = 50.1977 tag #8
V15: AXXa V16: BbXX V40: CcXX V52: DXXXXXXXXXXXXd   cylinders |1|2.87939|
Moduli: |37.9736|1| Min Area: 0.0588941 Max Area: 0.0588941
    total: 0.424115 0.257831 sym = 2
    raw = 18 short saddle = 32.3038 short cyl = 32.3038 tag #10

total cylinders: 8.90642 5.41445 raw = 189 rejected = 0
