polygon 2 7 5 6 --depth=10 --follow_depth=50 --show_cyls --show_moduli --cyls_only --quiet 
max loc = 1
alpha =  7 beta = 5 gamma = 6 delta =2
a =  2.19911 b = 1.5708 c= 1.88496 d=0.628319
a1_min = -0.314159 a1_max = 1.5708
a1 = 0.970796
angle a check: 4.44089e-16
angle b check: 0
angle c check: 3.14159
angle d check: 2.22045e-16
p = 1 q = 1.77103 p-q = 1.4617
p = (1,0) q = (1,1.4617) r = (-1.69917,2.33871)
Imaginary of t_cx = 0
p_algt = (1 0 0 0 0 0 0 0)+(0 0 0 0 0 0 0 0)t1
r_algt = (0 0 0 0 0 0 0 0)+(0 0 0 0 0 0 0 1)t1
Checking p_alt (0,0)
Checking q_alt (9.99201e-16,-1.11022e-15)
Checking r_alt (1.9984e-15,-8.88178e-16)
Checking p_algt (0,0)
Checking q_algt (9.99201e-16,-1.11022e-15)
Checking r_algt (1.9984e-15,-8.88178e-16)
Number field: min poly (1 0 -1 0 1 0 -1 0 1)
#Field Degree=8 minimal polynomial=(1 0 -1 0 1 0 -1 0 1)
#Field generator embedding: (0.951056516295153530.3090169943749474
#Params:1
#t1=2.890804835709468
# Vertices: V0 V1 V2 V3
# UEdges: 
E0 ( V0 V1 F0 NULL ) (1.000000000000000000000000,0.000000000000000000000000)
E1 ( V1 V2 F0 NULL ) (0.000000000000000888178420,1.461695947078100576987936)
E2 ( V2 V3 F0 NULL ) (-2.699172449685790731166435,0.877014292432136244315188)
E3 ( V3 V0 F0 NULL ) (1.699172449685789620943410,-2.338710239510236821303124)
# Faces: 
F0 +E0 +E1 +E2 +E3
#UEdges Algebraic 
#E0: (1 0 0 0 0 0 0 0)+(0 0 0 0 0 0 0 0)t1
#E1: (3/5 0 -6/5 0 4/5 0 -2/5 0)+(0 0 0 1 0 -1 0 1)t1
#E2: (-8/5 0 6/5 0 -4/5 0 2/5 0)+(0 0 0 -1 0 1 0 0)t1
#E3: (0 0 0 0 0 0 0 0)+(0 0 0 0 0 0 0 -1)t1
F0 V0(E0) V1(E1) a=0, can_bisect=0
F0 V0(E0) V2(E2) a=0.6, can_bisect=1
F0 V0(E0) V3(E3) a=0, can_bisect=0
F0 V1(E1) V2(E2) a=0, can_bisect=0
F0 V1(E1) V3(E3) a=0.228508, can_bisect=1
F0 V2(E2) V3(E3) a=0, can_bisect=0
F0 best_angle = 0.6
In RetriangulateSurface
Removing V1
F41 V54(E5) V72(E31) a=0, can_bisect=0
F41 V54(E5) V54(E11) a=0.970796, can_bisect=1
F41 V54(E5) V2(E4) a=0, can_bisect=0
F41 V72(E31) V54(E11) a=0, can_bisect=0
F41 V72(E31) V2(E4) a=0.6, can_bisect=1
F41 V54(E11) V2(E4) a=0, can_bisect=0
F41 best_angle = 0.970796
Removing V21
F44 V2(E67) V54(E83) a=0, can_bisect=0
F44 V2(E67) V72(E73) a=0.6, can_bisect=1
F44 V2(E67) V54(E17) a=0, can_bisect=0
F44 V54(E83) V72(E73) a=0, can_bisect=0
F44 V54(E83) V54(E17) a=0.970796, can_bisect=1
F44 V72(E73) V54(E17) a=0, can_bisect=0
F44 best_angle = 0.970796
Removing V27
F47 V2(E61) V54(E89) a=0, can_bisect=0
F47 V2(E61) V72(E79) a=0.6, can_bisect=1
F47 V2(E61) V54(E23) a=0, can_bisect=0
F47 V54(E89) V72(E79) a=0, can_bisect=0
F47 V54(E89) V54(E23) a=0.970796, can_bisect=1
F47 V72(E79) V54(E23) a=0, can_bisect=0
F47 best_angle = 0.970796
Removing V38
F50 V54(E95) V2(E49) a=0, can_bisect=0
F50 V54(E95) V54(E101) a=0.970796, can_bisect=1
F50 V54(E95) V72(E37) a=0, can_bisect=0
F50 V2(E49) V54(E101) a=0, can_bisect=0
F50 V2(E49) V72(E37) a=0.6, can_bisect=1
F50 V54(E101) V72(E37) a=0, can_bisect=0
F50 best_angle = 0.970796
Removing V44
F53 V54(E107) V2(E55) a=0, can_bisect=0
F53 V54(E107) V54(E113) a=0.970796, can_bisect=1
F53 V54(E107) V72(E43) a=0, can_bisect=0
F53 V2(E55) V54(E113) a=0, can_bisect=0
F53 V2(E55) V72(E43) a=0.6, can_bisect=1
F53 V54(E113) V72(E43) a=0, can_bisect=0
F53 best_angle = 0.970796
Removing V68
F56 V2(E95) V54(E55) a=0, can_bisect=0
F56 V2(E95) V2(E11) a=0.342478, can_bisect=1
F56 V2(E95) V54(E49) a=0.606687, can_bisect=1
F56 V2(E95) V2(E23) a=0.970796, can_bisect=1
F56 V2(E95) V54(E4) a=1.22832, can_bisect=1
F56 V2(E95) V2(E17) a=0.970796, can_bisect=1
F56 V2(E95) V54(E61) a=0.606687, can_bisect=1
F56 V2(E95) V2(E107) a=0.342478, can_bisect=1
F56 V2(E95) V54(E67) a=0, can_bisect=0
F56 V54(E55) V2(E11) a=0, can_bisect=0
F56 V54(E55) V54(E49) a=0.285841, can_bisect=1
F56 V54(E55) V2(E23) a=0.606687, can_bisect=1
F56 V54(E55) V54(E4) a=0.914159, can_bisect=1
F56 V54(E55) V2(E17) a=1.22832, can_bisect=1
F56 V54(E55) V54(E61) a=0.914159, can_bisect=1
F56 V54(E55) V2(E107) a=0.606687, can_bisect=1
F56 V54(E55) V54(E67) a=0.285841, can_bisect=1
F56 V2(E11) V54(E49) a=0, can_bisect=0
F56 V2(E11) V2(E23) a=0.342478, can_bisect=1
F56 V2(E11) V54(E4) a=0.606687, can_bisect=1
F56 V2(E11) V2(E17) a=0.970796, can_bisect=1
F56 V2(E11) V54(E61) a=1.22832, can_bisect=1
F56 V2(E11) V2(E107) a=0.970796, can_bisect=1
F56 V2(E11) V54(E67) a=0.606687, can_bisect=1
F56 V54(E49) V2(E23) a=0, can_bisect=0
F56 V54(E49) V54(E4) a=0.285841, can_bisect=1
F56 V54(E49) V2(E17) a=0.606687, can_bisect=1
F56 V54(E49) V54(E61) a=0.914159, can_bisect=1
F56 V54(E49) V2(E107) a=1.22832, can_bisect=1
F56 V54(E49) V54(E67) a=0.914159, can_bisect=1
F56 V2(E23) V54(E4) a=0, can_bisect=0
F56 V2(E23) V2(E17) a=0.342478, can_bisect=1
F56 V2(E23) V54(E61) a=0.606687, can_bisect=1
F56 V2(E23) V2(E107) a=0.970796, can_bisect=1
F56 V2(E23) V54(E67) a=1.22832, can_bisect=1
F56 V54(E4) V2(E17) a=0, can_bisect=0
F56 V54(E4) V54(E61) a=0.285841, can_bisect=1
F56 V54(E4) V2(E107) a=0.606687, can_bisect=1
F56 V54(E4) V54(E67) a=0.914159, can_bisect=1
F56 V2(E17) V54(E61) a=0, can_bisect=0
F56 V2(E17) V2(E107) a=0.342478, can_bisect=1
F56 V2(E17) V54(E67) a=0.606687, can_bisect=1
F56 V54(E61) V2(E107) a=0, can_bisect=0
F56 V54(E61) V54(E67) a=0.285841, can_bisect=1
F56 V2(E107) V54(E67) a=0, can_bisect=0
F56 best_angle = 1.22832
F58 V54(E4) V2(E17) a=0, can_bisect=0
F58 V54(E4) V54(E61) a=0.285841, can_bisect=1
F58 V54(E4) V2(E107) a=0.606687, can_bisect=1
F58 V54(E4) V54(E67) a=0.314159, can_bisect=1
F58 V54(E4) V2(E124) a=0, can_bisect=0
F58 V2(E17) V54(E61) a=0, can_bisect=0
F58 V2(E17) V2(E107) a=0.342478, can_bisect=1
F58 V2(E17) V54(E67) a=0.606687, can_bisect=1
F58 V2(E17) V2(E124) a=0.314159, can_bisect=1
F58 V54(E61) V2(E107) a=0, can_bisect=0
F58 V54(E61) V54(E67) a=0.285841, can_bisect=1
F58 V54(E61) V2(E124) a=0.606687, can_bisect=1
F58 V2(E107) V54(E67) a=0, can_bisect=0
F58 V2(E107) V2(E124) a=0.342478, can_bisect=1
F58 V54(E67) V2(E124) a=0, can_bisect=0
F58 best_angle = 0.606687
F60 V2(E107) V54(E67) a=0, can_bisect=0
F60 V2(E107) V2(E124) a=0.342478, can_bisect=1
F60 V2(E107) V54(E125) a=0, can_bisect=0
F60 V54(E67) V2(E124) a=0, can_bisect=0
F60 V54(E67) V54(E125) a=0.307472, can_bisect=1
F60 V2(E124) V54(E125) a=0, can_bisect=0
F60 best_angle = 0.342478
F59 V54(E4) V2(E17) a=0, can_bisect=0
F59 V54(E4) V54(E61) a=0.285841, can_bisect=1
F59 V54(E4) V2(E125) a=0, can_bisect=0
F59 V2(E17) V54(E61) a=0, can_bisect=0
F59 V2(E17) V2(E125) a=0.307472, can_bisect=1
F59 V54(E61) V2(E125) a=0, can_bisect=0
F59 best_angle = 0.307472
F57 V2(E95) V54(E55) a=0, can_bisect=0
F57 V2(E95) V2(E11) a=0.342478, can_bisect=1
F57 V2(E95) V54(E49) a=0.606687, can_bisect=1
F57 V2(E95) V2(E23) a=0.314159, can_bisect=1
F57 V2(E95) V54(E124) a=0, can_bisect=0
F57 V54(E55) V2(E11) a=0, can_bisect=0
F57 V54(E55) V54(E49) a=0.285841, can_bisect=1
F57 V54(E55) V2(E23) a=0.606687, can_bisect=1
F57 V54(E55) V54(E124) a=0.314159, can_bisect=1
F57 V2(E11) V54(E49) a=0, can_bisect=0
F57 V2(E11) V2(E23) a=0.342478, can_bisect=1
F57 V2(E11) V54(E124) a=0.606687, can_bisect=1
F57 V54(E49) V2(E23) a=0, can_bisect=0
F57 V54(E49) V54(E124) a=0.285841, can_bisect=1
F57 V2(E23) V54(E124) a=0, can_bisect=0
F57 best_angle = 0.606687
F66 V54(E49) V2(E23) a=0, can_bisect=0
F66 V54(E49) V54(E124) a=0.285841, can_bisect=1
F66 V54(E49) V2(E128) a=0, can_bisect=0
F66 V2(E23) V54(E124) a=0, can_bisect=0
F66 V2(E23) V2(E128) a=0.314159, can_bisect=1
F66 V54(E124) V2(E128) a=0, can_bisect=0
F66 best_angle = 0.314159
F65 V2(E95) V54(E55) a=0, can_bisect=0
F65 V2(E95) V2(E11) a=0.307472, can_bisect=1
F65 V2(E95) V54(E128) a=0, can_bisect=0
F65 V54(E55) V2(E11) a=0, can_bisect=0
F65 V54(E55) V54(E128) a=0.285841, can_bisect=1
F65 V2(E11) V54(E128) a=0, can_bisect=0
F65 best_angle = 0.307472
Removing V74
F71 V72(E101) V54(E43) a=0, can_bisect=0
F71 V72(E101) V72(E5) a=0.342478, can_bisect=1
F71 V72(E101) V54(E37) a=0.606687, can_bisect=1
F71 V72(E101) V72(E89) a=0.970796, can_bisect=1
F71 V72(E101) V54(E31) a=1.22832, can_bisect=1
F71 V72(E101) V72(E83) a=0.970796, can_bisect=1
F71 V72(E101) V54(E79) a=0.606687, can_bisect=1
F71 V72(E101) V72(E113) a=0.342478, can_bisect=1
F71 V72(E101) V54(E73) a=0, can_bisect=0
F71 V54(E43) V72(E5) a=0, can_bisect=0
F71 V54(E43) V54(E37) a=0.285841, can_bisect=1
F71 V54(E43) V72(E89) a=0.606687, can_bisect=1
F71 V54(E43) V54(E31) a=0.914159, can_bisect=1
F71 V54(E43) V72(E83) a=1.22832, can_bisect=1
F71 V54(E43) V54(E79) a=0.914159, can_bisect=1
F71 V54(E43) V72(E113) a=0.606687, can_bisect=1
F71 V54(E43) V54(E73) a=0.285841, can_bisect=1
F71 V72(E5) V54(E37) a=0, can_bisect=0
F71 V72(E5) V72(E89) a=0.342478, can_bisect=1
F71 V72(E5) V54(E31) a=0.606687, can_bisect=1
F71 V72(E5) V72(E83) a=0.970796, can_bisect=1
F71 V72(E5) V54(E79) a=1.22832, can_bisect=1
F71 V72(E5) V72(E113) a=0.970796, can_bisect=1
F71 V72(E5) V54(E73) a=0.606687, can_bisect=1
F71 V54(E37) V72(E89) a=0, can_bisect=0
F71 V54(E37) V54(E31) a=0.285841, can_bisect=1
F71 V54(E37) V72(E83) a=0.606687, can_bisect=1
F71 V54(E37) V54(E79) a=0.914159, can_bisect=1
F71 V54(E37) V72(E113) a=1.22832, can_bisect=1
F71 V54(E37) V54(E73) a=0.914159, can_bisect=1
F71 V72(E89) V54(E31) a=0, can_bisect=0
F71 V72(E89) V72(E83) a=0.342478, can_bisect=1
F71 V72(E89) V54(E79) a=0.606687, can_bisect=1
F71 V72(E89) V72(E113) a=0.970796, can_bisect=1
F71 V72(E89) V54(E73) a=1.22832, can_bisect=1
F71 V54(E31) V72(E83) a=0, can_bisect=0
F71 V54(E31) V54(E79) a=0.285841, can_bisect=1
F71 V54(E31) V72(E113) a=0.606687, can_bisect=1
F71 V54(E31) V54(E73) a=0.914159, can_bisect=1
F71 V72(E83) V54(E79) a=0, can_bisect=0
F71 V72(E83) V72(E113) a=0.342478, can_bisect=1
F71 V72(E83) V54(E73) a=0.606687, can_bisect=1
F71 V54(E79) V72(E113) a=0, can_bisect=0
F71 V54(E79) V54(E73) a=0.285841, can_bisect=1
F71 V72(E113) V54(E73) a=0, can_bisect=0
F71 best_angle = 1.22832
F73 V54(E31) V72(E83) a=0, can_bisect=0
F73 V54(E31) V54(E79) a=0.285841, can_bisect=1
F73 V54(E31) V72(E113) a=0.606687, can_bisect=1
F73 V54(E31) V54(E73) a=0.314159, can_bisect=1
F73 V54(E31) V72(E131) a=0, can_bisect=0
F73 V72(E83) V54(E79) a=0, can_bisect=0
F73 V72(E83) V72(E113) a=0.342478, can_bisect=1
F73 V72(E83) V54(E73) a=0.606687, can_bisect=1
F73 V72(E83) V72(E131) a=0.314159, can_bisect=1
F73 V54(E79) V72(E113) a=0, can_bisect=0
F73 V54(E79) V54(E73) a=0.285841, can_bisect=1
F73 V54(E79) V72(E131) a=0.606687, can_bisect=1
F73 V72(E113) V54(E73) a=0, can_bisect=0
F73 V72(E113) V72(E131) a=0.342478, can_bisect=1
F73 V54(E73) V72(E131) a=0, can_bisect=0
F73 best_angle = 0.606687
F75 V72(E113) V54(E73) a=0, can_bisect=0
F75 V72(E113) V72(E131) a=0.342478, can_bisect=1
F75 V72(E113) V54(E132) a=0, can_bisect=0
F75 V54(E73) V72(E131) a=0, can_bisect=0
F75 V54(E73) V54(E132) a=0.307472, can_bisect=1
F75 V72(E131) V54(E132) a=0, can_bisect=0
F75 best_angle = 0.342478
F74 V54(E31) V72(E83) a=0, can_bisect=0
F74 V54(E31) V54(E79) a=0.285841, can_bisect=1
F74 V54(E31) V72(E132) a=0, can_bisect=0
F74 V72(E83) V54(E79) a=0, can_bisect=0
F74 V72(E83) V72(E132) a=0.307472, can_bisect=1
F74 V54(E79) V72(E132) a=0, can_bisect=0
F74 best_angle = 0.307472
F72 V72(E101) V54(E43) a=0, can_bisect=0
F72 V72(E101) V72(E5) a=0.342478, can_bisect=1
F72 V72(E101) V54(E37) a=0.606687, can_bisect=1
F72 V72(E101) V72(E89) a=0.314159, can_bisect=1
F72 V72(E101) V54(E131) a=0, can_bisect=0
F72 V54(E43) V72(E5) a=0, can_bisect=0
F72 V54(E43) V54(E37) a=0.285841, can_bisect=1
F72 V54(E43) V72(E89) a=0.606687, can_bisect=1
F72 V54(E43) V54(E131) a=0.314159, can_bisect=1
F72 V72(E5) V54(E37) a=0, can_bisect=0
F72 V72(E5) V72(E89) a=0.342478, can_bisect=1
F72 V72(E5) V54(E131) a=0.606687, can_bisect=1
F72 V54(E37) V72(E89) a=0, can_bisect=0
F72 V54(E37) V54(E131) a=0.285841, can_bisect=1
F72 V72(E89) V54(E131) a=0, can_bisect=0
F72 best_angle = 0.606687
F81 V54(E37) V72(E89) a=0, can_bisect=0
F81 V54(E37) V54(E131) a=0.285841, can_bisect=1
F81 V54(E37) V72(E135) a=0, can_bisect=0
F81 V72(E89) V54(E131) a=0, can_bisect=0
F81 V72(E89) V72(E135) a=0.314159, can_bisect=1
F81 V54(E131) V72(E135) a=0, can_bisect=0
F81 best_angle = 0.314159
F80 V72(E101) V54(E43) a=0, can_bisect=0
F80 V72(E101) V72(E5) a=0.307472, can_bisect=1
F80 V72(E101) V54(E135) a=0, can_bisect=0
F80 V54(E43) V72(E5) a=0, can_bisect=0
F80 V54(E43) V54(E135) a=0.285841, can_bisect=1
F80 V72(E5) V54(E135) a=0, can_bisect=0
F80 best_angle = 0.307472
Extra: Flipping E124
Extra: Flipping E125
Extra: Flipping E128
Extra: Flipping E131
Extra: Flipping E132
Extra: Flipping E135
Longest Edge: 5.39834
Looking for shortest saddle...1.77103
Clearing denominators: multiplying by 5
#Field Degree=8 minimal polynomial=(1 0 -1 0 1 0 -1 0 1)
#Field generator embedding: (0.951056516295153530.3090169943749474
#Params:1
#t1=2.890804835709468
# Vertices: V2 V54 V72
# UEdges: 
E4 ( V54 V2 F89 F43 ) (5.000000000000004440892099,7.308479735390502440850469)
E5 ( V54 V72 F42 F96 ) (4.999999999999994670929482,-7.308479735390502440850469)
E11 ( V54 V2 F43 F90 ) (-4.999999999999994670929482,7.308479735390502440850469)
E17 ( V2 V54 F63 F46 ) (0.250731633266198516984957,8.851610570438200653597960)
E23 ( V2 V54 F89 F49 ) (8.495862248428954544010594,2.496838140195183353142738)
E31 ( V72 V54 F42 F95 ) (5.000000000000004440892099,7.308479735390502440850469)
E37 ( V54 V72 F96 F52 ) (-8.495862248428949214940076,2.496838140195183353142738)
E43 ( V54 V72 F84 F55 ) (-0.250731633266196851650420,8.851610570438200653597960)
E49 ( V54 V2 F90 F51 ) (8.495862248428949214940076,-2.496838140195183353142738)
E55 ( V54 V2 F69 F54 ) (0.250731633266196851650420,-8.851610570438200653597960)
E61 ( V54 V2 F63 F49 ) (-5.405692304679480031381900,7.013727022756349072096782)
E67 ( V2 V54 F46 F61 ) (8.340901577015669587922275,2.973758047513470170741812)
E73 ( V72 V54 F45 F76 ) (-8.340901577015669587922275,-2.973758047513470170741812)
E79 ( V72 V54 F48 F78 ) (-5.405692304679480031381900,7.013727022756349072096782)
E83 ( V72 V54 F78 F45 ) (-0.250731633266198516984957,-8.851610570438200653597960)
E89 ( V72 V54 F95 F48 ) (-8.495862248428954544010594,-2.496838140195183353142738)
E95 ( V54 V2 F51 F69 ) (5.405692304679478255025060,7.013727022756349072096782)
E101 ( V54 V72 F52 F84 ) (-5.405692304679478255025060,-7.013727022756349072096782)
E107 ( V54 V2 F54 F61 ) (8.340901577015669587922275,-2.973758047513468838474182)
E113 ( V54 V72 F55 F76 ) (-8.340901577015669587922275,2.973758047513468838474182)
E119 ( V54 V54 F43 F42 ) (10.000000000000000000000000,0.000000000000000000000000)
E120 ( V54 V54 F46 F45 ) (-8.090169943749472736271855,5.877852522924729150588519)
E121 ( V54 V54 F49 F48 ) (3.090169943749474512628694,9.510565162951532869328730)
E122 ( V54 V54 F52 F51 ) (-3.090169943749470959915016,9.510565162951532869328730)
E123 ( V54 V54 F55 F54 ) (8.090169943749472736271855,5.877852522924731815123778)
E126 ( V2 V2 F87 F61 ) (-16.681803154031339175844550,-0.000000000000001110223025)
E127 ( V2 V2 F88 F63 ) (-5.154960671413282291553060,15.865337593194547949337903)
E129 ( V2 V2 F91 F87 ) (-8.340901577015660706138078,25.670655468780232411063480)
E130 ( V2 V2 F91 F69 ) (-5.154960671413281403374640,-15.865337593194547949337903)
E133 ( V72 V72 F93 F76 ) (16.681803154031339175844550,0.000000000000001110223025)
E134 ( V72 V72 F94 F78 ) (5.154960671413282291553060,-15.865337593194547949337903)
E136 ( V72 V72 F97 F93 ) (8.340901577015660706138078,-25.670655468780232411063480)
E137 ( V72 V72 F97 F84 ) (5.154960671413281403374640,15.865337593194547949337903)
E138 ( V2 V2 F88 F87 ) (-8.340901577015676693349633,-25.670655468780235963777159)
E139 ( V2 V2 F88 F89 ) (13.495862248428958096724273,9.805317875585686238082417)
E140 ( V2 V2 F90 F91 ) (-13.495862248428945662226397,9.805317875585686238082417)
E141 ( V72 V72 F94 F93 ) (8.340901577015676693349633,25.670655468780235963777159)
E142 ( V72 V72 F94 F95 ) (-13.495862248428958096724273,-9.805317875585686238082417)
E143 ( V72 V72 F96 F97 ) (13.495862248428945662226397,-9.805317875585686238082417)
# Faces: 
F42 +E5 +E31 -E119
F43 +E11 -E4 +E119
F45 -E83 +E73 -E120
F46 -E17 +E67 +E120
F48 -E89 +E79 -E121
F49 -E23 -E61 +E121
F51 +E95 -E49 -E122
F52 +E101 -E37 +E122
F54 +E107 -E55 -E123
F55 +E113 -E43 +E123
F61 -E107 -E67 -E126
F63 +E17 +E61 -E127
F69 -E95 +E55 -E130
F76 -E113 -E73 -E133
F78 +E83 -E79 -E134
F84 -E101 +E43 -E137
F87 -E138 +E126 -E129
F88 +E139 +E127 +E138
F89 -E139 +E23 +E4
F90 +E140 -E11 +E49
F91 -E140 +E129 +E130
F93 -E141 +E133 -E136
F94 +E142 +E134 +E141
F95 -E142 +E89 -E31
F96 +E143 -E5 +E37
F97 -E143 +E136 +E137
#UEdges Algebraic 
#E4: (8 0 -6 0 4 0 -2 0)+(0 0 0 5 0 -5 0 5)t1
#E5: (2 0 6 0 -4 0 2 0)+(0 0 0 -5 0 5 0 -5)t1
#E11: (-2 0 -6 0 4 0 -2 0)+(0 0 0 5 0 -5 0 5)t1
#E17: (-8 0 6 0 -4 0 2 0)+(0 5 0 -5 0 5 0 0)t1
#E23: (2 0 -4 0 6 0 2 0)+(0 0 0 5 0 -5 0 0)t1
#E31: (8 0 -6 0 4 0 -2 0)+(0 0 0 5 0 -5 0 5)t1
#E37: (2 0 -4 0 6 0 2 0)+(0 0 0 0 0 -5 0 5)t1
#E43: (2 0 6 0 -4 0 2 0)+(0 -5 0 5 0 0 0 0)t1
#E49: (-2 0 4 0 -6 0 -2 0)+(0 0 0 0 0 5 0 -5)t1
#E55: (-2 0 -6 0 4 0 -2 0)+(0 5 0 -5 0 0 0 0)t1
#E61: (-2 0 4 0 4 0 -2 0)+(0 0 0 -5 0 5 0 0)t1
#E67: (2 0 -4 0 6 0 -8 0)+(0 5 0 -5 0 5 0 0)t1
#E73: (-2 0 4 0 -6 0 8 0)+(0 -5 0 5 0 -5 0 0)t1
#E79: (-2 0 4 0 4 0 -2 0)+(0 0 0 -5 0 5 0 0)t1
#E83: (8 0 -6 0 4 0 -2 0)+(0 -5 0 5 0 -5 0 0)t1
#E89: (-2 0 4 0 -6 0 -2 0)+(0 0 0 -5 0 5 0 0)t1
#E95: (-2 0 4 0 -6 0 8 0)+(0 0 0 0 0 5 0 -5)t1
#E101: (2 0 -4 0 6 0 -8 0)+(0 0 0 0 0 -5 0 5)t1
#E107: (-2 0 4 0 4 0 -2 0)+(0 5 0 -5 0 0 0 0)t1
#E113: (2 0 -4 0 -4 0 2 0)+(0 -5 0 5 0 0 0 0)t1
#E119: (10 0 0 0 0 0 0 0)+(0 0 0 0 0 0 0 0)t1
#E120: (-10 0 10 0 -10 0 10 0)+(0 0 0 0 0 0 0 0)t1
#E121: (0 0 0 0 10 0 0 0)+(0 0 0 0 0 0 0 0)t1
#E122: (0 0 0 0 0 0 10 0)+(0 0 0 0 0 0 0 0)t1
#E123: (0 0 10 0 0 0 0 0)+(0 0 0 0 0 0 0 0)t1
#E126: (0 0 0 0 -10 0 10 0)+(0 -10 0 10 0 -5 0 0)t1
#E127: (-10 0 10 0 0 0 0 0)+(0 5 0 -10 0 10 0 0)t1
#E129: (0 0 0 0 0 0 10 0)+(0 -5 0 10 0 -5 0 5)t1
#E130: (0 0 -10 0 10 0 -10 0)+(0 5 0 -5 0 -5 0 5)t1
#E133: (0 0 0 0 10 0 -10 0)+(0 10 0 -10 0 5 0 0)t1
#E134: (10 0 -10 0 0 0 0 0)+(0 -5 0 10 0 -10 0 0)t1
#E136: (0 0 0 0 0 0 -10 0)+(0 5 0 -10 0 5 0 -5)t1
#E137: (0 0 10 0 -10 0 10 0)+(0 -5 0 5 0 5 0 -5)t1
#E138: (0 0 0 0 -10 0 0 0)+(0 -5 0 0 0 0 0 -5)t1
#E139: (10 0 -10 0 10 0 0 0)+(0 0 0 10 0 -10 0 5)t1
#E140: (0 0 -10 0 10 0 0 0)+(0 0 0 5 0 -10 0 10)t1
#E141: (0 0 0 0 10 0 0 0)+(0 5 0 0 0 0 0 5)t1
#E142: (-10 0 10 0 -10 0 0 0)+(0 0 0 -10 0 10 0 -5)t1
#E143: (0 0 10 0 -10 0 0 0)+(0 0 0 -5 0 10 0 -10)t1
# File =  perturb = 0 rescale = 1
# vertices: 3
## V2(24) (6 PI) V54(30) (14 PI) V72(24) (6 PI) 
# edges: 39
## E4(2) E5(2) E11(2) E17(2) E23(2) E31(2) E37(2) E43(2) E49(2) E55(2) E61(2) E67(2) E73(2) E79(2) E83(2) E89(2) E95(2) E101(2) E107(2) E113(2) E119(2) E120(2) E121(2) E122(2) E123(2) E126(2) E127(2) E129(2) E130(2) E133(2) E134(2) E136(2) E137(2) E138(2) E139(2) E140(2) E141(2) E142(2) E143(2) 
# faces: 26
# genus: 6
# area: 1571.02
sweeping start V2 depth = 79.2722
File =  depth = 79.2722 follow_depth = 396.361 perturb = 0
Final Report:

 part done:100% weird 0 bad_angle 96 unusual 0 close 25910 reject 0
V2: AcBbCa V54: DeEdFjGiHhIgJf V72: KlLkMm   cylinders |1|1|1.61803|1.61803|1.64809|1.64809|2.26613|2.63661|
Moduli: |4.82413|4.82413|1.21314|1.21314|1|1|1.31567|1.47151| Min Area: 1 Max Area: 1
    total: 0.654498 0.397887 sym = 6
    raw = 30 short saddle = 10 short cyl = 26.9917 tag #3
V2: AXXXXa V54: BXXXXXCcXXXXXb V72: DdXXXX   cylinders |1|1|
Moduli: |1|1| Min Area: 0.0392163 Max Area: 0.0392163
    total: 1.309 0.795775 sym = 2
    raw = 20 short saddle = 68.1929 short cyl = 68.1929 tag #1

total cylinders: 9.42478 5.72958 raw = 72 rejected = 0
