polygon 2 8 6 8 --depth=10 --follow_depth=50 --show_cyls --show_moduli --cyls_only --quiet 
max loc = 1
alpha =  8 beta = 6 gamma = 8 delta =2
a =  2.0944 b = 1.5708 c= 2.0944 d=0.523599
a1_min = -0.523599 a1_max = 1.5708
a1 = 0.90413
angle a check: 0
angle b check: 0
angle c check: 3.14159
angle d check: -2.22045e-16
p = 1 q = 1.61716 p-q = 1.2709
p = (1,0) q = (1,1.2709) r = (-1.60063,2.77238)
Imaginary of t_cx = -1.55431e-15
p_algt = (1 0 0 0 0 0 0 0)+(0 0 0 0 0 0 0 0)t1
r_algt = (0 0 0 0 0 0 0 0)+(-1 0 0 0 1 0 0 0)t1
Checking p_alt (0,0)
Checking q_alt (3.33067e-16,-1.77636e-15)
Checking r_alt (0,-4.44089e-16)
Checking p_algt (0,0)
Checking q_algt (3.33067e-16,-1.77636e-15)
Checking r_algt (0,-4.44089e-16)
Number field: min poly (1 0 0 0 -1 0 0 0 1)
#Field Degree=8 minimal polynomial=(1 0 0 0 -1 0 0 0 1)
#Field generator embedding: (0.965925826289068310.25881904510252074
#Params:1
#t1=3.2012663909678238
# Vertices: V0 V1 V2 V3
# UEdges: 
E0 ( V0 V1 F0 NULL ) (1.000000000000000000000000,0.000000000000000000000000)
E1 ( V1 V2 F0 NULL ) (0.000000000000000222044605,1.270901743383348936333732)
E2 ( V2 V3 F0 NULL ) (-2.600633195483911475065497,1.501476275476113286799773)
E3 ( V3 V0 F0 NULL ) (1.600633195483911253020892,-2.772378018859462223133505)
# Faces: 
F0 +E0 +E1 +E2 +E3
#UEdges Algebraic 
#E0: (1 0 0 0 0 0 0 0)+(0 0 0 0 0 0 0 0)t1
#E1: (1/3 0 0 0 -2/3 0 0 0)+(-1/3 0 0 0 2/3 0 0 0)t1
#E2: (-4/3 0 0 0 2/3 0 0 0)+(-2/3 0 0 0 1/3 0 0 0)t1
#E3: (0 0 0 0 0 0 0 0)+(1 0 0 0 -1 0 0 0)t1
F0 V0(E0) V1(E1) a=0, can_bisect=0
F0 V0(E0) V2(E2) a=0.666667, can_bisect=1
F0 V0(E0) V3(E3) a=0, can_bisect=0
F0 V1(E1) V2(E2) a=0, can_bisect=0
F0 V1(E1) V3(E3) a=0.229846, can_bisect=1
F0 V2(E2) V3(E3) a=0, can_bisect=0
F0 best_angle = 0.666667
In RetriangulateSurface
Removing V1
F25 V54(E5) V5(E31) a=0, can_bisect=0
F25 V54(E5) V10(E11) a=0.90413, can_bisect=1
F25 V54(E5) V34(E4) a=0, can_bisect=0
F25 V5(E31) V10(E11) a=0, can_bisect=0
F25 V5(E31) V34(E4) a=0.666667, can_bisect=1
F25 V10(E11) V34(E4) a=0, can_bisect=0
F25 best_angle = 0.90413
Removing V21
F28 V34(E37) V54(E59) a=0, can_bisect=0
F28 V34(E37) V5(E49) a=0.666667, can_bisect=1
F28 V34(E37) V10(E17) a=0, can_bisect=0
F28 V54(E59) V5(E49) a=0, can_bisect=0
F28 V54(E59) V10(E17) a=0.90413, can_bisect=1
F28 V5(E49) V10(E17) a=0, can_bisect=0
F28 best_angle = 0.90413
Removing V27
F31 V5(E43) V10(E65) a=0, can_bisect=0
F31 V5(E43) V34(E55) a=0.666667, can_bisect=1
F31 V5(E43) V54(E23) a=0, can_bisect=0
F31 V10(E65) V34(E55) a=0, can_bisect=0
F31 V10(E65) V54(E23) a=0.90413, can_bisect=1
F31 V34(E55) V54(E23) a=0, can_bisect=0
F31 best_angle = 0.90413
Removing V32
F34 V5(E59) V54(E55) a=0, can_bisect=0
F34 V5(E59) V34(E11) a=0.380531, can_bisect=1
F34 V5(E59) V10(E49) a=0.436821, can_bisect=1
F34 V5(E59) V5(E23) a=0.90413, can_bisect=1
F34 V5(E59) V54(E4) a=0.937031, can_bisect=1
F34 V5(E59) V34(E17) a=1.42773, can_bisect=1
F34 V5(E59) V10(E43) a=0.937031, can_bisect=1
F34 V5(E59) V5(E5) a=0.90413, can_bisect=1
F34 V5(E59) V54(E37) a=0.436821, can_bisect=1
F34 V5(E59) V34(E65) a=0.380531, can_bisect=1
F34 V5(E59) V10(E31) a=0, can_bisect=0
F34 V54(E55) V34(E11) a=0, can_bisect=0
F34 V54(E55) V10(E49) a=0.143068, can_bisect=1
F34 V54(E55) V5(E23) a=0.436821, can_bisect=1
F34 V54(E55) V54(E4) a=0.666667, can_bisect=1
F34 V54(E55) V34(E17) a=0.937031, can_bisect=1
F34 V54(E55) V10(E43) a=1.19027, can_bisect=1
F34 V54(E55) V5(E5) a=0.937031, can_bisect=1
F34 V54(E55) V54(E37) a=0.666667, can_bisect=1
F34 V54(E55) V34(E65) a=0.436821, can_bisect=1
F34 V54(E55) V10(E31) a=0.143068, can_bisect=1
F34 V34(E11) V10(E49) a=0, can_bisect=0
F34 V34(E11) V5(E23) a=0.380531, can_bisect=1
F34 V34(E11) V54(E4) a=0.436821, can_bisect=1
F34 V34(E11) V34(E17) a=0.90413, can_bisect=1
F34 V34(E11) V10(E43) a=0.937031, can_bisect=1
F34 V34(E11) V5(E5) a=1.42773, can_bisect=1
F34 V34(E11) V54(E37) a=0.937031, can_bisect=1
F34 V34(E11) V34(E65) a=0.90413, can_bisect=1
F34 V34(E11) V10(E31) a=0.436821, can_bisect=1
F34 V10(E49) V5(E23) a=0, can_bisect=0
F34 V10(E49) V54(E4) a=0.143068, can_bisect=1
F34 V10(E49) V34(E17) a=0.436821, can_bisect=1
F34 V10(E49) V10(E43) a=0.666667, can_bisect=1
F34 V10(E49) V5(E5) a=0.937031, can_bisect=1
F34 V10(E49) V54(E37) a=1.19027, can_bisect=1
F34 V10(E49) V34(E65) a=0.937031, can_bisect=1
F34 V10(E49) V10(E31) a=0.666667, can_bisect=1
F34 V5(E23) V54(E4) a=0, can_bisect=0
F34 V5(E23) V34(E17) a=0.380531, can_bisect=1
F34 V5(E23) V10(E43) a=0.436821, can_bisect=1
F34 V5(E23) V5(E5) a=0.90413, can_bisect=1
F34 V5(E23) V54(E37) a=0.937031, can_bisect=1
F34 V5(E23) V34(E65) a=1.42773, can_bisect=1
F34 V5(E23) V10(E31) a=0.937031, can_bisect=1
F34 V54(E4) V34(E17) a=0, can_bisect=0
F34 V54(E4) V10(E43) a=0.143068, can_bisect=1
F34 V54(E4) V5(E5) a=0.436821, can_bisect=1
F34 V54(E4) V54(E37) a=0.666667, can_bisect=1
F34 V54(E4) V34(E65) a=0.937031, can_bisect=1
F34 V54(E4) V10(E31) a=1.19027, can_bisect=1
F34 V34(E17) V10(E43) a=0, can_bisect=0
F34 V34(E17) V5(E5) a=0.380531, can_bisect=1
F34 V34(E17) V54(E37) a=0.436821, can_bisect=1
F34 V34(E17) V34(E65) a=0.90413, can_bisect=1
F34 V34(E17) V10(E31) a=0.937031, can_bisect=1
F34 V10(E43) V5(E5) a=0, can_bisect=0
F34 V10(E43) V54(E37) a=0.143068, can_bisect=1
F34 V10(E43) V34(E65) a=0.436821, can_bisect=1
F34 V10(E43) V10(E31) a=0.666667, can_bisect=1
F34 V5(E5) V54(E37) a=0, can_bisect=0
F34 V5(E5) V34(E65) a=0.380531, can_bisect=1
F34 V5(E5) V10(E31) a=0.436821, can_bisect=1
F34 V54(E37) V34(E65) a=0, can_bisect=0
F34 V54(E37) V10(E31) a=0.143068, can_bisect=1
F34 V34(E65) V10(E31) a=0, can_bisect=0
F34 best_angle = 1.42773
F36 V34(E17) V10(E43) a=0, can_bisect=0
F36 V34(E17) V5(E5) a=0.380531, can_bisect=1
F36 V34(E17) V54(E37) a=0.436821, can_bisect=1
F36 V34(E17) V34(E65) a=0.523599, can_bisect=1
F36 V34(E17) V10(E31) a=0.270364, can_bisect=1
F36 V34(E17) V5(E74) a=0, can_bisect=0
F36 V10(E43) V5(E5) a=0, can_bisect=0
F36 V10(E43) V54(E37) a=0.143068, can_bisect=1
F36 V10(E43) V34(E65) a=0.436821, can_bisect=1
F36 V10(E43) V10(E31) a=0.666667, can_bisect=1
F36 V10(E43) V5(E74) a=0.270364, can_bisect=1
F36 V5(E5) V54(E37) a=0, can_bisect=0
F36 V5(E5) V34(E65) a=0.380531, can_bisect=1
F36 V5(E5) V10(E31) a=0.436821, can_bisect=1
F36 V5(E5) V5(E74) a=0.523599, can_bisect=1
F36 V54(E37) V34(E65) a=0, can_bisect=0
F36 V54(E37) V10(E31) a=0.143068, can_bisect=1
F36 V54(E37) V5(E74) a=0.436821, can_bisect=1
F36 V34(E65) V10(E31) a=0, can_bisect=0
F36 V34(E65) V5(E74) a=0.380531, can_bisect=1
F36 V10(E31) V5(E74) a=0, can_bisect=0
F36 best_angle = 0.666667
F38 V10(E31) V5(E74) a=0, can_bisect=0
F38 V10(E31) V34(E17) a=0.270364, can_bisect=1
F38 V10(E31) V10(E75) a=0, can_bisect=0
F38 V5(E74) V34(E17) a=0, can_bisect=0
F38 V5(E74) V10(E75) a=0.270364, can_bisect=1
F38 V34(E17) V10(E75) a=0, can_bisect=0
F38 best_angle = 0.270364
F37 V10(E43) V5(E5) a=0, can_bisect=0
F37 V10(E43) V54(E37) a=0.143068, can_bisect=1
F37 V10(E43) V34(E65) a=0.229846, can_bisect=1
F37 V10(E43) V10(E75) a=0, can_bisect=0
F37 V5(E5) V54(E37) a=0, can_bisect=0
F37 V5(E5) V34(E65) a=0.380531, can_bisect=1
F37 V5(E5) V10(E75) a=0.229846, can_bisect=1
F37 V54(E37) V34(E65) a=0, can_bisect=0
F37 V54(E37) V10(E75) a=0.143068, can_bisect=1
F37 V34(E65) V10(E75) a=0, can_bisect=0
F37 best_angle = 0.380531
F42 V34(E65) V10(E75) a=0, can_bisect=0
F42 V34(E65) V10(E43) a=0.229846, can_bisect=1
F42 V34(E65) V5(E77) a=0, can_bisect=0
F42 V10(E75) V10(E43) a=0, can_bisect=0
F42 V10(E75) V5(E77) a=0.229846, can_bisect=1
F42 V10(E43) V5(E77) a=0, can_bisect=0
F42 best_angle = 0.229846
F35 V5(E59) V54(E55) a=0, can_bisect=0
F35 V5(E59) V34(E11) a=0.380531, can_bisect=1
F35 V5(E59) V10(E49) a=0.436821, can_bisect=1
F35 V5(E59) V5(E23) a=0.523599, can_bisect=1
F35 V5(E59) V54(E4) a=0.270364, can_bisect=1
F35 V5(E59) V34(E74) a=0, can_bisect=0
F35 V54(E55) V34(E11) a=0, can_bisect=0
F35 V54(E55) V10(E49) a=0.143068, can_bisect=1
F35 V54(E55) V5(E23) a=0.436821, can_bisect=1
F35 V54(E55) V54(E4) a=0.666667, can_bisect=1
F35 V54(E55) V34(E74) a=0.270364, can_bisect=1
F35 V34(E11) V10(E49) a=0, can_bisect=0
F35 V34(E11) V5(E23) a=0.380531, can_bisect=1
F35 V34(E11) V54(E4) a=0.436821, can_bisect=1
F35 V34(E11) V34(E74) a=0.523599, can_bisect=1
F35 V10(E49) V5(E23) a=0, can_bisect=0
F35 V10(E49) V54(E4) a=0.143068, can_bisect=1
F35 V10(E49) V34(E74) a=0.436821, can_bisect=1
F35 V5(E23) V54(E4) a=0, can_bisect=0
F35 V5(E23) V34(E74) a=0.380531, can_bisect=1
F35 V54(E4) V34(E74) a=0, can_bisect=0
F35 best_angle = 0.666667
F46 V54(E4) V34(E74) a=0, can_bisect=0
F46 V54(E4) V5(E59) a=0.270364, can_bisect=1
F46 V54(E4) V54(E79) a=0, can_bisect=0
F46 V34(E74) V5(E59) a=0, can_bisect=0
F46 V34(E74) V54(E79) a=0.270364, can_bisect=1
F46 V5(E59) V54(E79) a=0, can_bisect=0
F46 best_angle = 0.270364
F45 V54(E55) V34(E11) a=0, can_bisect=0
F45 V54(E55) V10(E49) a=0.143068, can_bisect=1
F45 V54(E55) V5(E23) a=0.229846, can_bisect=1
F45 V54(E55) V54(E79) a=0, can_bisect=0
F45 V34(E11) V10(E49) a=0, can_bisect=0
F45 V34(E11) V5(E23) a=0.380531, can_bisect=1
F45 V34(E11) V54(E79) a=0.229846, can_bisect=1
F45 V10(E49) V5(E23) a=0, can_bisect=0
F45 V10(E49) V54(E79) a=0.143068, can_bisect=1
F45 V5(E23) V54(E79) a=0, can_bisect=0
F45 best_angle = 0.380531
F50 V5(E23) V54(E79) a=0, can_bisect=0
F50 V5(E23) V54(E55) a=0.229846, can_bisect=1
F50 V5(E23) V34(E81) a=0, can_bisect=0
F50 V54(E79) V54(E55) a=0, can_bisect=0
F50 V54(E79) V34(E81) a=0.229846, can_bisect=1
F50 V54(E55) V34(E81) a=0, can_bisect=0
F50 best_angle = 0.229846
Extra: Flipping E75
Extra: Flipping E76
Extra: Flipping E78
Extra: Flipping E79
Extra: Flipping E80
Extra: Flipping E82
Longest Edge: 6.00591
Looking for shortest saddle...1.61716
Clearing denominators: multiplying by 3
#Field Degree=8 minimal polynomial=(1 0 0 0 -1 0 0 0 1)
#Field generator embedding: (0.965925826289068310.25881904510252074
#Params:1
#t1=3.2012663909678238
# Vertices: V5 V10 V34 V54
# UEdges: 
E4 ( V54 V34 F64 F27 ) (3.000000000000000888178420,3.812705230150046809001196)
E5 ( V54 V5 F26 F41 ) (2.999999999999998223643161,-3.812705230150046809001196)
E11 ( V10 V34 F27 F49 ) (-2.999999999999998223643161,3.812705230150046809001196)
E17 ( V34 V10 F54 F30 ) (1.801899586451736423597936,4.504428826428338972220899)
E23 ( V5 V54 F64 F33 ) (4.801899586451735757464121,0.691723596278292385264308)
E31 ( V5 V10 F26 F58 ) (3.000000000000000888178420,3.812705230150046809001196)
E37 ( V54 V34 F41 F30 ) (-4.801899586451733981107282,0.691723596278292385264308)
E43 ( V10 V5 F54 F33 ) (-1.801899586451734425196491,4.504428826428338972220899)
E49 ( V10 V5 F49 F29 ) (4.801899586451733981107282,-0.691723596278292385264308)
E55 ( V54 V34 F60 F32 ) (1.801899586451734425196491,-4.504428826428338972220899)
E59 ( V5 V54 F60 F29 ) (-1.801899586451736423597936,-4.504428826428338972220899)
E65 ( V34 V10 F58 F32 ) (-4.801899586451735757464121,-0.691723596278292385264308)
E71 ( V54 V10 F27 F26 ) (5.999999999999998223643161,0.000000000000000000000000)
E72 ( V54 V10 F30 F29 ) (-2.999999999999998223643161,5.196152422706632023619022)
E73 ( V10 V54 F33 F32 ) (3.000000000000001332267630,5.196152422706632023619022)
E74 ( V5 V34 F55 F61 ) (15.603799172903466185857724,-9.008857652856676168084959)
E77 ( V5 V34 F57 F41 ) (-7.801899586451733092928862,4.504428826428338972220899)
E81 ( V34 V5 F63 F49 ) (7.801899586451733092928862,-4.504428826428338972220899)
E83 ( V34 V5 F55 F54 ) (0.000000000000002598554567,9.008857652856677944441799)
E84 ( V5 V5 F55 F57 ) (-15.603799172903471514928242,0.000000000000000000000000)
E85 ( V34 V5 F57 F58 ) (-7.801899586451735757464121,-4.504428826428338972220899)
E86 ( V5 V34 F61 F60 ) (-0.000000000000002598554567,-9.008857652856677944441799)
E87 ( V34 V34 F61 F63 ) (15.603799172903471514928242,0.000000000000000000000000)
E88 ( V5 V34 F63 F64 ) (7.801899586451735757464121,4.504428826428338972220899)
# Faces: 
F26 +E5 +E31 -E71
F27 +E11 -E4 +E71
F29 -E59 -E49 -E72
F30 -E17 -E37 +E72
F32 -E65 -E55 -E73
F33 -E23 -E43 +E73
F41 -E5 +E37 -E77
F49 -E11 +E49 -E81
F54 -E83 +E17 +E43
F55 +E84 +E74 +E83
F57 +E85 -E84 +E77
F58 -E85 +E65 -E31
F60 -E86 +E59 +E55
F61 +E87 -E74 +E86
F63 +E88 -E87 +E81
F64 -E88 +E23 +E4
#UEdges Algebraic 
#E4: (4 0 0 0 -2 0 0 0)+(-1 0 0 0 2 0 0 0)t1
#E5: (2 0 0 0 2 0 0 0)+(1 0 0 0 -2 0 0 0)t1
#E11: (-2 0 0 0 -2 0 0 0)+(-1 0 0 0 2 0 0 0)t1
#E17: (-4 0 0 0 2 0 0 0)+(1 0 0 0 1 0 0 0)t1
#E23: (-2 0 0 0 4 0 0 0)+(2 0 0 0 -1 0 0 0)t1
#E31: (4 0 0 0 -2 0 0 0)+(-1 0 0 0 2 0 0 0)t1
#E37: (-2 0 0 0 4 0 0 0)+(-1 0 0 0 -1 0 0 0)t1
#E43: (2 0 0 0 2 0 0 0)+(-2 0 0 0 1 0 0 0)t1
#E49: (2 0 0 0 -4 0 0 0)+(1 0 0 0 1 0 0 0)t1
#E55: (-2 0 0 0 -2 0 0 0)+(2 0 0 0 -1 0 0 0)t1
#E59: (4 0 0 0 -2 0 0 0)+(-1 0 0 0 -1 0 0 0)t1
#E65: (2 0 0 0 -4 0 0 0)+(-2 0 0 0 1 0 0 0)t1
#E71: (6 0 0 0 0 0 0 0)+(0 0 0 0 0 0 0 0)t1
#E72: (-6 0 0 0 6 0 0 0)+(0 0 0 0 0 0 0 0)t1
#E73: (0 0 0 0 6 0 0 0)+(0 0 0 0 0 0 0 0)t1
#E74: (8 0 0 0 -4 0 0 0)+(4 0 0 0 -2 0 0 0)t1
#E77: (-4 0 0 0 2 0 0 0)+(-2 0 0 0 1 0 0 0)t1
#E81: (4 0 0 0 -2 0 0 0)+(2 0 0 0 -1 0 0 0)t1
#E83: (-2 0 0 0 4 0 0 0)+(-1 0 0 0 2 0 0 0)t1
#E84: (-6 0 0 0 0 0 0 0)+(-3 0 0 0 0 0 0 0)t1
#E85: (-2 0 0 0 -2 0 0 0)+(-1 0 0 0 -1 0 0 0)t1
#E86: (2 0 0 0 -4 0 0 0)+(1 0 0 0 -2 0 0 0)t1
#E87: (6 0 0 0 0 0 0 0)+(3 0 0 0 0 0 0 0)t1
#E88: (2 0 0 0 2 0 0 0)+(1 0 0 0 1 0 0 0)t1
# File =  perturb = 0 rescale = 1
# vertices: 4
## V5(15) (4 PI) V10(9) (4 PI) V34(15) (4 PI) V54(9) (4 PI) 
# edges: 24
## E4(2) E5(2) E11(2) E17(2) E23(2) E31(2) E37(2) E43(2) E49(2) E55(2) E59(2) E65(2) E71(2) E72(2) E73(2) E74(2) E77(2) E81(2) E83(2) E84(2) E85(2) E86(2) E87(2) E88(2) 
# faces: 16
# genus: 3
# area: 328.186
sweeping start V5 depth = 60.3864
File =  depth = 60.3864 follow_depth = 301.932 perturb = 0
Final Report:

 part done:100% weird 0 bad_angle 32 unusual 0 close 18167 reject 0
V5: AaXX V10: BXXb V34: CXXc V54: DdXX   cylinders |1|1|
Moduli: |1|1| Min Area: 0.114117 Max Area: 0.369889
    total: 1.41372 0.859437 sym = 2
    raw = 60 short saddle = 31.1407 short cyl = 31.1407 tag #3
V5: AbBa V10: CXXc V34: DdEe V54: FfXX   cylinders |1|1|2|2|
Moduli: |2.5741|2.5741|1|1| Min Area: 0.16799 Max Area: 0.16799
    total: 0.282743 0.171887 sym = 4
    raw = 24 short saddle = 46.3654 short cyl = 46.3654 tag #8
V5: AfBe V34: aEbF V10: CdDc V54: GgHh   cylinders |1|1|1.62475|1.62475|2.62475|
Moduli: |2.70507|2.70507|1|1|1.0306| Min Area: 1 Max Area: 1
    total: 0.153153 0.0931056 sym = 4
    raw = 13 short saddle = 7.62541 short cyl = 16.6343 tag #0
V5: AbBa V10: ChDg V54: cGdH V34: EeFf   cylinders |1|1|1.84643|1.84643|2.84643|
Moduli: |10.1773|10.1773|1|1|3.57547| Min Area: 1 Max Area: 1
    total: 0.141372 0.0859437 sym = 4
    raw = 12 short saddle = 6 short cyl = 15.6038 tag #9
V5: AdXX V54: aXXD V10: BXXc V34: bCXX   cylinders |1|
Moduli: |1| Min Area: 0.209115 Max Area: 0.209115
    total: 0.282743 0.171887 sym = 2
    raw = 12 short saddle = 13.1679 short cyl = 39.5036 tag #10

total cylinders: 6.07898 3.69558 raw = 129 rejected = 0
