polygon 3 6 5 6 --depth=10 --follow_depth=50 --show_cyls --show_moduli --cyls_only --quiet 
max loc = 1
alpha =  6 beta = 5 gamma = 6 delta =3
a =  1.88496 b = 1.5708 c= 1.88496 d=0.942478
a1_min = -0.314159 a1_max = 1.5708
a1 = 0.970796
angle a check: 0
angle b check: 0
angle c check: 3.14159
angle d check: 3.33067e-16
p = 1 q = 1.77103 p-q = 1.4617
p = (1,0) q = (1,1.4617) r = (-0.649026,1.9975)
Imaginary of t_cx = -3.33067e-16
p_algt = (1 0 0 0 0 0 0 0)+(0 0 0 0 0 0 0 0)t1
r_algt = (0 0 0 0 0 0 0 0)+(0 0 0 0 0 0 1 0)t1
Checking p_alt (0,0)
Checking q_alt (3.33067e-16,-1.11022e-15)
Checking r_alt (6.66134e-16,-6.66134e-16)
Checking p_algt (0,0)
Checking q_algt (3.33067e-16,-1.11022e-15)
Checking r_algt (6.66134e-16,-6.66134e-16)
Number field: min poly (1 0 -1 0 1 0 -1 0 1)
#Field Degree=8 minimal polynomial=(1 0 -1 0 1 0 -1 0 1)
#Field generator embedding: (0.951056516295153530.3090169943749474
#Params:1
#t1=2.1002926533064796
# Vertices: V0 V1 V2 V3
# UEdges: 
E0 ( V0 V1 F0 NULL ) (1.000000000000000000000000,0.000000000000000000000000)
E1 ( V1 V2 F0 NULL ) (0.000000000000000222044605,1.461695947078100576987936)
E2 ( V2 V3 F0 NULL ) (-1.649026123032551360836351,0.535801066975864159758203)
E3 ( V3 V0 F0 NULL ) (0.649026123032551249814048,-1.997497014053964736746138)
# Faces: 
F0 +E0 +E1 +E2 +E3
#UEdges Algebraic 
#E0: (1 0 0 0 0 0 0 0)+(0 0 0 0 0 0 0 0)t1
#E1: (3/5 0 -6/5 0 4/5 0 -2/5 0)+(-2/5 0 4/5 0 -1/5 0 3/5 0)t1
#E2: (-8/5 0 6/5 0 -4/5 0 2/5 0)+(2/5 0 -4/5 0 1/5 0 2/5 0)t1
#E3: (0 0 0 0 0 0 0 0)+(0 0 0 0 0 0 -1 0)t1
F0 V0(E0) V1(E1) a=0, can_bisect=0
F0 V0(E0) V2(E2) a=0.6, can_bisect=1
F0 V0(E0) V3(E3) a=0, can_bisect=0
F0 V1(E1) V2(E2) a=0, can_bisect=0
F0 V1(E1) V3(E3) a=0.375966, can_bisect=1
F0 V2(E2) V3(E3) a=0, can_bisect=0
F0 best_angle = 0.6
In RetriangulateSurface
Removing V1
F41 V54(E5) V58(E31) a=0, can_bisect=0
F41 V54(E5) V42(E11) a=0.970796, can_bisect=1
F41 V54(E5) V88(E4) a=0, can_bisect=0
F41 V58(E31) V42(E11) a=0, can_bisect=0
F41 V58(E31) V88(E4) a=0.6, can_bisect=1
F41 V42(E11) V88(E4) a=0, can_bisect=0
F41 best_angle = 0.970796
Removing V21
F44 V88(E37) V54(E71) a=0, can_bisect=0
F44 V88(E37) V58(E49) a=0.6, can_bisect=1
F44 V88(E37) V42(E17) a=0, can_bisect=0
F44 V54(E71) V58(E49) a=0, can_bisect=0
F44 V54(E71) V42(E17) a=0.970796, can_bisect=1
F44 V58(E49) V42(E17) a=0, can_bisect=0
F44 best_angle = 0.970796
Removing V27
F47 V58(E43) V42(E77) a=0, can_bisect=0
F47 V58(E43) V88(E55) a=0.6, can_bisect=1
F47 V58(E43) V54(E23) a=0, can_bisect=0
F47 V42(E77) V88(E55) a=0, can_bisect=0
F47 V42(E77) V54(E23) a=0.970796, can_bisect=1
F47 V88(E55) V54(E23) a=0, can_bisect=0
F47 best_angle = 0.970796
Removing V62
F50 V42(E83) V88(E109) a=0, can_bisect=0
F50 V42(E83) V54(E95) a=0.970796, can_bisect=1
F50 V42(E83) V58(E61) a=0, can_bisect=0
F50 V88(E109) V54(E95) a=0, can_bisect=0
F50 V88(E109) V58(E61) a=0.6, can_bisect=1
F50 V54(E95) V58(E61) a=0, can_bisect=0
F50 best_angle = 0.970796
Removing V68
F53 V42(E89) V88(E115) a=0, can_bisect=0
F53 V42(E89) V54(E101) a=0.970796, can_bisect=1
F53 V42(E89) V58(E67) a=0, can_bisect=0
F53 V88(E115) V54(E101) a=0, can_bisect=0
F53 V88(E115) V58(E67) a=0.6, can_bisect=1
F53 V54(E101) V58(E67) a=0, can_bisect=0
F53 best_angle = 0.970796
Longest Edge: 2.10029
Looking for shortest saddle...1.73389
Clearing denominators: multiplying by 5
#Field Degree=8 minimal polynomial=(1 0 -1 0 1 0 -1 0 1)
#Field generator embedding: (0.951056516295153530.3090169943749474
#Params:1
#t1=2.1002926533064796
# Vertices: V32 V42 V54 V58 V88
# UEdges: 
E2 ( V88 V32 F2 F7 ) (-8.245130615162757692360174,2.679005334879320798791014)
E3 ( V32 V54 F2 F9 ) (3.245130615162756360092544,-9.987485070269823239641482)
E4 ( V54 V88 F2 F43 ) (5.000000000000000888178420,7.308479735390502440850469)
E5 ( V54 V58 F42 F4 ) (4.999999999999998223643161,-7.308479735390502440850469)
E9 ( V54 V32 F4 F13 ) (-3.245130615162760800984643,-9.987485070269825015998322)
E10 ( V32 V58 F4 F15 ) (8.245130615162759468717013,2.679005334879320798791014)
E11 ( V42 V88 F43 F6 ) (-4.999999999999998223643161,7.308479735390502440850469)
E15 ( V42 V32 F6 F17 ) (3.245130615162760800984643,9.987485070269825015998322)
E16 ( V32 V88 F6 F19 ) (-8.245130615162759468717013,-2.679005334879320798791014)
E17 ( V88 V42 F7 F46 ) (0.250731633266200182319494,8.851610570438202429954799)
E18 ( V42 V32 F7 F21 ) (-8.495862248428956320367433,-6.172605235558883407520625)
E23 ( V58 V54 F9 F49 ) (8.340901577015671364279115,-2.973758047513472835277071)
E25 ( V32 V58 F9 F23 ) (-5.095770961852915448275780,-7.013727022756350848453621)
E31 ( V58 V42 F42 F12 ) (5.000000000000000888178420,7.308479735390502440850469)
E32 ( V58 V32 F12 F25 ) (8.245130615162757692360174,-2.679005334879319910612594)
E33 ( V32 V42 F12 F27 ) (-3.245130615162756360092544,9.987485070269823239641482)
E35 ( V88 V32 F13 F29 ) (5.095770961852913671918941,-7.013727022756350848453621)
E37 ( V54 V88 F13 F46 ) (-8.340901577015673140635954,-2.973758047513473279366281)
E42 ( V32 V42 F15 F31 ) (8.495862248428958096724273,-6.172605235558882519342205)
E43 ( V42 V58 F15 F49 ) (-0.250731633266199072096470,8.851610570438202429954799)
E47 ( V58 V32 F17 F33 ) (-5.095770961852913671918941,7.013727022756350848453621)
E49 ( V42 V58 F17 F45 ) (8.340901577015673140635954,2.973758047513473279366281)
E54 ( V32 V54 F19 F35 ) (-8.495862248428958096724273,6.172605235558882519342205)
E55 ( V54 V88 F19 F48 ) (0.250731633266199072096470,-8.851610570438202429954799)
E59 ( V58 V32 F21 F35 ) (-0.000000000000000284311888,-8.669443375754067204752573)
E61 ( V42 V58 F21 F52 ) (-8.495862248428956320367433,2.496838140195182020875109)
E66 ( V32 V42 F23 F29 ) (-10.501463266532397256014519,-0.000000000000000000000000)
E67 ( V42 V58 F23 F55 ) (5.405692304679481807738739,-7.013727022756350848453621)
E71 ( V58 V54 F25 F45 ) (-0.250731633266200182319494,-8.851610570438202429954799)
E72 ( V54 V32 F25 F37 ) (8.495862248428956320367433,6.172605235558883407520625)
E77 ( V88 V42 F27 F48 ) (-8.340901577015671364279115,2.973758047513472835277071)
E79 ( V32 V88 F27 F39 ) (5.095770961852915448275780,7.013727022756350848453621)
E83 ( V88 V42 F29 F51 ) (-5.405692304679484472273998,-7.013727022756350848453621)
E89 ( V88 V42 F31 F54 ) (8.495862248428956320367433,2.496838140195182020875109)
E91 ( V32 V88 F31 F37 ) (-0.000000000000000284311888,-8.669443375754067204752573)
E95 ( V58 V54 F33 F52 ) (5.405692304679484472273998,7.013727022756350848453621)
E96 ( V54 V32 F33 F39 ) (-10.501463266532397256014519,-0.000000000000000000000000)
E101 ( V58 V54 F35 F55 ) (-8.495862248428956320367433,-2.496838140195182020875109)
E109 ( V54 V88 F37 F51 ) (8.495862248428956320367433,-2.496838140195182020875109)
E115 ( V54 V88 F39 F54 ) (-5.405692304679481807738739,7.013727022756350848453621)
E119 ( V54 V42 F43 F42 ) (10.000000000000000000000000,0.000000000000000000000000)
E120 ( V54 V42 F46 F45 ) (-8.090169943749472736271855,5.877852522924729150588519)
E121 ( V42 V54 F49 F48 ) (8.090169943749472736271855,5.877852522924730038766938)
E122 ( V42 V54 F52 F51 ) (-3.090169943749472292182645,9.510565162951532869328730)
E123 ( V42 V54 F55 F54 ) (-3.090169943749475400807114,-9.510565162951532869328730)
# Faces: 
F2 +E2 +E3 +E4
F4 -E5 +E9 +E10
F6 -E11 +E15 +E16
F7 +E17 +E18 -E2
F9 +E23 -E3 +E25
F12 +E32 +E33 -E31
F13 +E35 -E9 +E37
F15 -E10 +E42 +E43
F17 +E47 -E15 +E49
F19 -E16 +E54 +E55
F21 +E59 -E18 +E61
F23 -E25 +E66 +E67
F25 +E71 +E72 -E32
F27 +E77 -E33 +E79
F29 +E83 -E66 -E35
F31 +E89 -E42 +E91
F33 +E95 +E96 -E47
F35 +E101 -E54 -E59
F37 -E91 -E72 +E109
F39 -E79 -E96 +E115
F42 +E5 +E31 -E119
F43 +E11 -E4 +E119
F45 -E71 -E49 -E120
F46 -E17 -E37 +E120
F48 -E77 -E55 -E121
F49 -E23 -E43 +E121
F51 -E83 -E109 -E122
F52 -E95 -E61 +E122
F54 -E89 -E115 -E123
F55 -E101 -E67 +E123
#UEdges Algebraic 
#E2: (-8 0 6 0 -4 0 2 0)+(2 0 -4 0 1 0 2 0)t1
#E3: (0 0 0 0 0 0 0 0)+(0 0 0 0 0 0 -5 0)t1
#E4: (8 0 -6 0 4 0 -2 0)+(-2 0 4 0 -1 0 3 0)t1
#E5: (2 0 6 0 -4 0 2 0)+(2 0 -4 0 1 0 -3 0)t1
#E9: (0 0 0 0 0 0 0 0)+(0 0 0 0 -5 0 0 0)t1
#E10: (2 0 6 0 -4 0 2 0)+(2 0 -4 0 6 0 -3 0)t1
#E11: (-2 0 -6 0 4 0 -2 0)+(-2 0 4 0 -1 0 3 0)t1
#E15: (0 0 0 0 0 0 0 0)+(0 0 0 0 5 0 0 0)t1
#E16: (-2 0 -6 0 4 0 -2 0)+(-2 0 4 0 -6 0 3 0)t1
#E17: (-8 0 6 0 -4 0 2 0)+(2 0 1 0 1 0 2 0)t1
#E18: (0 0 0 0 0 0 0 0)+(0 0 -5 0 0 0 0 0)t1
#E23: (-2 0 4 0 4 0 -2 0)+(3 0 -1 0 -1 0 -2 0)t1
#E25: (2 0 -4 0 -4 0 2 0)+(-3 0 1 0 1 0 -3 0)t1
#E31: (8 0 -6 0 4 0 -2 0)+(-2 0 4 0 -1 0 3 0)t1
#E32: (8 0 -6 0 4 0 -2 0)+(-2 0 4 0 -1 0 -2 0)t1
#E33: (0 0 0 0 0 0 0 0)+(0 0 0 0 0 0 5 0)t1
#E35: (2 0 -4 0 6 0 -8 0)+(2 0 1 0 -4 0 2 0)t1
#E37: (-2 0 4 0 -6 0 8 0)+(-2 0 -1 0 -1 0 -2 0)t1
#E42: (0 0 0 0 0 0 0 0)+(5 0 -5 0 5 0 -5 0)t1
#E43: (2 0 6 0 -4 0 2 0)+(-3 0 1 0 1 0 2 0)t1
#E47: (-2 0 4 0 -6 0 8 0)+(-2 0 -1 0 4 0 -2 0)t1
#E49: (2 0 -4 0 6 0 -8 0)+(2 0 1 0 1 0 2 0)t1
#E54: (0 0 0 0 0 0 0 0)+(-5 0 5 0 -5 0 5 0)t1
#E55: (-2 0 -6 0 4 0 -2 0)+(3 0 -1 0 -1 0 -2 0)t1
#E59: (-2 0 4 0 -6 0 -2 0)+(3 0 -6 0 4 0 -2 0)t1
#E61: (2 0 -4 0 6 0 2 0)+(-3 0 1 0 -4 0 2 0)t1
#E66: (0 0 0 0 0 0 0 0)+(-5 0 0 0 0 0 0 0)t1
#E67: (2 0 -4 0 -4 0 2 0)+(2 0 1 0 1 0 -3 0)t1
#E71: (8 0 -6 0 4 0 -2 0)+(-2 0 -1 0 -1 0 -2 0)t1
#E72: (0 0 0 0 0 0 0 0)+(0 0 5 0 0 0 0 0)t1
#E77: (2 0 -4 0 -4 0 2 0)+(-3 0 1 0 1 0 2 0)t1
#E79: (-2 0 4 0 4 0 -2 0)+(3 0 -1 0 -1 0 3 0)t1
#E83: (2 0 -4 0 6 0 -8 0)+(-3 0 1 0 -4 0 2 0)t1
#E89: (2 0 -4 0 6 0 2 0)+(2 0 1 0 1 0 -3 0)t1
#E91: (-2 0 4 0 -6 0 -2 0)+(3 0 -6 0 4 0 -2 0)t1
#E95: (-2 0 4 0 -6 0 8 0)+(3 0 -1 0 4 0 -2 0)t1
#E96: (0 0 0 0 0 0 0 0)+(-5 0 0 0 0 0 0 0)t1
#E101: (-2 0 4 0 -6 0 -2 0)+(-2 0 -1 0 -1 0 3 0)t1
#E109: (-2 0 4 0 -6 0 -2 0)+(3 0 -1 0 4 0 -2 0)t1
#E115: (-2 0 4 0 4 0 -2 0)+(-2 0 -1 0 -1 0 3 0)t1
#E119: (10 0 0 0 0 0 0 0)+(0 0 0 0 0 0 0 0)t1
#E120: (-10 0 10 0 -10 0 10 0)+(0 0 0 0 0 0 0 0)t1
#E121: (0 0 10 0 0 0 0 0)+(0 0 0 0 0 0 0 0)t1
#E122: (0 0 0 0 0 0 10 0)+(0 0 0 0 0 0 0 0)t1
#E123: (0 0 0 0 -10 0 0 0)+(0 0 0 0 0 0 0 0)t1
# File =  perturb = 0 rescale = 1
# vertices: 5
## V32(20) (6 PI) V42(20) (6 PI) V54(20) (6 PI) V58(15) (6 PI) V88(15) (6 PI) 
# edges: 45
## E2(2) E3(2) E4(2) E5(2) E9(2) E10(2) E11(2) E15(2) E16(2) E17(2) E18(2) E23(2) E25(2) E31(2) E32(2) E33(2) E35(2) E37(2) E42(2) E43(2) E47(2) E49(2) E54(2) E55(2) E59(2) E61(2) E66(2) E67(2) E71(2) E72(2) E77(2) E79(2) E83(2) E89(2) E91(2) E95(2) E96(2) E101(2) E109(2) E115(2) E119(2) E120(2) E121(2) E122(2) E123(2) 
# faces: 30
# genus: 6
# area: 1101.97
sweeping start V32 depth = 66.3918
File =  depth = 66.3918 follow_depth = 331.959 perturb = 0
Final Report:

 part done:100% weird 0 bad_angle 156 unusual 0 close 51875 reject 0
V32: AXXaXX V58: BXXXXb V88: CcXXXX   cylinders |1|
Moduli: |1| Min Area: 0.0343377 Max Area: 0.0343377
    total: 1.309 0.795775 sym = 2
    raw = 20 short saddle = 25.9023 short cyl = 41.9108 tag #6
V32: AbBnCc V58: aKmLoJ V42: DeEdFf V54: GiHhIg V88: jOlMkN   cylinders |1|1|1.0071|1.61803|1.61803|1.61803|1.61803|1.62952|
Moduli: |13.9426|13.9426|10.2519|12.9426|1|12.9426|1|10.2519| Min Area: 1 Max Area: 1
    total: 0.327249 0.198944 sym = 6
    raw = 15 short saddle = 8.66944 short cyl = 51.3413 tag #0
V32: AlBbCa V88: cOkMjN V42: DfEeFd V54: GgHiIh V58: JmKoLn   cylinders |1|1|1.0071|1.61803|1.61803|1.61803|1.61803|1.62952|
Moduli: |13.9426|13.9426|10.2519|12.9426|12.9426|1|1|10.2519| Min Area: 1 Max Area: 1
    total: 0.327249 0.198944 sym = 6
    raw = 15 short saddle = 8.66944 short cyl = 51.3413 tag #7
V32: AhBbCa V42: cEgFiD V54: dIfGeH V58: JlKkLj V88: MnNmOo   cylinders |1|1|1.16195|1.88007|1.88007|1.88007|2.49811|2.49811|
Moduli: |4.04203|4.04203|69.3701|18.2119|18.2119|30.2888|1|1| Min Area: 1 Max Area: 1
    total: 0.327249 0.198944 sym = 6
    raw = 15 short saddle = 10 short cyl = 43.1721 tag #10
V32: AaBcCg V42: bDiEhF V54: dGfHeI V58: JkKjLl V88: MoNnOm   cylinders |1|1|1.16195|1.88007|1.88007|1.88007|2.49811|2.49811|
Moduli: |4.04203|4.04203|69.3701|18.2119|30.2888|18.2119|1|1| Min Area: 1 Max Area: 1
    total: 0.261799 0.159155 sym = 6
    raw = 12 short saddle = 10 short cyl = 43.1721 tag #4
V32: AbBeCc V54: aHdIfG V42: DhEgFi V58: JkKjLl V88: MoNnOm   cylinders |1|1|1.16195|1.88007|1.88007|1.88007|2.49811|2.49811|
Moduli: |4.04203|4.04203|69.3701|30.2888|18.2119|18.2119|1|1| Min Area: 1 Max Area: 1
    total: 0.0654498 0.0397887 sym = 6
    raw = 3 short saddle = 10 short cyl = 43.1721 tag #11

total cylinders: 11.781 7.16197 raw = 90 rejected = 0
