polygon 3 7 4 6 --depth=10 --follow_depth=50 --show_cyls --show_moduli --cyls_only --quiet 
max loc = 1
alpha =  7 beta = 4 gamma = 6 delta =3
a =  2.19911 b = 1.25664 c= 1.88496 d=0.942478
a1_min = 0 a1_max = 1.88496
a1 = 1.28496
angle a check: 0
angle b check: 0
angle c check: 3.14159
angle d check: -1.11022e-16
p = 1 q = 1.68435 p-q = 1.69917
p = (1,0) q = (0.474927,1.61601) r = (-1.1741,1.61601)
Imaginary of t_cx = -5.55112e-16
p_algt = (1 0 0 0 0 0 0 0)+(0 0 0 0 0 0 0 0)t1
r_algt = (0 0 0 0 0 0 0 0)+(0 0 0 0 0 0 0 1)t1
Checking p_alt (0,0)
Checking q_alt (7.21645e-16,-6.66134e-16)
Checking r_alt (8.88178e-16,-8.88178e-16)
Checking p_algt (0,0)
Checking q_algt (7.21645e-16,-6.66134e-16)
Checking r_algt (8.88178e-16,-8.88178e-16)
Number field: min poly (1 0 -1 0 1 0 -1 0 1)
#Field Degree=8 minimal polynomial=(1 0 -1 0 1 0 -1 0 1)
#Field generator embedding: (0.951056516295153530.3090169943749474
#Params:1
#t1=1.9974970140539654
# Vertices: V0 V1 V2 V3
# UEdges: 
E0 ( V0 V1 F0 NULL ) (1.000000000000000000000000,0.000000000000000000000000)
E1 ( V1 V2 F0 NULL ) (-0.525073163326619352098135,1.616009030582870487080527)
E2 ( V2 V3 F0 NULL ) (-1.649026123032551360836351,0.000000000000000222044605)
E3 ( V3 V0 F0 NULL ) (1.174099286359170823956788,-1.616009030582870709125132)
# Faces: 
F0 +E0 +E1 +E2 +E3
#UEdges Algebraic 
#E0: (1 0 0 0 0 0 0 0)+(0 0 0 0 0 0 0 0)t1
#E1: (0 0 0 0 0 0 0 0)+(0 -2/5 0 4/5 0 -1/5 0 3/5)t1
#E2: (-1 0 0 0 0 0 0 0)+(0 2/5 0 -4/5 0 1/5 0 2/5)t1
#E3: (0 0 0 0 0 0 0 0)+(0 0 0 0 0 0 0 -1)t1
F0 V0(E0) V1(E1) a=0, can_bisect=0
F0 V0(E0) V2(E2) a=0.6, can_bisect=1
F0 V0(E0) V3(E3) a=0, can_bisect=0
F0 V1(E1) V2(E2) a=0, can_bisect=0
F0 V1(E1) V3(E3) a=0.303278, can_bisect=1
F0 V2(E2) V3(E3) a=0, can_bisect=0
F0 best_angle = 0.6
In RetriangulateSurface
Longest Edge: 1.9975
Looking for shortest saddle...1
Clearing denominators: multiplying by 5
#Field Degree=8 minimal polynomial=(1 0 -1 0 1 0 -1 0 1)
#Field generator embedding: (0.951056516295153530.3090169943749474
#Params:1
#t1=1.9974970140539654
# Vertices: V1 V36 V40 V44 V52 V87
# UEdges: 
E0 ( V52 V1 F1 F3 ) (5.000000000000000000000000,0.000000000000000000000000)
E1 ( V1 V36 F1 F5 ) (-2.625365816633096649468371,8.080045152914351547224214)
E2 ( V36 V87 F2 F4 ) (-8.245130615162757692360174,0.000000000000001110223025)
E3 ( V87 V52 F2 F7 ) (5.870496431795854341828544,-8.080045152914353323581054)
E4 ( V52 V36 F2 F1 ) (2.374634183366903350531629,8.080045152914351547224214)
E5 ( V52 V36 F3 F4 ) (2.374634183366898909639531,-8.080045152914353323581054)
E6 ( V36 V1 F3 F9 ) (2.625365816633101090360469,8.080045152914353323581054)
E9 ( V52 V87 F4 F11 ) (-5.870496431795858782720643,-8.080045152914353323581054)
E11 ( V52 V36 F5 F6 ) (-6.670450788507833905782718,5.141118891451988304197585)
E13 ( V1 V52 F5 F13 ) (4.045084971874736368135927,2.938926261462365019383469)
E15 ( V52 V87 F6 F15 ) (0.000000000000001663250382,9.987485070269825015998322)
E16 ( V87 V36 F6 F14 ) (-6.670450788507835682139557,-4.846366178817836711800737)
E17 ( V40 V52 F7 F8 ) (8.418381912722313842323274,-0.238459953659144185955654)
E19 ( V87 V40 F7 F17 ) (-2.547885480926459056405520,-7.841585199255209914781517)
E21 ( V40 V44 F8 F19 ) (6.873296940847576586008927,-4.993742535134911619820741)
E22 ( V44 V52 F8 F18 ) (1.545084971874737700403557,4.755282581475767322842785)
E23 ( V52 V1 F9 F21 ) (-4.045084971874737256314347,2.938926261462364575294259)
E25 ( V36 V52 F9 F10 ) (6.670450788507837458496397,5.141118891451989192376004)
E26 ( V36 V87 F10 F22 ) (6.670450788507837458496397,-4.846366178817834935443898)
E27 ( V87 V52 F10 F23 ) (0.000000000000001663250382,9.987485070269825015998322)
E29 ( V40 V87 F11 F25 ) (2.547885480926454615513421,-7.841585199255209026603097)
E31 ( V52 V40 F11 F12 ) (-8.418381912722313842323274,-0.238459953659145296178679)
E32 ( V52 V44 F12 F26 ) (-1.545084971874735924046718,4.755282581475766434664365)
E33 ( V44 V40 F12 F27 ) (-6.873296940847577474187347,-4.993742535134911619820741)
E36 ( V1 V36 F13 F29 ) (6.873296940847576586008927,-4.993742535134911619820741)
E37 ( V36 V52 F13 F14 ) (-2.828211968972839773783789,7.932668796597276639204210)
E39 ( V87 V52 F14 F25 ) (-9.498662757480675011834137,3.086302617779441259671103)
E41 ( V40 V87 F15 F28 ) (-6.670450788507837458496397,4.846366178817834935443898)
E43 ( V52 V40 F15 F16 ) (6.670450788507837458496397,5.141118891451989192376004)
E44 ( V52 V44 F16 F27 ) (4.045084971874737256314347,-2.938926261462364575294259)
E45 ( V44 V40 F16 F31 ) (2.625365816633101090360469,8.080045152914353323581054)
E48 ( V87 V52 F17 F22 ) (-9.498662757480678564547816,-3.086302617779442147849522)
E49 ( V52 V40 F17 F18 ) (6.950777276554218175874666,-4.755282581475767322842785)
E51 ( V44 V40 F18 F26 ) (8.495862248428956320367433,-0.000000000000000000000000)
E53 ( V52 V44 F19 F24 ) (4.045084971874736368135927,2.938926261462365019383469)
E55 ( V40 V52 F19 F20 ) (2.828211968972839773783789,-7.932668796597276639204210)
E56 ( V40 V87 F20 F23 ) (-6.670450788507835682139557,-4.846366178817836711800737)
E57 ( V87 V52 F20 F33 ) (9.498662757480675011834137,-3.086302617779441259671103)
E59 ( V52 V36 F21 F22 ) (2.828211968972840217872999,7.932668796597276639204210)
E60 ( V36 V1 F21 F35 ) (-6.873296940847577474187347,-4.993742535134911619820741)
E65 ( V40 V52 F23 F24 ) (-6.670450788507833905782718,5.141118891451988304197585)
E69 ( V40 V44 F24 F37 ) (-2.625365816633096649468371,8.080045152914351547224214)
E71 ( V40 V52 F25 F26 ) (-6.950777276554219952231506,-4.755282581475766434664365)
E77 ( V52 V40 F27 F28 ) (-2.828211968972840217872999,-7.932668796597276639204210)
E81 ( V52 V87 F28 F39 ) (-9.498662757480678564547816,-3.086302617779442147849522)
E83 ( V52 V36 F29 F30 ) (8.418381912722313842323274,-0.238459953659144185955654)
E85 ( V1 V52 F29 F40 ) (-1.545084971874737700403557,-4.755282581475767322842785)
E87 ( V52 V87 F30 F38 ) (5.870496431795854341828544,-8.080045152914353323581054)
E88 ( V87 V36 F30 F39 ) (2.547885480926459056405520,7.841585199255209914781517)
E89 ( V52 V40 F31 F32 ) (-2.374634183366898909639531,8.080045152914353323581054)
E91 ( V44 V52 F31 F37 ) (5.000000000000000000000000,-0.000000000000000000000000)
E93 ( V52 V87 F32 F36 ) (5.870496431795858782720643,8.080045152914353323581054)
E94 ( V87 V40 F32 F38 ) (-8.245130615162757692360174,0.000000000000000554416794)
E95 ( V36 V52 F33 F34 ) (6.950777276554219952231506,4.755282581475766434664365)
E97 ( V87 V36 F33 F36 ) (2.547885480926454615513421,-7.841585199255209026603097)
E99 ( V36 V1 F34 F40 ) (8.495862248428956320367433,-0.000000000000000000000000)
E100 ( V1 V52 F34 F35 ) (-1.545084971874735924046718,4.755282581475766434664365)
E103 ( V36 V52 F35 F36 ) (-8.418381912722313842323274,-0.238459953659145296178679)
E109 ( V40 V52 F37 F38 ) (2.374634183366903350531629,8.080045152914351547224214)
E115 ( V52 V36 F39 F40 ) (-6.950777276554218175874666,4.755282581475767322842785)
# Faces: 
F1 +E0 +E1 -E4
F2 +E2 +E3 +E4
F3 +E5 +E6 -E0
F4 -E5 +E9 -E2
F5 +E11 -E1 +E13
F6 -E11 +E15 +E16
F7 +E17 -E3 +E19
F8 -E17 +E21 +E22
F9 +E23 -E6 +E25
F10 +E26 +E27 -E25
F11 +E29 -E9 +E31
F12 +E32 +E33 -E31
F13 -E13 +E36 +E37
F14 -E16 +E39 -E37
F15 +E41 -E15 +E43
F16 +E44 +E45 -E43
F17 -E19 +E48 +E49
F18 -E22 +E51 -E49
F19 +E53 -E21 +E55
F20 +E56 +E57 -E55
F21 +E59 +E60 -E23
F22 -E59 -E48 -E26
F23 +E65 -E27 -E56
F24 -E65 +E69 -E53
F25 +E71 -E39 -E29
F26 -E71 -E51 -E32
F27 +E77 -E33 -E44
F28 -E77 +E81 -E41
F29 +E83 -E36 +E85
F30 -E83 +E87 +E88
F31 +E89 -E45 +E91
F32 -E89 +E93 +E94
F33 +E95 -E57 +E97
F34 -E95 +E99 +E100
F35 -E100 -E60 +E103
F36 -E97 -E93 -E103
F37 -E91 -E69 +E109
F38 -E94 -E87 -E109
F39 -E88 -E81 +E115
F40 -E85 -E99 -E115
#UEdges Algebraic 
#E0: (5 0 0 0 0 0 0 0)+(0 0 0 0 0 0 0 0)t1
#E1: (0 0 0 0 0 0 0 0)+(0 -2 0 4 0 -1 0 3)t1
#E2: (-5 0 0 0 0 0 0 0)+(0 2 0 -4 0 1 0 2)t1
#E3: (0 0 0 0 0 0 0 0)+(0 0 0 0 0 0 0 -5)t1
#E4: (5 0 0 0 0 0 0 0)+(0 -2 0 4 0 -1 0 3)t1
#E5: (5 0 0 0 0 0 0 0)+(0 -2 0 -1 0 -1 0 -2)t1
#E6: (0 0 0 0 0 0 0 0)+(0 2 0 1 0 1 0 2)t1
#E9: (0 0 0 0 0 0 0 0)+(0 0 0 -5 0 0 0 0)t1
#E11: (0 0 -5 0 0 0 0 0)+(0 -2 0 4 0 -1 0 3)t1
#E13: (0 0 5 0 0 0 0 0)+(0 0 0 0 0 0 0 0)t1
#E15: (0 0 0 0 0 0 0 0)+(0 0 0 0 0 5 0 0)t1
#E16: (0 0 -5 0 0 0 0 0)+(0 -2 0 4 0 -6 0 3)t1
#E17: (0 0 0 0 5 0 0 0)+(0 3 0 -1 0 -1 0 -2)t1
#E19: (0 0 0 0 -5 0 0 0)+(0 -3 0 1 0 1 0 -3)t1
#E21: (0 0 0 0 0 0 0 0)+(0 3 0 -1 0 -1 0 -2)t1
#E22: (0 0 0 0 5 0 0 0)+(0 0 0 0 0 0 0 0)t1
#E23: (-5 0 5 0 -5 0 5 0)+(0 0 0 0 0 0 0 0)t1
#E25: (5 0 -5 0 5 0 -5 0)+(0 2 0 1 0 1 0 2)t1
#E26: (5 0 -5 0 5 0 -5 0)+(0 2 0 1 0 -4 0 2)t1
#E27: (0 0 0 0 0 0 0 0)+(0 0 0 0 0 5 0 0)t1
#E29: (0 0 0 0 0 0 -5 0)+(0 3 0 -6 0 4 0 -2)t1
#E31: (0 0 0 0 0 0 5 0)+(0 -3 0 1 0 -4 0 2)t1
#E32: (0 0 0 0 0 0 5 0)+(0 0 0 0 0 0 0 0)t1
#E33: (0 0 0 0 0 0 0 0)+(0 -3 0 1 0 -4 0 2)t1
#E36: (0 0 0 0 0 0 0 0)+(0 3 0 -1 0 -1 0 -2)t1
#E37: (0 0 5 0 0 0 0 0)+(0 -3 0 1 0 1 0 2)t1
#E39: (0 0 0 0 0 0 0 0)+(0 -5 0 5 0 -5 0 5)t1
#E41: (-5 0 5 0 -5 0 5 0)+(0 -2 0 -1 0 4 0 -2)t1
#E43: (5 0 -5 0 5 0 -5 0)+(0 2 0 1 0 1 0 2)t1
#E44: (5 0 -5 0 5 0 -5 0)+(0 0 0 0 0 0 0 0)t1
#E45: (0 0 0 0 0 0 0 0)+(0 2 0 1 0 1 0 2)t1
#E48: (0 0 0 0 0 0 0 0)+(0 -5 0 0 0 0 0 0)t1
#E49: (0 0 0 0 -5 0 0 0)+(0 2 0 1 0 1 0 -3)t1
#E51: (0 0 0 0 0 0 0 0)+(0 2 0 1 0 1 0 -3)t1
#E53: (0 0 5 0 0 0 0 0)+(0 0 0 0 0 0 0 0)t1
#E55: (0 0 -5 0 0 0 0 0)+(0 3 0 -1 0 -1 0 -2)t1
#E56: (0 0 -5 0 0 0 0 0)+(0 -2 0 4 0 -6 0 3)t1
#E57: (0 0 0 0 0 0 0 0)+(0 5 0 -5 0 5 0 -5)t1
#E59: (-5 0 5 0 -5 0 5 0)+(0 3 0 -1 0 4 0 -2)t1
#E60: (0 0 0 0 0 0 0 0)+(0 -3 0 1 0 -4 0 2)t1
#E65: (0 0 -5 0 0 0 0 0)+(0 -2 0 4 0 -1 0 3)t1
#E69: (0 0 0 0 0 0 0 0)+(0 -2 0 4 0 -1 0 3)t1
#E71: (0 0 0 0 0 0 -5 0)+(0 -2 0 -1 0 -1 0 3)t1
#E77: (5 0 -5 0 5 0 -5 0)+(0 -3 0 1 0 -4 0 2)t1
#E81: (0 0 0 0 0 0 0 0)+(0 -5 0 0 0 0 0 0)t1
#E83: (0 0 0 0 5 0 0 0)+(0 3 0 -1 0 -1 0 -2)t1
#E85: (0 0 0 0 -5 0 0 0)+(0 0 0 0 0 0 0 0)t1
#E87: (0 0 0 0 0 0 0 0)+(0 0 0 0 0 0 0 -5)t1
#E88: (0 0 0 0 5 0 0 0)+(0 3 0 -1 0 -1 0 3)t1
#E89: (-5 0 0 0 0 0 0 0)+(0 2 0 1 0 1 0 2)t1
#E91: (5 0 0 0 0 0 0 0)+(0 0 0 0 0 0 0 0)t1
#E93: (0 0 0 0 0 0 0 0)+(0 0 0 5 0 0 0 0)t1
#E94: (-5 0 0 0 0 0 0 0)+(0 2 0 -4 0 1 0 2)t1
#E95: (0 0 0 0 0 0 5 0)+(0 2 0 1 0 1 0 -3)t1
#E97: (0 0 0 0 0 0 -5 0)+(0 3 0 -6 0 4 0 -2)t1
#E99: (0 0 0 0 0 0 0 0)+(0 2 0 1 0 1 0 -3)t1
#E100: (0 0 0 0 0 0 5 0)+(0 0 0 0 0 0 0 0)t1
#E103: (0 0 0 0 0 0 5 0)+(0 -3 0 1 0 -4 0 2)t1
#E109: (5 0 0 0 0 0 0 0)+(0 -2 0 4 0 -1 0 3)t1
#E115: (0 0 0 0 5 0 0 0)+(0 -2 0 -1 0 -1 0 3)t1
# File =  perturb = 0 rescale = 1
# vertices: 6
## V1(10) (4 PI) V36(20) (6 PI) V40(20) (6 PI) V44(10) (4 PI) V52(40) (14 PI) V87(20) (6 PI) 
# edges: 60
## E0(2) E1(2) E2(2) E3(2) E4(2) E5(2) E6(2) E9(2) E11(2) E13(2) E15(2) E16(2) E17(2) E19(2) E21(2) E22(2) E23(2) E25(2) E26(2) E27(2) E29(2) E31(2) E32(2) E33(2) E36(2) E37(2) E39(2) E41(2) E43(2) E44(2) E45(2) E48(2) E49(2) E51(2) E53(2) E55(2) E56(2) E57(2) E59(2) E60(2) E65(2) E69(2) E71(2) E77(2) E81(2) E83(2) E85(2) E87(2) E88(2) E89(2) E91(2) E93(2) E94(2) E95(2) E97(2) E99(2) E100(2) E103(2) E109(2) E115(2) 
# faces: 40
# genus: 8
# area: 1070.21
sweeping start V1 depth = 65.4282
File =  depth = 65.4282 follow_depth = 327.141 perturb = 0
Final Report:

 part done:100% weird 0 bad_angle 290 unusual 0 close 26441 reject 0
V1: AbBa V36: CdDcEe V40: FhGgHf V44: IiJj V52: KkLqMpNoOnPsQl V87: mRrStT   cylinders |1|1|1.58852|1.58852|2.54077|2.54077|2.57028|2.57028|4.1588|4.1588|5.72909|5.72909|
Moduli: |21.5228|21.5228|8.81577|8.81577|1|1|9.25785|9.25785|3.26297|3.26297|4.03084|4.03084| Min Area: 1 Max Area: 1
    total: 0.654498 0.397887 sym = 4
    raw = 20 short saddle = 9.51057 short cyl = 16.1601 tag #4
V1: AaXX V44: BXXb V52: CcXdDXXeEXFfXX V87: GgXhHX   cylinders |1|1|1.61803|1.61803|
Moduli: |12.69|12.69|1|1| Min Area: 0.253 Max Area: 0.253
    total: 1.309 0.795775 sym = 2
    raw = 20 short saddle = 54.9599 short cyl = 54.9599 tag #6

total cylinders: 19.635 11.9366 raw = 150 rejected = 0
